Archive member included to satisfy reference by file (symbol)

app/libapp.a(main.c.obj)      (--whole-archive)
zephyr/libzephyr.a(validate_libc.c.obj)
                              (--whole-archive)
zephyr/libzephyr.a(heap.c.obj)
                              (--whole-archive)
zephyr/libzephyr.a(cbprintf_packaged.c.obj)
                              (--whole-archive)
zephyr/libzephyr.a(clock.c.obj)
                              (--whole-archive)
zephyr/libzephyr.a(printk.c.obj)
                              (--whole-archive)
zephyr/libzephyr.a(sem.c.obj)
                              (--whole-archive)
zephyr/libzephyr.a(thread_entry.c.obj)
                              (--whole-archive)
zephyr/libzephyr.a(cbprintf_complete.c.obj)
                              (--whole-archive)
zephyr/libzephyr.a(assert.c.obj)
                              (--whole-archive)
zephyr/libzephyr.a(dec.c.obj)
                              (--whole-archive)
zephyr/libzephyr.a(hex.c.obj)
                              (--whole-archive)
zephyr/libzephyr.a(rb.c.obj)  (--whole-archive)
zephyr/libzephyr.a(timeutil.c.obj)
                              (--whole-archive)
zephyr/libzephyr.a(bitarray.c.obj)
                              (--whole-archive)
zephyr/libzephyr.a(bitmask.c.obj)
                              (--whole-archive)
zephyr/libzephyr.a(ring_buffer.c.obj)
                              (--whole-archive)
zephyr/libzephyr.a(last_section_id.c.obj)
                              (--whole-archive)
zephyr/libzephyr.a(configs.c.obj)
                              (--whole-archive)
zephyr/libzephyr.a(stm32cube_hal.c.obj)
                              (--whole-archive)
zephyr/libzephyr.a(soc_config.c.obj)
                              (--whole-archive)
zephyr/libzephyr.a(stm32_backup_domain.c.obj)
                              (--whole-archive)
zephyr/libzephyr.a(soc.c.obj)
                              (--whole-archive)
zephyr/libzephyr.a(mem_attr.c.obj)
                              (--whole-archive)
zephyr/libzephyr.a(tracing_none.c.obj)
                              (--whole-archive)
zephyr/arch/common/libarch__common.a(sw_isr_common.c.obj)
                              (--whole-archive)
zephyr/arch/common/libarch__common.a(init.c.obj)
                              (--whole-archive)
zephyr/arch/common/libarch__common.a(xip.c.obj)
                              (--whole-archive)
zephyr/arch/arch/arm/core/libarch__arm__core.a(fatal.c.obj)
                              (--whole-archive)
zephyr/arch/arch/arm/core/libarch__arm__core.a(nmi.c.obj)
                              (--whole-archive)
zephyr/arch/arch/arm/core/libarch__arm__core.a(nmi_on_reset.S.obj)
                              (--whole-archive)
zephyr/arch/arch/arm/core/libarch__arm__core.a(tls.c.obj)
                              (--whole-archive)
zephyr/arch/arch/arm/core/cortex_m/libarch__arm__core__cortex_m.a(exc_exit.c.obj)
                              (--whole-archive)
zephyr/arch/arch/arm/core/cortex_m/libarch__arm__core__cortex_m.a(fault.c.obj)
                              (--whole-archive)
zephyr/arch/arch/arm/core/cortex_m/libarch__arm__core__cortex_m.a(fault_s.S.obj)
                              (--whole-archive)
zephyr/arch/arch/arm/core/cortex_m/libarch__arm__core__cortex_m.a(fpu.c.obj)
                              (--whole-archive)
zephyr/arch/arch/arm/core/cortex_m/libarch__arm__core__cortex_m.a(reset.S.obj)
                              (--whole-archive)
zephyr/arch/arch/arm/core/cortex_m/libarch__arm__core__cortex_m.a(scb.c.obj)
                              (--whole-archive)
zephyr/arch/arch/arm/core/cortex_m/libarch__arm__core__cortex_m.a(thread_abort.c.obj)
                              (--whole-archive)
zephyr/arch/arch/arm/core/cortex_m/libarch__arm__core__cortex_m.a(vector_table.S.obj)
                              (--whole-archive)
zephyr/arch/arch/arm/core/cortex_m/libarch__arm__core__cortex_m.a(swap_helper.S.obj)
                              (--whole-archive)
zephyr/arch/arch/arm/core/cortex_m/libarch__arm__core__cortex_m.a(irq_manage.c.obj)
                              (--whole-archive)
zephyr/arch/arch/arm/core/cortex_m/libarch__arm__core__cortex_m.a(prep_c.c.obj)
                              (--whole-archive)
zephyr/arch/arch/arm/core/cortex_m/libarch__arm__core__cortex_m.a(thread.c.obj)
                              (--whole-archive)
zephyr/arch/arch/arm/core/cortex_m/libarch__arm__core__cortex_m.a(cpu_idle.c.obj)
                              (--whole-archive)
zephyr/arch/arch/arm/core/cortex_m/libarch__arm__core__cortex_m.a(irq_init.c.obj)
                              (--whole-archive)
zephyr/arch/arch/arm/core/cortex_m/libarch__arm__core__cortex_m.a(isr_wrapper.c.obj)
                              (--whole-archive)
zephyr/arch/arch/arm/core/cortex_m/libarch__arm__core__cortex_m.a(__aeabi_read_tp.S.obj)
                              (--whole-archive)
zephyr/arch/arch/arm/core/mpu/libarch__arm__core__mpu.a(arm_core_mpu.c.obj)
[...]
Memory Configuration

Name             Origin             Length             Attributes
FLASH            0x0000000008000000 0x0000000000020000 xr
RAM              0x0000000020000000 0x0000000000009000 xw
IDT_LIST         0x00000000ffff7fff 0x0000000000008000 xw
*default*        0x0000000000000000 0xffffffffffffffff

Linker script and memory map

                0x00000000080024f8                vfprintf = __l_vfprintf
                0x0000000000000000                vfscanf = __l_vfscanf
LOAD zephyr/CMakeFiles/zephyr_pre0.dir/misc/empty_file.c.obj
LOAD zephyr/CMakeFiles/offsets.dir/./arch/arm/core/offsets/offsets.c.obj
LOAD app/libapp.a
LOAD zephyr/libzephyr.a
LOAD zephyr/arch/common/libarch__common.a
LOAD zephyr/arch/arch/arm/core/libarch__arm__core.a
LOAD zephyr/arch/arch/arm/core/cortex_m/libarch__arm__core__cortex_m.a
LOAD zephyr/arch/arch/arm/core/mpu/libarch__arm__core__mpu.a
LOAD zephyr/lib/libc/picolibc/liblib__libc__picolibc.a
LOAD zephyr/lib/libc/common/liblib__libc__common.a
LOAD zephyr/drivers/interrupt_controller/libdrivers__interrupt_controller.a
LOAD zephyr/drivers/clock_control/libdrivers__clock_control.a
LOAD zephyr/drivers/console/libdrivers__console.a
LOAD zephyr/drivers/gpio/libdrivers__gpio.a
LOAD zephyr/drivers/pinctrl/libdrivers__pinctrl.a
LOAD zephyr/drivers/reset/libdrivers__reset.a
LOAD zephyr/drivers/serial/libdrivers__serial.a
LOAD zephyr/drivers/timer/libdrivers__timer.a
LOAD modules/hal_stm32/stm32cube/lib..__modules__hal__stm32__stm32cube.a
LOAD zephyr/kernel/libkernel.a
LOAD zephyr/arch/common/libisr_tables.a
LOAD c:\users\lince\zephyr_project\zephyrproject\zephyr\zephyr-sdk-0.17.4\arm-zephyr-eabi\bin\../lib/gcc/../../picolibc/arm-zephyr-eabi/lib/thumb/v6-m/nofp\libc.a
LOAD c:/users/lince/zephyr_project/zephyrproject/zephyr/zephyr-sdk-0.17.4/arm-zephyr-eabi/bin/../lib/gcc/arm-zephyr-eabi/12.2.0/thumb/v6-m/nofp\libgcc.a
                0x0000000000000100                _region_min_align = 0x100

.rel.plt        0x0000000008000000        0x0
 *(SORT_BY_ALIGNMENT(.rel.plt))
                [!provide]                        PROVIDE (__rel_iplt_start = .)
 *(SORT_BY_ALIGNMENT(.rel.iplt))
 .rel.iplt      0x0000000008000000        0x0 app/libapp.a(main.c.obj)
                [!provide]                        PROVIDE (__rel_iplt_end = .)

.rela.plt       0x0000000000000000        0x0
 *(SORT_BY_ALIGNMENT(.rela.plt))
                [!provide]                        PROVIDE (__rela_iplt_start = .)
 *(SORT_BY_ALIGNMENT(.rela.iplt))
                [!provide]                        PROVIDE (__rela_iplt_end = .)

.rel.dyn
 *(SORT_BY_ALIGNMENT(.rel.*))

.rela.dyn
 *(SORT_BY_ALIGNMENT(.rela.*))

/DISCARD/
 *(SORT_BY_ALIGNMENT(.plt))

/DISCARD/
 *(SORT_BY_ALIGNMENT(.iplt))
                0x0000000008000000                __rom_region_start = 0x8000000

rom_start       0x0000000008000000       0xbc
                0x0000000008000000                __rom_start_address = .
 FILL mask 0x00
                0x0000000008000000                . = (. + (0x0 - (. - __rom_start_address)))
                0x0000000008000000                . = ALIGN (0x4)
                0x0000000008000000                . = ALIGN (0x100)
                0x0000000008000000                . = ALIGN (0x100)
                0x0000000008000000                _vector_start = .
 *(SORT_BY_ALIGNMENT(.exc_vector_table))
 *(SORT_BY_ALIGNMENT(.exc_vector_table.*))
 .exc_vector_table._vector_table_section
                0x0000000008000000       0x40 zephyr/arch/arch/arm/core/cortex_m/libarch__arm__core__cortex_m.a(vector_table.S.obj)
                0x0000000008000000                _vector_table
 *(SORT_BY_ALIGNMENT(.vectors))
                0x00000000080000bc                _vector_end = .
                0x0000000008000040                . = ALIGN (0x4)
 *(SORT_BY_ALIGNMENT(.gnu.linkonce.irq_vector_table*))
 .gnu.linkonce.irq_vector_table
                0x0000000008000040       0x7c zephyr/arch/common/libisr_tables.a(isr_tables.c.obj)
                0x0000000008000040                _irq_vector_table
                0x00000000080000bc                _vector_end = .

text            0x00000000080000bc     0x321c
                0x00000000080000bc                __text_region_start = .
 *(SORT_BY_ALIGNMENT(.text))
 .text          0x00000000080000bc       0x14 c:/users/lince/zephyr_project/zephyrproject/zephyr/zephyr-sdk-0.17.4/arm-zephyr-eabi/bin/../lib/gcc/arm-zephyr-eabi/12.2.0/thumb/v6-m/nofp\libgcc.a(_thumb1_case_uqi.o)
                0x00000000080000bc                __gnu_thumb1_case_uqi
 .text          0x00000000080000d0       0x8c c:/users/lince/zephyr_project/zephyrproject/zephyr/zephyr-sdk-0.17.4/arm-zephyr-eabi/bin/../lib/gcc/arm-zephyr-eabi/12.2.0/thumb/v6-m/nofp\libgcc.a(_udivsi3.o)
                0x00000000080000d0                __aeabi_uidiv
                0x00000000080000d0                __udivsi3
                0x0000000008000148                __aeabi_uidivmod
 .text          0x000000000800015c        0x4 c:/users/lince/zephyr_project/zephyrproject/zephyr/zephyr-sdk-0.17.4/arm-zephyr-eabi/bin/../lib/gcc/arm-zephyr-eabi/12.2.0/thumb/v6-m/nofp\libgcc.a(_dvmd_tls.o)
                0x000000000800015c                __aeabi_idiv0
                0x000000000800015c                __aeabi_ldiv0
 .text          0x0000000008000160       0x3c c:/users/lince/zephyr_project/zephyrproject/zephyr/zephyr-sdk-0.17.4/arm-zephyr-eabi/bin/../lib/gcc/arm-zephyr-eabi/12.2.0/thumb/v6-m/nofp\libgcc.a(_clzsi2.o)
                0x0000000008000160                __clzsi2
 *(SORT_BY_ALIGNMENT(.text.*))
 .text.main     0x000000000800019c       0x2c app/libapp.a(main.c.obj)
                0x000000000800019c                main
 .text.char_out
                0x00000000080001c8       0x10 zephyr/libzephyr.a(printk.c.obj)
 .text.__printk_hook_install
                0x00000000080001d8        0xc zephyr/libzephyr.a(printk.c.obj)
                0x00000000080001d8                __printk_hook_install
 .text.vprintk  0x00000000080001e4       0x30 zephyr/libzephyr.a(printk.c.obj)
                0x00000000080001e4                vprintk
 .text.z_thread_entry
                0x0000000008000214       0x30 zephyr/libzephyr.a(thread_entry.c.obj)
                0x0000000008000214                z_thread_entry
 .text.st_stm32_common_config
                0x0000000008000244       0x3c zephyr/libzephyr.a(soc_config.c.obj)
 .text.soc_early_init_hook
                0x0000000008000280       0x54 zephyr/libzephyr.a(soc.c.obj)
                0x0000000008000280                soc_early_init_hook
 .text.mem_attr_get_regions
                0x00000000080002d4        0xc zephyr/libzephyr.a(mem_attr.c.obj)
                0x00000000080002d4                mem_attr_get_regions
 .text.arch_bss_zero
                0x00000000080002e0       0x18 zephyr/arch/common/libarch__common.a(init.c.obj)
                0x00000000080002e0                arch_bss_zero
 .text.arch_data_copy
                0x00000000080002f8       0x34 zephyr/arch/common/libarch__common.a(xip.c.obj)
                0x00000000080002f8                arch_data_copy
 .text.z_arm_fatal_error
                0x000000000800032c       0x60 zephyr/arch/arch/arm/core/libarch__arm__core.a(fatal.c.obj)
                0x000000000800032c                z_arm_fatal_error
 .text.z_SysNmiOnReset
                0x000000000800038c        0x4 zephyr/arch/arch/arm/core/libarch__arm__core.a(nmi_on_reset.S.obj)
                0x000000000800038c                z_SysNmiOnReset
 .text.arch_tls_stack_setup
                0x0000000008000390       0x38 zephyr/arch/arch/arm/core/libarch__arm__core.a(tls.c.obj)
                0x0000000008000390                arch_tls_stack_setup
 .text._HandlerModeExit
                0x00000000080003c8       0x20 zephyr/arch/arch/arm/core/cortex_m/libarch__arm__core__cortex_m.a(exc_exit.c.obj)
                0x00000000080003c8                z_arm_int_exit
                0x00000000080003c8                z_arm_exc_exit
 .text.z_arm_fault
                0x00000000080003e8       0xec zephyr/arch/arch/arm/core/cortex_m/libarch__arm__core__cortex_m.a(fault.c.obj)
                0x00000000080003e8                z_arm_fault
 .text.z_arm_fault_init
                0x00000000080004d4       0x10 zephyr/arch/arch/arm/core/cortex_m/libarch__arm__core__cortex_m.a(fault.c.obj)
                0x00000000080004d4                z_arm_fault_init
 .text.__fault  0x00000000080004e4       0x14 zephyr/arch/arch/arm/core/cortex_m/libarch__arm__core__cortex_m.a(fault_s.S.obj)
                0x00000000080004e4                z_arm_hard_fault
                0x00000000080004e4                z_arm_exc_spurious
 .text._reset_section
                0x00000000080004f8       0x34 zephyr/arch/arch/arm/core/cortex_m/libarch__arm__core__cortex_m.a(reset.S.obj)
                0x00000000080004f8                __start
                0x00000000080004f8                z_arm_reset
 .text.z_impl_k_thread_abort
                0x000000000800052c       0x38 zephyr/arch/arch/arm/core/cortex_m/libarch__arm__core__cortex_m.a(thread_abort.c.obj)
                0x000000000800052c                z_impl_k_thread_abort
 .text.z_arm_pendsv
                0x0000000008000564       0x70 zephyr/arch/arch/arm/core/cortex_m/libarch__arm__core__cortex_m.a(swap_helper.S.obj)
                0x0000000008000564                z_arm_pendsv
 .text.z_arm_svc
                0x00000000080005d4       0x28 zephyr/arch/arch/arm/core/cortex_m/libarch__arm__core__cortex_m.a(swap_helper.S.obj)
                0x00000000080005d4                z_arm_svc
 .text.arm_irq_enable
                0x00000000080005fc       0x18 zephyr/arch/arch/arm/core/cortex_m/libarch__arm__core__cortex_m.a(irq_manage.c.obj)
                0x00000000080005fc                arm_irq_enable
 .text.arm_irq_priority_set
                0x0000000008000614       0x54 zephyr/arch/arch/arm/core/cortex_m/libarch__arm__core__cortex_m.a(irq_manage.c.obj)
                0x0000000008000614                arm_irq_priority_set
 .text.relocate_vector_table
                0x0000000008000668       0x1c zephyr/arch/arch/arm/core/cortex_m/libarch__arm__core__cortex_m.a(prep_c.c.obj)
                0x0000000008000668                relocate_vector_table
 .text.arch_new_thread
                0x0000000008000684       0x2c zephyr/arch/arch/arm/core/cortex_m/libarch__arm__core__cortex_m.a(thread.c.obj)
                0x0000000008000684                arch_new_thread
 .text.arch_switch_to_main_thread
                0x00000000080006b0       0x38 zephyr/arch/arch/arm/core/cortex_m/libarch__arm__core__cortex_m.a(thread.c.obj)
                0x00000000080006b0                arch_switch_to_main_thread
 .text.z_arm_cpu_idle_init
                0x00000000080006e8        0xc zephyr/arch/arch/arm/core/cortex_m/libarch__arm__core__cortex_m.a(cpu_idle.c.obj)
                0x00000000080006e8                z_arm_cpu_idle_init
 .text.z_arm_interrupt_init
                0x00000000080006f4       0x30 zephyr/arch/arch/arm/core/cortex_m/libarch__arm__core__cortex_m.a(irq_init.c.obj)
                0x00000000080006f4                z_arm_interrupt_init
 .text._isr_wrapper
                0x0000000008000724       0x20 zephyr/arch/arch/arm/core/cortex_m/libarch__arm__core__cortex_m.a(isr_wrapper.c.obj)
                0x0000000008000724                _isr_wrapper
 .text.z_arm_configure_static_mpu_regions
                0x0000000008000744       0x1c zephyr/arch/arch/arm/core/mpu/libarch__arm__core__mpu.a(arm_core_mpu.c.obj)
                0x0000000008000744                z_arm_configure_static_mpu_regions
 .text.region_init
                0x0000000008000760       0x24 zephyr/arch/arch/arm/core/mpu/libarch__arm__core__mpu.a(arm_mpu.c.obj)
 .text.mpu_configure_regions
                0x0000000008000784       0x74 zephyr/arch/arch/arm/core/mpu/libarch__arm__core__mpu.a(arm_mpu.c.obj)
 .text.arm_core_mpu_enable
                0x00000000080007f8       0x14 zephyr/arch/arch/arm/core/mpu/libarch__arm__core__mpu.a(arm_mpu.c.obj)
                0x00000000080007f8                arm_core_mpu_enable
 .text.arm_core_mpu_disable
                0x000000000800080c       0x10 zephyr/arch/arch/arm/core/mpu/libarch__arm__core__mpu.a(arm_mpu.c.obj)
                0x000000000800080c                arm_core_mpu_disable
 .text.arm_core_mpu_configure_static_mpu_regions
                0x000000000800081c       0x14 zephyr/arch/arch/arm/core/mpu/libarch__arm__core__mpu.a(arm_mpu.c.obj)
                0x000000000800081c                arm_core_mpu_configure_static_mpu_regions
 .text.z_arm_mpu_init
                0x0000000008000830      0x154 zephyr/arch/arch/arm/core/mpu/libarch__arm__core__mpu.a(arm_mpu.c.obj)
                0x0000000008000830                z_arm_mpu_init
 .text.z_impl_zephyr_fputc
                0x0000000008000984       0x10 zephyr/lib/libc/picolibc/liblib__libc__picolibc.a(stdio.c.obj)
                0x0000000008000984                z_impl_zephyr_fputc
 .text.__stdout_hook_install
                0x0000000008000994       0x18 zephyr/lib/libc/picolibc/liblib__libc__picolibc.a(stdio.c.obj)
                0x0000000008000994                __stdout_hook_install
 .text.malloc_prepare
                0x00000000080009ac       0x24 zephyr/lib/libc/common/liblib__libc__common.a(malloc.c.obj)
 .text.stm32_intc_gpio_isr
                0x00000000080009d0       0x48 zephyr/drivers/interrupt_controller/libdrivers__interrupt_controller.a(intc_gpio_stm32.c.obj)
 .text.stm32_exti_gpio_intc_init
                0x0000000008000a18       0x40 zephyr/drivers/interrupt_controller/libdrivers__interrupt_controller.a(intc_gpio_stm32.c.obj)
 .text.stm32_gpio_intc_enable_line
                0x0000000008000a58       0x30 zephyr/drivers/interrupt_controller/libdrivers__interrupt_controller.a(intc_gpio_stm32.c.obj)
                0x0000000008000a58                stm32_gpio_intc_enable_line
 .text.stm32_gpio_intc_disable_line
                0x0000000008000a88       0x10 zephyr/drivers/interrupt_controller/libdrivers__interrupt_controller.a(intc_gpio_stm32.c.obj)
                0x0000000008000a88                stm32_gpio_intc_disable_line
 .text.stm32_gpio_intc_select_line_trigger
                0x0000000008000a98       0x48 zephyr/drivers/interrupt_controller/libdrivers__interrupt_controller.a(intc_gpio_stm32.c.obj)
                0x0000000008000a98                stm32_gpio_intc_select_line_trigger
 .text.stm32_gpio_intc_set_irq_callback
                0x0000000008000ae0       0x40 zephyr/drivers/interrupt_controller/libdrivers__interrupt_controller.a(intc_gpio_stm32.c.obj)
                0x0000000008000ae0                stm32_gpio_intc_set_irq_callback
 .text.stm32_gpio_intc_remove_irq_callback
                0x0000000008000b20       0x24 zephyr/drivers/interrupt_controller/libdrivers__interrupt_controller.a(intc_gpio_stm32.c.obj)
                0x0000000008000b20                stm32_gpio_intc_remove_irq_callback
 .text.stm32_exti_set_line_src_port
                0x0000000008000b44       0x30 zephyr/drivers/interrupt_controller/libdrivers__interrupt_controller.a(intc_gpio_stm32.c.obj)
                0x0000000008000b44                stm32_exti_set_line_src_port
 .text.stm32_exti_get_line_src_port
                0x0000000008000b74       0x28 zephyr/drivers/interrupt_controller/libdrivers__interrupt_controller.a(intc_gpio_stm32.c.obj)
                0x0000000008000b74                stm32_exti_get_line_src_port
 .text.stm32_exti_init
                0x0000000008000b9c       0x34 zephyr/drivers/interrupt_controller/libdrivers__interrupt_controller.a(intc_exti_stm32.c.obj)
 .text.stm32_exti_is_pending
                0x0000000008000bd0       0x2c zephyr/drivers/interrupt_controller/libdrivers__interrupt_controller.a(intc_exti_stm32.c.obj)
                0x0000000008000bd0                stm32_exti_is_pending
 .text.stm32_exti_clear_pending
                0x0000000008000bfc       0x20 zephyr/drivers/interrupt_controller/libdrivers__interrupt_controller.a(intc_exti_stm32.c.obj)
                0x0000000008000bfc                stm32_exti_clear_pending
 .text.LL_RCC_HSI_IsReady
                0x0000000008000c1c       0x10 zephyr/drivers/clock_control/libdrivers__clock_control.a(clock_stm32_ll_common.c.obj)
 .text.stm32_clock_control_on
                0x0000000008000c2c       0x40 zephyr/drivers/clock_control/libdrivers__clock_control.a(clock_stm32_ll_common.c.obj)
 .text.stm32_clock_control_off
                0x0000000008000c6c       0x30 zephyr/drivers/clock_control/libdrivers__clock_control.a(clock_stm32_ll_common.c.obj)
 .text.stm32_clock_control_get_subsys_rate
                0x0000000008000c9c       0x90 zephyr/drivers/clock_control/libdrivers__clock_control.a(clock_stm32_ll_common.c.obj)
 .text.enabled_clock
                0x0000000008000d2c       0x1c zephyr/drivers/clock_control/libdrivers__clock_control.a(clock_stm32_ll_common.c.obj)
                0x0000000008000d2c                enabled_clock
 .text.stm32_clock_control_configure
                0x0000000008000d48       0x50 zephyr/drivers/clock_control/libdrivers__clock_control.a(clock_stm32_ll_common.c.obj)
 .text.stm32_clock_control_get_status
                0x0000000008000d98       0x34 zephyr/drivers/clock_control/libdrivers__clock_control.a(clock_stm32_ll_common.c.obj)
 .text.stm32_clock_control_init
                0x0000000008000dcc      0x15c zephyr/drivers/clock_control/libdrivers__clock_control.a(clock_stm32_ll_common.c.obj)
                0x0000000008000dcc                stm32_clock_control_init
 .text.get_pllsrc_frequency
                0x0000000008000f28        0x8 zephyr/drivers/clock_control/libdrivers__clock_control.a(clock_stm32g0_u0.c.obj)
                0x0000000008000f28                get_pllsrc_frequency
 .text.config_pll_sysclock
                0x0000000008000f30       0x28 zephyr/drivers/clock_control/libdrivers__clock_control.a(clock_stm32g0_u0.c.obj)
                0x0000000008000f30                config_pll_sysclock
 .text.config_enable_default_clocks
                0x0000000008000f58       0x20 zephyr/drivers/clock_control/libdrivers__clock_control.a(clock_stm32g0_u0.c.obj)
                0x0000000008000f58                config_enable_default_clocks
 .text.uart_console_init
                0x0000000008000f78       0x2c zephyr/drivers/console/libdrivers__console.a(uart_console.c.obj)
 .text.console_out
                0x0000000008000fa4       0x28 zephyr/drivers/console/libdrivers__console.a(uart_console.c.obj)
 .text.gpio_stm32_pin_interrupt_configure
                0x0000000008000fcc       0xb0 zephyr/drivers/gpio/libdrivers__gpio.a(gpio_stm32.c.obj)
 .text.gpio_stm32_init
                0x000000000800107c       0x3c zephyr/drivers/gpio/libdrivers__gpio.a(gpio_stm32.c.obj)
 .text.pinctrl_configure_pins
                0x00000000080010b8       0x8c zephyr/drivers/pinctrl/libdrivers__pinctrl.a(pinctrl_stm32.c.obj)
                0x00000000080010b8                pinctrl_configure_pins
 .text.uart_stm32_irq_err_enable
                0x0000000008001144       0x4c zephyr/drivers/serial/libdrivers__serial.a(uart_stm32.c.obj)
 .text.uart_stm32_irq_err_disable
                0x0000000008001190       0x50 zephyr/drivers/serial/libdrivers__serial.a(uart_stm32.c.obj)
 .text.uart_stm32_set_baudrate
                0x00000000080011e0       0x50 zephyr/drivers/serial/libdrivers__serial.a(uart_stm32.c.obj)
 .text.uart_stm32_parameters_set
                0x0000000008001230      0x168 zephyr/drivers/serial/libdrivers__serial.a(uart_stm32.c.obj)
 .text.uart_stm32_init
                0x0000000008001398      0x19c zephyr/drivers/serial/libdrivers__serial.a(uart_stm32.c.obj)
 .text.uart_stm32_configure
                0x0000000008001534      0x15c zephyr/drivers/serial/libdrivers__serial.a(uart_stm32.c.obj)
 .text.uart_stm32_config_get
                0x0000000008001690       0xa4 zephyr/drivers/serial/libdrivers__serial.a(uart_stm32.c.obj)
 .text.uart_stm32_fifo_fill
                0x0000000008001734       0x5c zephyr/drivers/serial/libdrivers__serial.a(uart_stm32.c.obj)
 .text.uart_stm32_fifo_read
                0x0000000008001790       0x4c zephyr/drivers/serial/libdrivers__serial.a(uart_stm32.c.obj)
 .text.elapsed  0x00000000080017dc       0x54 zephyr/drivers/timer/libdrivers__timer.a(cortex_m_systick.c.obj)
 .text.sys_clock_driver_init
                0x0000000008001830       0x40 zephyr/drivers/timer/libdrivers__timer.a(cortex_m_systick.c.obj)
 .text.sys_clock_isr
                0x0000000008001870       0x58 zephyr/drivers/timer/libdrivers__timer.a(cortex_m_systick.c.obj)
                0x0000000008001870                sys_clock_isr
 .text.sys_clock_set_timeout
                0x00000000080018c8      0x114 zephyr/drivers/timer/libdrivers__timer.a(cortex_m_systick.c.obj)
                0x00000000080018c8                sys_clock_set_timeout
 .text.sys_clock_elapsed
                0x00000000080019dc       0x34 zephyr/drivers/timer/libdrivers__timer.a(cortex_m_systick.c.obj)
                0x00000000080019dc                sys_clock_elapsed
 .text.HAL_RCC_GetSysClockFreq
                0x0000000008001a10       0x88 modules/hal_stm32/stm32cube/lib..__modules__hal__stm32__stm32cube.a(stm32g0xx_hal_rcc.c.obj)
                0x0000000008001a10                HAL_RCC_GetSysClockFreq
 .text.LL_SetFlashLatency
                0x0000000008001a98       0x50 modules/hal_stm32/stm32cube/lib..__modules__hal__stm32__stm32cube.a(stm32g0xx_ll_utils.c.obj)
                0x0000000008001a98                LL_SetFlashLatency
 .text.z_fatal_error
                0x0000000008001ae8       0x28 zephyr/kernel/libkernel.a(fatal.c.obj)
                0x0000000008001ae8                z_fatal_error
 .text.z_sys_init_run_level
                0x0000000008001b10       0x34 zephyr/kernel/libkernel.a(init.c.obj)
 .text.bg_thread_main
                0x0000000008001b44       0xa8 zephyr/kernel/libkernel.a(init.c.obj)
 .text.z_init_cpu
                0x0000000008001bec       0x68 zephyr/kernel/libkernel.a(init.c.obj)
                0x0000000008001bec                z_init_cpu
 .text.z_cstart
                0x0000000008001c54       0xb8 zephyr/kernel/libkernel.a(init.c.obj)
                0x0000000008001c54                z_cstart
 .text.z_setup_new_thread
                0x0000000008001d0c       0x80 zephyr/kernel/libkernel.a(thread.c.obj)
                0x0000000008001d0c                z_setup_new_thread
 .text.z_dummy_thread_init
                0x0000000008001d8c       0x18 zephyr/kernel/libkernel.a(thread.c.obj)
                0x0000000008001d8c                z_dummy_thread_init
 .text.z_swap_irqlock
                0x0000000008001da4       0x2c zephyr/kernel/libkernel.a(sched.c.obj)
 .text.ready_thread
                0x0000000008001dd0       0x8c zephyr/kernel/libkernel.a(sched.c.obj)
 .text.move_thread_to_end_of_prio_q
                0x0000000008001e5c       0x98 zephyr/kernel/libkernel.a(sched.c.obj)
                0x0000000008001e5c                move_thread_to_end_of_prio_q
 .text.z_reschedule
                0x0000000008001ef4       0x2c zephyr/kernel/libkernel.a(sched.c.obj)
                0x0000000008001ef4                z_reschedule
 .text.z_reschedule_irqlock
                0x0000000008001f20       0x2c zephyr/kernel/libkernel.a(sched.c.obj)
                0x0000000008001f20                z_reschedule_irqlock
 .text.k_sched_lock
                0x0000000008001f4c       0x20 zephyr/kernel/libkernel.a(sched.c.obj)
                0x0000000008001f4c                k_sched_lock
 .text.k_sched_unlock
                0x0000000008001f6c       0x60 zephyr/kernel/libkernel.a(sched.c.obj)
                0x0000000008001f6c                k_sched_unlock
 .text.z_sched_init
                0x0000000008001fcc       0x14 zephyr/kernel/libkernel.a(sched.c.obj)
                0x0000000008001fcc                z_sched_init
 .text.z_impl_k_wakeup
                0x0000000008001fe0       0x40 zephyr/kernel/libkernel.a(sched.c.obj)
                0x0000000008001fe0                z_impl_k_wakeup
 .text.z_impl_k_sched_current_thread_query
                0x0000000008002020        0xc zephyr/kernel/libkernel.a(sched.c.obj)
                0x0000000008002020                z_impl_k_sched_current_thread_query
 .text.z_thread_abort
                0x000000000800202c      0x12c zephyr/kernel/libkernel.a(sched.c.obj)
                0x000000000800202c                z_thread_abort
 .text.slice_timeout
                0x0000000008002158       0x20 zephyr/kernel/libkernel.a(timeslicing.c.obj)
 .text.thread_is_sliceable
                0x0000000008002178       0x40 zephyr/kernel/libkernel.a(timeslicing.c.obj)
                0x0000000008002178                thread_is_sliceable
 .text.z_reset_time_slice
                0x00000000080021b8       0x4c zephyr/kernel/libkernel.a(timeslicing.c.obj)
                0x00000000080021b8                z_reset_time_slice
 .text.z_time_slice
                0x0000000008002204       0x58 zephyr/kernel/libkernel.a(timeslicing.c.obj)
                0x0000000008002204                z_time_slice
 .text.first    0x000000000800225c       0x10 zephyr/kernel/libkernel.a(timeout.c.obj)
 .text.next_timeout
                0x000000000800226c       0x38 zephyr/kernel/libkernel.a(timeout.c.obj)
 .text.elapsed  0x00000000080022a4       0x18 zephyr/kernel/libkernel.a(timeout.c.obj)
 .text.remove_timeout
                0x00000000080022bc       0x38 zephyr/kernel/libkernel.a(timeout.c.obj)
 .text.z_add_timeout
                0x00000000080022f4      0x120 zephyr/kernel/libkernel.a(timeout.c.obj)
                0x00000000080022f4                z_add_timeout
 .text.sys_clock_announce
                0x0000000008002414       0xd4 zephyr/kernel/libkernel.a(timeout.c.obj)
                0x0000000008002414                sys_clock_announce
 .text.boot_banner
                0x00000000080024e8       0x10 zephyr/kernel/libkernel.a(banner.c.obj)
                0x00000000080024e8                boot_banner
 .text.__l_vfprintf
                0x00000000080024f8      0x4d0 c:\users\lince\zephyr_project\zephyrproject\zephyr\zephyr-sdk-0.17.4\arm-zephyr-eabi\bin\../lib/gcc/../../picolibc/arm-zephyr-eabi/lib/thumb/v6-m/nofp\libc.a(libc_tinystdio_vflprintf.c.o)
                0x00000000080024f8                __l_vfprintf
 .text._OffsetAbsSyms
                0x00000000080029c8        0x2 zephyr/CMakeFiles/offsets.dir/./arch/arm/core/offsets/offsets.c.obj
                0x00000000080029c8                _OffsetAbsSyms
 .text.chunk_size
                0x00000000080029ca        0xa zephyr/libzephyr.a(heap.c.obj)
 .text.free_list_add
                0x00000000080029d4       0x4e zephyr/libzephyr.a(heap.c.obj)
 .text.sys_heap_init
                0x0000000008002a22       0x74 zephyr/libzephyr.a(heap.c.obj)
                0x0000000008002a22                sys_heap_init
 .text.arch_printk_char_out
                0x0000000008002a96        0x4 zephyr/libzephyr.a(printk.c.obj)
                0x0000000008002a96                arch_printk_char_out
 .text.printk   0x0000000008002a9a       0x16 zephyr/libzephyr.a(printk.c.obj)
                0x0000000008002a9a                printk
 .text._ConfigAbsSyms
                0x0000000008002ab0        0x2 zephyr/libzephyr.a(configs.c.obj)
                0x0000000008002ab0                _ConfigAbsSyms
 .text.arch_early_memset
                0x0000000008002ab2        0x8 zephyr/arch/common/libarch__common.a(init.c.obj)
                0x0000000008002ab2                arch_early_memset
 .text.arch_early_memcpy
                0x0000000008002aba        0x8 zephyr/arch/common/libarch__common.a(init.c.obj)
                0x0000000008002aba                arch_early_memcpy
 .text.z_do_kernel_oops
                0x0000000008002ac2        0xc zephyr/arch/arch/arm/core/libarch__arm__core.a(fatal.c.obj)
                0x0000000008002ac2                z_do_kernel_oops
 .text.z_arm_nmi
                0x0000000008002ace        0xc zephyr/arch/arch/arm/core/libarch__arm__core.a(nmi.c.obj)
                0x0000000008002ace                z_arm_nmi
 .text.z_irq_spurious
                0x0000000008002ada        0xc zephyr/arch/arch/arm/core/cortex_m/libarch__arm__core__cortex_m.a(irq_manage.c.obj)
                0x0000000008002ada                z_irq_spurious
 .text.z_prep_c
                0x0000000008002ae6       0x16 zephyr/arch/arch/arm/core/cortex_m/libarch__arm__core__cortex_m.a(prep_c.c.obj)
                0x0000000008002ae6                z_prep_c
 .text.arch_coprocessors_disable
                0x0000000008002afc        0x6 zephyr/arch/arch/arm/core/cortex_m/libarch__arm__core__cortex_m.a(thread.c.obj)
                0x0000000008002afc                arch_coprocessors_disable
 .text.arch_irq_unlock_outlined
                0x0000000008002b02        0xc zephyr/arch/arch/arm/core/cortex_m/libarch__arm__core__cortex_m.a(thread.c.obj)
                0x0000000008002b02                arch_irq_unlock_outlined
 .text.arch_cpu_idle
                0x0000000008002b0e        0xe zephyr/arch/arch/arm/core/cortex_m/libarch__arm__core__cortex_m.a(cpu_idle.c.obj)
                0x0000000008002b0e                arch_cpu_idle
 .text.size_to_mpu_rasr_size
                0x0000000008002b1c       0x22 zephyr/arch/arch/arm/core/mpu/libarch__arm__core__mpu.a(arm_mpu.c.obj)
 .text.picolibc_put
                0x0000000008002b3e        0xa zephyr/lib/libc/picolibc/liblib__libc__picolibc.a(stdio.c.obj)
 .text.stm32_gpio_intc_get_pin_irq_line
                0x0000000008002b48        0xa zephyr/drivers/interrupt_controller/libdrivers__interrupt_controller.a(intc_gpio_stm32.c.obj)
                0x0000000008002b48                stm32_gpio_intc_get_pin_irq_line
 .text.config_regulator_voltage
                0x0000000008002b52        0x2 zephyr/drivers/clock_control/libdrivers__clock_control.a(clock_stm32_ll_common.c.obj)
                0x0000000008002b52                config_regulator_voltage
 .text.gpio_stm32_port_get_raw
                0x0000000008002b54        0xc zephyr/drivers/gpio/libdrivers__gpio.a(gpio_stm32.c.obj)
 .text.gpio_stm32_port_set_masked_raw
                0x0000000008002b60       0x12 zephyr/drivers/gpio/libdrivers__gpio.a(gpio_stm32.c.obj)
 .text.gpio_stm32_port_set_bits_raw
                0x0000000008002b72        0xa zephyr/drivers/gpio/libdrivers__gpio.a(gpio_stm32.c.obj)
 .text.gpio_stm32_port_clear_bits_raw
                0x0000000008002b7c        0xa zephyr/drivers/gpio/libdrivers__gpio.a(gpio_stm32.c.obj)
 .text.gpio_stm32_port_toggle_bits
                0x0000000008002b86        0xe zephyr/drivers/gpio/libdrivers__gpio.a(gpio_stm32.c.obj)
 .text.gpio_stm32_manage_callback
                0x0000000008002b94       0x58 zephyr/drivers/gpio/libdrivers__gpio.a(gpio_stm32.c.obj)
 .text.gpio_stm32_configure_raw.isra.0
                0x0000000008002bec       0xa0 zephyr/drivers/gpio/libdrivers__gpio.a(gpio_stm32.c.obj)
 .text.gpio_stm32_config
                0x0000000008002c8c       0xee zephyr/drivers/gpio/libdrivers__gpio.a(gpio_stm32.c.obj)
 .text.gpio_stm32_isr
                0x0000000008002d7a       0x32 zephyr/drivers/gpio/libdrivers__gpio.a(gpio_stm32.c.obj)
 .text.gpio_stm32_configure
                0x0000000008002dac       0x2a zephyr/drivers/gpio/libdrivers__gpio.a(gpio_stm32.c.obj)
                0x0000000008002dac                gpio_stm32_configure
 .text.pinctrl_lookup_state
                0x0000000008002dd6       0x26 zephyr/drivers/pinctrl/libdrivers__pinctrl.a(common.c.obj)
                0x0000000008002dd6                pinctrl_lookup_state
 .text.reset_stm32_status
                0x0000000008002dfc       0x20 zephyr/drivers/reset/libdrivers__reset.a(reset_stm32.c.obj)
 .text.reset_stm32_line_assert
                0x0000000008002e1c       0x1c zephyr/drivers/reset/libdrivers__reset.a(reset_stm32.c.obj)
 .text.reset_stm32_line_deassert
                0x0000000008002e38       0x1c zephyr/drivers/reset/libdrivers__reset.a(reset_stm32.c.obj)
 .text.reset_stm32_line_toggle
                0x0000000008002e54       0x16 zephyr/drivers/reset/libdrivers__reset.a(reset_stm32.c.obj)
 .text.uart_stm32_ll2cfg_databits
                0x0000000008002e6a       0x2c zephyr/drivers/serial/libdrivers__serial.a(uart_stm32.c.obj)
 .text.uart_stm32_err_check
                0x0000000008002e96       0x5e zephyr/drivers/serial/libdrivers__serial.a(uart_stm32.c.obj)
 .text.uart_stm32_irq_tx_enable
                0x0000000008002ef4       0x1c zephyr/drivers/serial/libdrivers__serial.a(uart_stm32.c.obj)
 .text.uart_stm32_irq_tx_disable
                0x0000000008002f10       0x1c zephyr/drivers/serial/libdrivers__serial.a(uart_stm32.c.obj)
 .text.uart_stm32_irq_rx_enable
                0x0000000008002f2c       0x1c zephyr/drivers/serial/libdrivers__serial.a(uart_stm32.c.obj)
 .text.uart_stm32_irq_rx_disable
                0x0000000008002f48       0x1c zephyr/drivers/serial/libdrivers__serial.a(uart_stm32.c.obj)
 .text.uart_stm32_irq_rx_ready
                0x0000000008002f64        0xc zephyr/drivers/serial/libdrivers__serial.a(uart_stm32.c.obj)
 .text.uart_stm32_irq_update
                0x0000000008002f70        0x4 zephyr/drivers/serial/libdrivers__serial.a(uart_stm32.c.obj)
 .text.uart_stm32_irq_callback_set
                0x0000000008002f74        0x8 zephyr/drivers/serial/libdrivers__serial.a(uart_stm32.c.obj)
 .text.uart_stm32_isr
                0x0000000008002f7c       0x10 zephyr/drivers/serial/libdrivers__serial.a(uart_stm32.c.obj)
 .text.uart_stm32_irq_config_func_0
                0x0000000008002f8c       0x14 zephyr/drivers/serial/libdrivers__serial.a(uart_stm32.c.obj)
 .text.uart_stm32_irq_config_func_1
                0x0000000008002fa0       0x14 zephyr/drivers/serial/libdrivers__serial.a(uart_stm32.c.obj)
 .text.uart_stm32_irq_tx_complete
                0x0000000008002fb4        0xc zephyr/drivers/serial/libdrivers__serial.a(uart_stm32.c.obj)
 .text.uart_stm32_irq_tx_ready
                0x0000000008002fc0       0x14 zephyr/drivers/serial/libdrivers__serial.a(uart_stm32.c.obj)
 .text.uart_stm32_poll_out
                0x0000000008002fd4       0x36 zephyr/drivers/serial/libdrivers__serial.a(uart_stm32.c.obj)
 .text.uart_stm32_irq_is_pending
                0x000000000800300a       0x24 zephyr/drivers/serial/libdrivers__serial.a(uart_stm32.c.obj)
 .text.uart_stm32_poll_in
                0x000000000800302e       0x22 zephyr/drivers/serial/libdrivers__serial.a(uart_stm32.c.obj)
 .text.do_device_init
                0x0000000008003050       0x32 zephyr/kernel/libkernel.a(device.c.obj)
                0x0000000008003050                do_device_init
 .text.z_impl_device_is_ready
                0x0000000008003082       0x1a zephyr/kernel/libkernel.a(device.c.obj)
                0x0000000008003082                z_impl_device_is_ready
 .text.arch_system_halt
                0x000000000800309c        0x8 zephyr/kernel/libkernel.a(fatal.c.obj)
                0x000000000800309c                arch_system_halt
 .text.k_sys_fatal_error_handler
                0x00000000080030a4        0x6 zephyr/kernel/libkernel.a(fatal.c.obj)
                0x00000000080030a4                k_sys_fatal_error_handler
 .text.idle     0x00000000080030aa        0xe zephyr/kernel/libkernel.a(idle.c.obj)
                0x00000000080030aa                idle
 .text.sys_dlist_remove
                0x00000000080030b8       0x10 zephyr/kernel/libkernel.a(sched.c.obj)
 .text.unpend_thread_no_timeout
                0x00000000080030c8       0x16 zephyr/kernel/libkernel.a(sched.c.obj)
 .text.z_ready_thread
                0x00000000080030de       0x18 zephyr/kernel/libkernel.a(sched.c.obj)
                0x00000000080030de                z_ready_thread
 .text.z_sched_wake_thread
                0x00000000080030f6       0x36 zephyr/kernel/libkernel.a(sched.c.obj)
                0x00000000080030f6                z_sched_wake_thread
 .text.z_thread_timeout
                0x000000000800312c        0xc zephyr/kernel/libkernel.a(sched.c.obj)
                0x000000000800312c                z_thread_timeout
 .text.z_abort_timeout
                0x0000000008003138       0x4c zephyr/kernel/libkernel.a(timeout.c.obj)
                0x0000000008003138                z_abort_timeout
 .text.memcpy   0x0000000008003184       0x12 c:\users\lince\zephyr_project\zephyrproject\zephyr\zephyr-sdk-0.17.4\arm-zephyr-eabi\bin\../lib/gcc/../../picolibc/arm-zephyr-eabi/lib/thumb/v6-m/nofp\libc.a(memcpy.c.o)
                0x0000000008003184                __aeabi_memcpy
                0x0000000008003184                __aeabi_memcpy4
                0x0000000008003184                __aeabi_memcpy8
                0x0000000008003184                memcpy
 .text.memset   0x0000000008003196       0x10 c:\users\lince\zephyr_project\zephyrproject\zephyr\zephyr-sdk-0.17.4\arm-zephyr-eabi\bin\../lib/gcc/../../picolibc/arm-zephyr-eabi/lib/thumb/v6-m/nofp\libc.a(memset.c.o)
                0x0000000008003196                memset
 .text.strnlen  0x00000000080031a6       0x16 c:\users\lince\zephyr_project\zephyrproject\zephyr\zephyr-sdk-0.17.4\arm-zephyr-eabi\bin\../lib/gcc/../../picolibc/arm-zephyr-eabi/lib/thumb/v6-m/nofp\libc.a(libc_string_strnlen.c.o)
                0x00000000080031a6                strnlen
 .text.__ultoa_invert
                0x00000000080031bc      0x10e c:\users\lince\zephyr_project\zephyrproject\zephyr\zephyr-sdk-0.17.4\arm-zephyr-eabi\bin\../lib/gcc/../../picolibc/arm-zephyr-eabi/lib/thumb/v6-m/nofp\libc.a(libc_tinystdio_vflprintf.c.o)
 *(SORT_BY_ALIGNMENT(.TEXT.*))
 *fill*         0x00000000080032ca        0x2 
 .TEXT.__aeabi_read_tp
                0x00000000080032cc        0xc zephyr/arch/arch/arm/core/cortex_m/libarch__arm__core__cortex_m.a(__aeabi_read_tp.S.obj)
                0x00000000080032cc                __aeabi_read_tp
 *(SORT_BY_ALIGNMENT(.gnu.linkonce.t.*))
 *(SORT_BY_ALIGNMENT(.glue_7t))
 .glue_7t       0x00000000080032d8        0x0 linker stubs
 *(SORT_BY_ALIGNMENT(.glue_7))
 .glue_7        0x00000000080032d8        0x0 linker stubs
 *(SORT_BY_ALIGNMENT(.vfp11_veneer))
 .vfp11_veneer  0x00000000080032d8        0x0 linker stubs
 *(SORT_BY_ALIGNMENT(.v4_bx))
 .v4_bx         0x00000000080032d8        0x0 linker stubs
                0x00000000080032d8                . = ALIGN (0x4)
                0x00000000080032d8                __text_region_end = .

.ARM.exidx      0x00000000080032d8        0x0
                0x00000000080032d8                __exidx_start = .
 *(SORT_BY_ALIGNMENT(.ARM.exidx*) SORT_BY_ALIGNMENT(gnu.linkonce.armexidx.*))
                0x00000000080032d8                __exidx_end = .
                0x00000000080032d8                __rodata_region_start = .

initlevel       0x00000000080032d8       0x78
                0x00000000080032d8                __init_start = .
                0x00000000080032d8                __init_EARLY_start = .
 *(SORT_BY_NAME(SORT_BY_ALIGNMENT(.z_init_EARLY_P_?_*)))
 *(SORT_BY_NAME(SORT_BY_ALIGNMENT(.z_init_EARLY_P_??_*)))
 *(SORT_BY_NAME(SORT_BY_ALIGNMENT(.z_init_EARLY_P_???_*)))
                0x00000000080032d8                __init_PRE_KERNEL_1_start = .
 *(SORT_BY_NAME(SORT_BY_ALIGNMENT(.z_init_PRE_KERNEL_1_P_?_*)))
 .z_init_PRE_KERNEL_1_P_1_SUB_00009_
                0x00000000080032d8        0x8 zephyr/drivers/clock_control/libdrivers__clock_control.a(clock_stm32_ll_common.c.obj)
 .z_init_PRE_KERNEL_1_P_1_SUB_0_
                0x00000000080032e0        0x8 zephyr/libzephyr.a(soc_config.c.obj)
 *(SORT_BY_NAME(SORT_BY_ALIGNMENT(.z_init_PRE_KERNEL_1_P_??_*)))
 .z_init_PRE_KERNEL_1_P_35_SUB_00051_
                0x00000000080032e8        0x8 zephyr/drivers/reset/libdrivers__reset.a(reset_stm32.c.obj)
 .z_init_PRE_KERNEL_1_P_40_SUB_00035_
                0x00000000080032f0        0x8 zephyr/drivers/gpio/libdrivers__gpio.a(gpio_stm32.c.obj)
 .z_init_PRE_KERNEL_1_P_40_SUB_00038_
                0x00000000080032f8        0x8 zephyr/drivers/gpio/libdrivers__gpio.a(gpio_stm32.c.obj)
 .z_init_PRE_KERNEL_1_P_40_SUB_00048_
                0x0000000008003300        0x8 zephyr/drivers/interrupt_controller/libdrivers__interrupt_controller.a(intc_exti_stm32.c.obj)
 .z_init_PRE_KERNEL_1_P_40_SUB_00079_
                0x0000000008003308        0x8 zephyr/drivers/gpio/libdrivers__gpio.a(gpio_stm32.c.obj)
 .z_init_PRE_KERNEL_1_P_40_SUB_00080_
                0x0000000008003310        0x8 zephyr/drivers/gpio/libdrivers__gpio.a(gpio_stm32.c.obj)
 .z_init_PRE_KERNEL_1_P_40_SUB_00081_
                0x0000000008003318        0x8 zephyr/drivers/gpio/libdrivers__gpio.a(gpio_stm32.c.obj)
 .z_init_PRE_KERNEL_1_P_40_SUB_0_
                0x0000000008003320        0x8 zephyr/drivers/interrupt_controller/libdrivers__interrupt_controller.a(intc_gpio_stm32.c.obj)
 .z_init_PRE_KERNEL_1_P_50_SUB_00052_
                0x0000000008003328        0x8 zephyr/drivers/serial/libdrivers__serial.a(uart_stm32.c.obj)
 .z_init_PRE_KERNEL_1_P_50_SUB_00058_
                0x0000000008003330        0x8 zephyr/drivers/serial/libdrivers__serial.a(uart_stm32.c.obj)
 .z_init_PRE_KERNEL_1_P_60_SUB_0_
                0x0000000008003338        0x8 zephyr/drivers/console/libdrivers__console.a(uart_console.c.obj)
 *(SORT_BY_NAME(SORT_BY_ALIGNMENT(.z_init_PRE_KERNEL_1_P_???_*)))
                0x0000000008003340                __init_PRE_KERNEL_2_start = .
 *(SORT_BY_NAME(SORT_BY_ALIGNMENT(.z_init_PRE_KERNEL_2_P_?_*)))
 .z_init_PRE_KERNEL_2_P_0_SUB_0_
                0x0000000008003340        0x8 zephyr/drivers/timer/libdrivers__timer.a(cortex_m_systick.c.obj)
 *(SORT_BY_NAME(SORT_BY_ALIGNMENT(.z_init_PRE_KERNEL_2_P_??_*)))
 *(SORT_BY_NAME(SORT_BY_ALIGNMENT(.z_init_PRE_KERNEL_2_P_???_*)))
                0x0000000008003348                __init_POST_KERNEL_start = .
 *(SORT_BY_NAME(SORT_BY_ALIGNMENT(.z_init_POST_KERNEL_P_?_*)))
 *(SORT_BY_NAME(SORT_BY_ALIGNMENT(.z_init_POST_KERNEL_P_??_*)))
 .z_init_POST_KERNEL_P_35_SUB_0_
                0x0000000008003348        0x8 zephyr/lib/libc/common/liblib__libc__common.a(malloc.c.obj)
 *(SORT_BY_NAME(SORT_BY_ALIGNMENT(.z_init_POST_KERNEL_P_???_*)))
                0x0000000008003350                __init_APPLICATION_start = .
 *(SORT_BY_NAME(SORT_BY_ALIGNMENT(.z_init_APPLICATION_P_?_*)))
 *(SORT_BY_NAME(SORT_BY_ALIGNMENT(.z_init_APPLICATION_P_??_*)))
 *(SORT_BY_NAME(SORT_BY_ALIGNMENT(.z_init_APPLICATION_P_???_*)))
                0x0000000008003350                __init_SMP_start = .
 *(SORT_BY_NAME(SORT_BY_ALIGNMENT(.z_init_SMP_P_?_*)))
 *(SORT_BY_NAME(SORT_BY_ALIGNMENT(.z_init_SMP_P_??_*)))
 *(SORT_BY_NAME(SORT_BY_ALIGNMENT(.z_init_SMP_P_???_*)))
                0x0000000008003350                __init_end = .

device_area     0x0000000008003350      0x140
                0x0000000008003350                _device_list_start = .
 *(SORT_BY_NAME(SORT_BY_ALIGNMENT(._device.static.*_?_*)))
 ._device.static.1_1_
                0x0000000008003350       0x20 zephyr/drivers/clock_control/libdrivers__clock_control.a(clock_stm32_ll_common.c.obj)
                0x0000000008003350                __device_dts_ord_9
 *(SORT_BY_NAME(SORT_BY_ALIGNMENT(._device.static.*_??_*)))
 ._device.static.1_35_
                0x0000000008003370       0x20 zephyr/drivers/reset/libdrivers__reset.a(reset_stm32.c.obj)
                0x0000000008003370                __device_dts_ord_51
 ._device.static.1_40_
                0x0000000008003390       0x20 zephyr/drivers/interrupt_controller/libdrivers__interrupt_controller.a(intc_exti_stm32.c.obj)
                0x0000000008003390                __device_dts_ord_48
 ._device.static.1_40_
                0x00000000080033b0       0xa0 zephyr/drivers/gpio/libdrivers__gpio.a(gpio_stm32.c.obj)
                0x00000000080033b0                __device_dts_ord_80
                0x00000000080033d0                __device_dts_ord_79
                0x00000000080033f0                __device_dts_ord_35
                0x0000000008003410                __device_dts_ord_81
                0x0000000008003430                __device_dts_ord_38
 ._device.static.1_50_
                0x0000000008003450       0x40 zephyr/drivers/serial/libdrivers__serial.a(uart_stm32.c.obj)
                0x0000000008003450                __device_dts_ord_52
                0x0000000008003470                __device_dts_ord_58
 *(SORT_BY_NAME(SORT_BY_ALIGNMENT(._device.static.*_???_*)))
 *(SORT_BY_NAME(SORT_BY_ALIGNMENT(._device.static.*_????_*)))
 *(SORT_BY_NAME(SORT_BY_ALIGNMENT(._device.static.*_?????_*)))
                0x0000000008003490                _device_list_end = .

sw_isr_table    0x0000000008003490       0xf8
                0x0000000008003490                . = ALIGN (0x4)
 *(SORT_BY_ALIGNMENT(.gnu.linkonce.sw_isr_table*))
 .gnu.linkonce.sw_isr_table
                0x0000000008003490       0xf8 zephyr/arch/common/libisr_tables.a(isr_tables.c.obj)
                0x0000000008003490                _sw_isr_table

initlevel_error
                0x00000000080032d8        0x0
 *(SORT_BY_NAME(SORT_BY_ALIGNMENT(.z_init_*)))
                0x0000000000000001                ASSERT ((SIZEOF (initlevel_error) == 0x0), Undefined initialization levels used.)

app_shmem_regions
                0x0000000008003588        0x0
                0x0000000008003588                __app_shmem_regions_start = .
 *(SORT_BY_NAME(SORT_BY_ALIGNMENT(.app_regions.*)))
                0x0000000008003588                __app_shmem_regions_end = .

k_p4wq_initparam_area
                0x0000000008003588        0x0
                0x0000000008003588                _k_p4wq_initparam_list_start = .
 *(SORT_BY_NAME(SORT_BY_ALIGNMENT(._k_p4wq_initparam.static.*)))
                0x0000000008003588                _k_p4wq_initparam_list_end = .

_static_thread_data_area
                0x0000000008003588        0x0
                0x0000000008003588                __static_thread_data_list_start = .
 *(SORT_BY_NAME(SORT_BY_ALIGNMENT(.__static_thread_data.static.*)))
                0x0000000008003588                __static_thread_data_list_end = .

device_deps     0x0000000008003588        0x0
                0x0000000008003588                __device_deps_start = .
 *(SORT_BY_NAME(SORT_BY_ALIGNMENT(.__device_deps_pass2*)))
                0x0000000008003588                __device_deps_end = .

gpio_driver_api_area
                0x0000000008003588       0x24
                0x0000000008003588                _gpio_driver_api_list_start = .
 *(SORT_BY_NAME(SORT_BY_ALIGNMENT(._gpio_driver_api.static.*)))
 ._gpio_driver_api.static.gpio_stm32_driver_
                0x0000000008003588       0x24 zephyr/drivers/gpio/libdrivers__gpio.a(gpio_stm32.c.obj)
                0x00000000080035ac                _gpio_driver_api_list_end = .

reset_driver_api_area
                0x00000000080035ac       0x10
                0x00000000080035ac                _reset_driver_api_list_start = .
 *(SORT_BY_NAME(SORT_BY_ALIGNMENT(._reset_driver_api.static.*)))
 ._reset_driver_api.static.reset_stm32_driver_api_
                0x00000000080035ac       0x10 zephyr/drivers/reset/libdrivers__reset.a(reset_stm32.c.obj)
                0x00000000080035bc                _reset_driver_api_list_end = .

shared_irq_driver_api_area
                0x00000000080035bc        0x0
                0x00000000080035bc                _shared_irq_driver_api_list_start = .
 *(SORT_BY_NAME(SORT_BY_ALIGNMENT(._shared_irq_driver_api.static.*)))
                0x00000000080035bc                _shared_irq_driver_api_list_end = .

crypto_driver_api_area
                0x00000000080035bc        0x0
                0x00000000080035bc                _crypto_driver_api_list_start = .
 *(SORT_BY_NAME(SORT_BY_ALIGNMENT(._crypto_driver_api.static.*)))
                0x00000000080035bc                _crypto_driver_api_list_end = .

adc_driver_api_area
                0x00000000080035bc        0x0
                0x00000000080035bc                _adc_driver_api_list_start = .
 *(SORT_BY_NAME(SORT_BY_ALIGNMENT(._adc_driver_api.static.*)))
                0x00000000080035bc                _adc_driver_api_list_end = .

auxdisplay_driver_api_area
                0x00000000080035bc        0x0
                0x00000000080035bc                _auxdisplay_driver_api_list_start = .
 *(SORT_BY_NAME(SORT_BY_ALIGNMENT(._auxdisplay_driver_api.static.*)))
                0x00000000080035bc                _auxdisplay_driver_api_list_end = .

bbram_driver_api_area
                0x00000000080035bc        0x0
                0x00000000080035bc                _bbram_driver_api_list_start = .
 *(SORT_BY_NAME(SORT_BY_ALIGNMENT(._bbram_driver_api.static.*)))
                0x00000000080035bc                _bbram_driver_api_list_end = .

bt_hci_driver_api_area
                0x00000000080035bc        0x0
                0x00000000080035bc                _bt_hci_driver_api_list_start = .
 *(SORT_BY_NAME(SORT_BY_ALIGNMENT(._bt_hci_driver_api.static.*)))
                0x00000000080035bc                _bt_hci_driver_api_list_end = .

can_driver_api_area
                0x00000000080035bc        0x0
                0x00000000080035bc                _can_driver_api_list_start = .
 *(SORT_BY_NAME(SORT_BY_ALIGNMENT(._can_driver_api.static.*)))
                0x00000000080035bc                _can_driver_api_list_end = .

cellular_driver_api_area
                0x00000000080035bc        0x0
                0x00000000080035bc                _cellular_driver_api_list_start = .
 *(SORT_BY_NAME(SORT_BY_ALIGNMENT(._cellular_driver_api.static.*)))
                0x00000000080035bc                _cellular_driver_api_list_end = .

charger_driver_api_area
                0x00000000080035bc        0x0
                0x00000000080035bc                _charger_driver_api_list_start = .
 *(SORT_BY_NAME(SORT_BY_ALIGNMENT(._charger_driver_api.static.*)))
                0x00000000080035bc                _charger_driver_api_list_end = .

clock_control_driver_api_area
                0x00000000080035bc       0x1c
                0x00000000080035bc                _clock_control_driver_api_list_start = .
 *(SORT_BY_NAME(SORT_BY_ALIGNMENT(._clock_control_driver_api.static.*)))
 ._clock_control_driver_api.static.stm32_clock_control_api_
                0x00000000080035bc       0x1c zephyr/drivers/clock_control/libdrivers__clock_control.a(clock_stm32_ll_common.c.obj)
                0x00000000080035d8                _clock_control_driver_api_list_end = .

comparator_driver_api_area
                0x00000000080035d8        0x0
                0x00000000080035d8                _comparator_driver_api_list_start = .
 *(SORT_BY_NAME(SORT_BY_ALIGNMENT(._comparator_driver_api.static.*)))
                0x00000000080035d8                _comparator_driver_api_list_end = .

coredump_driver_api_area
                0x00000000080035d8        0x0
                0x00000000080035d8                _coredump_driver_api_list_start = .
 *(SORT_BY_NAME(SORT_BY_ALIGNMENT(._coredump_driver_api.static.*)))
                0x00000000080035d8                _coredump_driver_api_list_end = .

counter_driver_api_area
                0x00000000080035d8        0x0
                0x00000000080035d8                _counter_driver_api_list_start = .
 *(SORT_BY_NAME(SORT_BY_ALIGNMENT(._counter_driver_api.static.*)))
                0x00000000080035d8                _counter_driver_api_list_end = .

crc_driver_api_area
                0x00000000080035d8        0x0
                0x00000000080035d8                _crc_driver_api_list_start = .
 *(SORT_BY_NAME(SORT_BY_ALIGNMENT(._crc_driver_api.static.*)))
                0x00000000080035d8                _crc_driver_api_list_end = .

dac_driver_api_area
                0x00000000080035d8        0x0
                0x00000000080035d8                _dac_driver_api_list_start = .
 *(SORT_BY_NAME(SORT_BY_ALIGNMENT(._dac_driver_api.static.*)))
                0x00000000080035d8                _dac_driver_api_list_end = .

dai_driver_api_area
                0x00000000080035d8        0x0
                0x00000000080035d8                _dai_driver_api_list_start = .
 *(SORT_BY_NAME(SORT_BY_ALIGNMENT(._dai_driver_api.static.*)))
                0x00000000080035d8                _dai_driver_api_list_end = .

display_driver_api_area
                0x00000000080035d8        0x0
                0x00000000080035d8                _display_driver_api_list_start = .
 *(SORT_BY_NAME(SORT_BY_ALIGNMENT(._display_driver_api.static.*)))
                0x00000000080035d8                _display_driver_api_list_end = .

dma_driver_api_area
                0x00000000080035d8        0x0
                0x00000000080035d8                _dma_driver_api_list_start = .
 *(SORT_BY_NAME(SORT_BY_ALIGNMENT(._dma_driver_api.static.*)))
                0x00000000080035d8                _dma_driver_api_list_end = .

edac_driver_api_area
                0x00000000080035d8        0x0
                0x00000000080035d8                _edac_driver_api_list_start = .
 *(SORT_BY_NAME(SORT_BY_ALIGNMENT(._edac_driver_api.static.*)))
                0x00000000080035d8                _edac_driver_api_list_end = .

eeprom_driver_api_area
                0x00000000080035d8        0x0
                0x00000000080035d8                _eeprom_driver_api_list_start = .
 *(SORT_BY_NAME(SORT_BY_ALIGNMENT(._eeprom_driver_api.static.*)))
                0x00000000080035d8                _eeprom_driver_api_list_end = .

emul_bbram_driver_api_area
                0x00000000080035d8        0x0
                0x00000000080035d8                _emul_bbram_driver_api_list_start = .
 *(SORT_BY_NAME(SORT_BY_ALIGNMENT(._emul_bbram_driver_api.static.*)))
                0x00000000080035d8                _emul_bbram_driver_api_list_end = .

fuel_gauge_emul_driver_api_area
                0x00000000080035d8        0x0
                0x00000000080035d8                _fuel_gauge_emul_driver_api_list_start = .
 *(SORT_BY_NAME(SORT_BY_ALIGNMENT(._fuel_gauge_emul_driver_api.static.*)))
                0x00000000080035d8                _fuel_gauge_emul_driver_api_list_end = .

emul_sensor_driver_api_area
                0x00000000080035d8        0x0
                0x00000000080035d8                _emul_sensor_driver_api_list_start = .
 *(SORT_BY_NAME(SORT_BY_ALIGNMENT(._emul_sensor_driver_api.static.*)))
                0x00000000080035d8                _emul_sensor_driver_api_list_end = .

entropy_driver_api_area
                0x00000000080035d8        0x0
                0x00000000080035d8                _entropy_driver_api_list_start = .
 *(SORT_BY_NAME(SORT_BY_ALIGNMENT(._entropy_driver_api.static.*)))
                0x00000000080035d8                _entropy_driver_api_list_end = .

espi_driver_api_area
                0x00000000080035d8        0x0
                0x00000000080035d8                _espi_driver_api_list_start = .
 *(SORT_BY_NAME(SORT_BY_ALIGNMENT(._espi_driver_api.static.*)))
                0x00000000080035d8                _espi_driver_api_list_end = .

espi_saf_driver_api_area
                0x00000000080035d8        0x0
                0x00000000080035d8                _espi_saf_driver_api_list_start = .
 *(SORT_BY_NAME(SORT_BY_ALIGNMENT(._espi_saf_driver_api.static.*)))
                0x00000000080035d8                _espi_saf_driver_api_list_end = .

flash_driver_api_area
                0x00000000080035d8        0x0
                0x00000000080035d8                _flash_driver_api_list_start = .
 *(SORT_BY_NAME(SORT_BY_ALIGNMENT(._flash_driver_api.static.*)))
                0x00000000080035d8                _flash_driver_api_list_end = .

fpga_driver_api_area
                0x00000000080035d8        0x0
                0x00000000080035d8                _fpga_driver_api_list_start = .
 *(SORT_BY_NAME(SORT_BY_ALIGNMENT(._fpga_driver_api.static.*)))
                0x00000000080035d8                _fpga_driver_api_list_end = .

fuel_gauge_driver_api_area
                0x00000000080035d8        0x0
                0x00000000080035d8                _fuel_gauge_driver_api_list_start = .
 *(SORT_BY_NAME(SORT_BY_ALIGNMENT(._fuel_gauge_driver_api.static.*)))
                0x00000000080035d8                _fuel_gauge_driver_api_list_end = .

gnss_driver_api_area
                0x00000000080035d8        0x0
                0x00000000080035d8                _gnss_driver_api_list_start = .
 *(SORT_BY_NAME(SORT_BY_ALIGNMENT(._gnss_driver_api.static.*)))
                0x00000000080035d8                _gnss_driver_api_list_end = .

haptics_driver_api_area
                0x00000000080035d8        0x0
                0x00000000080035d8                _haptics_driver_api_list_start = .
 *(SORT_BY_NAME(SORT_BY_ALIGNMENT(._haptics_driver_api.static.*)))
                0x00000000080035d8                _haptics_driver_api_list_end = .

hwspinlock_driver_api_area
                0x00000000080035d8        0x0
                0x00000000080035d8                _hwspinlock_driver_api_list_start = .
 *(SORT_BY_NAME(SORT_BY_ALIGNMENT(._hwspinlock_driver_api.static.*)))
                0x00000000080035d8                _hwspinlock_driver_api_list_end = .

i2c_driver_api_area
                0x00000000080035d8        0x0
                0x00000000080035d8                _i2c_driver_api_list_start = .
 *(SORT_BY_NAME(SORT_BY_ALIGNMENT(._i2c_driver_api.static.*)))
                0x00000000080035d8                _i2c_driver_api_list_end = .

i2c_target_driver_api_area
                0x00000000080035d8        0x0
                0x00000000080035d8                _i2c_target_driver_api_list_start = .
 *(SORT_BY_NAME(SORT_BY_ALIGNMENT(._i2c_target_driver_api.static.*)))
                0x00000000080035d8                _i2c_target_driver_api_list_end = .

i2s_driver_api_area
                0x00000000080035d8        0x0
                0x00000000080035d8                _i2s_driver_api_list_start = .
 *(SORT_BY_NAME(SORT_BY_ALIGNMENT(._i2s_driver_api.static.*)))
                0x00000000080035d8                _i2s_driver_api_list_end = .

i3c_driver_api_area
                0x00000000080035d8        0x0
                0x00000000080035d8                _i3c_driver_api_list_start = .
 *(SORT_BY_NAME(SORT_BY_ALIGNMENT(._i3c_driver_api.static.*)))
                0x00000000080035d8                _i3c_driver_api_list_end = .

ipm_driver_api_area
                0x00000000080035d8        0x0
                0x00000000080035d8                _ipm_driver_api_list_start = .
 *(SORT_BY_NAME(SORT_BY_ALIGNMENT(._ipm_driver_api.static.*)))
                0x00000000080035d8                _ipm_driver_api_list_end = .

led_driver_api_area
                0x00000000080035d8        0x0
                0x00000000080035d8                _led_driver_api_list_start = .
 *(SORT_BY_NAME(SORT_BY_ALIGNMENT(._led_driver_api.static.*)))
                0x00000000080035d8                _led_driver_api_list_end = .

led_strip_driver_api_area
                0x00000000080035d8        0x0
                0x00000000080035d8                _led_strip_driver_api_list_start = .
 *(SORT_BY_NAME(SORT_BY_ALIGNMENT(._led_strip_driver_api.static.*)))
                0x00000000080035d8                _led_strip_driver_api_list_end = .

lora_driver_api_area
                0x00000000080035d8        0x0
                0x00000000080035d8                _lora_driver_api_list_start = .
 *(SORT_BY_NAME(SORT_BY_ALIGNMENT(._lora_driver_api.static.*)))
                0x00000000080035d8                _lora_driver_api_list_end = .

mbox_driver_api_area
                0x00000000080035d8        0x0
                0x00000000080035d8                _mbox_driver_api_list_start = .
 *(SORT_BY_NAME(SORT_BY_ALIGNMENT(._mbox_driver_api.static.*)))
                0x00000000080035d8                _mbox_driver_api_list_end = .

mdio_driver_api_area
                0x00000000080035d8        0x0
                0x00000000080035d8                _mdio_driver_api_list_start = .
 *(SORT_BY_NAME(SORT_BY_ALIGNMENT(._mdio_driver_api.static.*)))
                0x00000000080035d8                _mdio_driver_api_list_end = .

mipi_dbi_driver_api_area
                0x00000000080035d8        0x0
                0x00000000080035d8                _mipi_dbi_driver_api_list_start = .
 *(SORT_BY_NAME(SORT_BY_ALIGNMENT(._mipi_dbi_driver_api.static.*)))
                0x00000000080035d8                _mipi_dbi_driver_api_list_end = .

mipi_dsi_driver_api_area
                0x00000000080035d8        0x0
                0x00000000080035d8                _mipi_dsi_driver_api_list_start = .
 *(SORT_BY_NAME(SORT_BY_ALIGNMENT(._mipi_dsi_driver_api.static.*)))
                0x00000000080035d8                _mipi_dsi_driver_api_list_end = .

mspi_driver_api_area
                0x00000000080035d8        0x0
                0x00000000080035d8                _mspi_driver_api_list_start = .
 *(SORT_BY_NAME(SORT_BY_ALIGNMENT(._mspi_driver_api.static.*)))
                0x00000000080035d8                _mspi_driver_api_list_end = .

peci_driver_api_area
                0x00000000080035d8        0x0
                0x00000000080035d8                _peci_driver_api_list_start = .
 *(SORT_BY_NAME(SORT_BY_ALIGNMENT(._peci_driver_api.static.*)))
                0x00000000080035d8                _peci_driver_api_list_end = .

ps2_driver_api_area
                0x00000000080035d8        0x0
                0x00000000080035d8                _ps2_driver_api_list_start = .
 *(SORT_BY_NAME(SORT_BY_ALIGNMENT(._ps2_driver_api.static.*)))
                0x00000000080035d8                _ps2_driver_api_list_end = .

ptp_clock_driver_api_area
                0x00000000080035d8        0x0
                0x00000000080035d8                _ptp_clock_driver_api_list_start = .
 *(SORT_BY_NAME(SORT_BY_ALIGNMENT(._ptp_clock_driver_api.static.*)))
                0x00000000080035d8                _ptp_clock_driver_api_list_end = .

pwm_driver_api_area
                0x00000000080035d8        0x0
                0x00000000080035d8                _pwm_driver_api_list_start = .
 *(SORT_BY_NAME(SORT_BY_ALIGNMENT(._pwm_driver_api.static.*)))
                0x00000000080035d8                _pwm_driver_api_list_end = .

regulator_parent_driver_api_area
                0x00000000080035d8        0x0
                0x00000000080035d8                _regulator_parent_driver_api_list_start = .
 *(SORT_BY_NAME(SORT_BY_ALIGNMENT(._regulator_parent_driver_api.static.*)))
                0x00000000080035d8                _regulator_parent_driver_api_list_end = .

regulator_driver_api_area
                0x00000000080035d8        0x0
                0x00000000080035d8                _regulator_driver_api_list_start = .
 *(SORT_BY_NAME(SORT_BY_ALIGNMENT(._regulator_driver_api.static.*)))
                0x00000000080035d8                _regulator_driver_api_list_end = .

retained_mem_driver_api_area
                0x00000000080035d8        0x0
                0x00000000080035d8                _retained_mem_driver_api_list_start = .
 *(SORT_BY_NAME(SORT_BY_ALIGNMENT(._retained_mem_driver_api.static.*)))
                0x00000000080035d8                _retained_mem_driver_api_list_end = .

rtc_driver_api_area
                0x00000000080035d8        0x0
                0x00000000080035d8                _rtc_driver_api_list_start = .
 *(SORT_BY_NAME(SORT_BY_ALIGNMENT(._rtc_driver_api.static.*)))
                0x00000000080035d8                _rtc_driver_api_list_end = .

sdhc_driver_api_area
                0x00000000080035d8        0x0
                0x00000000080035d8                _sdhc_driver_api_list_start = .
 *(SORT_BY_NAME(SORT_BY_ALIGNMENT(._sdhc_driver_api.static.*)))
                0x00000000080035d8                _sdhc_driver_api_list_end = .

sensor_driver_api_area
                0x00000000080035d8        0x0
                0x00000000080035d8                _sensor_driver_api_list_start = .
 *(SORT_BY_NAME(SORT_BY_ALIGNMENT(._sensor_driver_api.static.*)))
                0x00000000080035d8                _sensor_driver_api_list_end = .

smbus_driver_api_area
                0x00000000080035d8        0x0
                0x00000000080035d8                _smbus_driver_api_list_start = .
 *(SORT_BY_NAME(SORT_BY_ALIGNMENT(._smbus_driver_api.static.*)))
                0x00000000080035d8                _smbus_driver_api_list_end = .

spi_driver_api_area
                0x00000000080035d8        0x0
                0x00000000080035d8                _spi_driver_api_list_start = .
 *(SORT_BY_NAME(SORT_BY_ALIGNMENT(._spi_driver_api.static.*)))
                0x00000000080035d8                _spi_driver_api_list_end = .

stepper_driver_api_area
                0x00000000080035d8        0x0
                0x00000000080035d8                _stepper_driver_api_list_start = .
 *(SORT_BY_NAME(SORT_BY_ALIGNMENT(._stepper_driver_api.static.*)))
                0x00000000080035d8                _stepper_driver_api_list_end = .

syscon_driver_api_area
                0x00000000080035d8        0x0
                0x00000000080035d8                _syscon_driver_api_list_start = .
 *(SORT_BY_NAME(SORT_BY_ALIGNMENT(._syscon_driver_api.static.*)))
                0x00000000080035d8                _syscon_driver_api_list_end = .

tee_driver_api_area
                0x00000000080035d8        0x0
                0x00000000080035d8                _tee_driver_api_list_start = .
 *(SORT_BY_NAME(SORT_BY_ALIGNMENT(._tee_driver_api.static.*)))
                0x00000000080035d8                _tee_driver_api_list_end = .

video_driver_api_area
                0x00000000080035d8        0x0
                0x00000000080035d8                _video_driver_api_list_start = .
 *(SORT_BY_NAME(SORT_BY_ALIGNMENT(._video_driver_api.static.*)))
                0x00000000080035d8                _video_driver_api_list_end = .

virtio_driver_api_area
                0x00000000080035d8        0x0
                0x00000000080035d8                _virtio_driver_api_list_start = .
 *(SORT_BY_NAME(SORT_BY_ALIGNMENT(._virtio_driver_api.static.*)))
                0x00000000080035d8                _virtio_driver_api_list_end = .

w1_driver_api_area
                0x00000000080035d8        0x0
                0x00000000080035d8                _w1_driver_api_list_start = .
 *(SORT_BY_NAME(SORT_BY_ALIGNMENT(._w1_driver_api.static.*)))
                0x00000000080035d8                _w1_driver_api_list_end = .

wdt_driver_api_area
                0x00000000080035d8        0x0
                0x00000000080035d8                _wdt_driver_api_list_start = .
 *(SORT_BY_NAME(SORT_BY_ALIGNMENT(._wdt_driver_api.static.*)))
                0x00000000080035d8                _wdt_driver_api_list_end = .

can_transceiver_driver_api_area
                0x00000000080035d8        0x0
                0x00000000080035d8                _can_transceiver_driver_api_list_start = .
 *(SORT_BY_NAME(SORT_BY_ALIGNMENT(._can_transceiver_driver_api.static.*)))
                0x00000000080035d8                _can_transceiver_driver_api_list_end = .

nrf_clock_control_driver_api_area
                0x00000000080035d8        0x0
                0x00000000080035d8                _nrf_clock_control_driver_api_list_start = .
 *(SORT_BY_NAME(SORT_BY_ALIGNMENT(._nrf_clock_control_driver_api.static.*)))
                0x00000000080035d8                _nrf_clock_control_driver_api_list_end = .

i3c_target_driver_api_area
                0x00000000080035d8        0x0
                0x00000000080035d8                _i3c_target_driver_api_list_start = .
 *(SORT_BY_NAME(SORT_BY_ALIGNMENT(._i3c_target_driver_api.static.*)))
                0x00000000080035d8                _i3c_target_driver_api_list_end = .

its_driver_api_area
                0x00000000080035d8        0x0
                0x00000000080035d8                _its_driver_api_list_start = .
 *(SORT_BY_NAME(SORT_BY_ALIGNMENT(._its_driver_api.static.*)))
                0x00000000080035d8                _its_driver_api_list_end = .

vtd_driver_api_area
                0x00000000080035d8        0x0
                0x00000000080035d8                _vtd_driver_api_list_start = .
 *(SORT_BY_NAME(SORT_BY_ALIGNMENT(._vtd_driver_api.static.*)))
                0x00000000080035d8                _vtd_driver_api_list_end = .

renesas_elc_driver_api_area
                0x00000000080035d8        0x0
                0x00000000080035d8                _renesas_elc_driver_api_list_start = .
 *(SORT_BY_NAME(SORT_BY_ALIGNMENT(._renesas_elc_driver_api.static.*)))
                0x00000000080035d8                _renesas_elc_driver_api_list_end = .

tgpio_driver_api_area
                0x00000000080035d8        0x0
                0x00000000080035d8                _tgpio_driver_api_list_start = .
 *(SORT_BY_NAME(SORT_BY_ALIGNMENT(._tgpio_driver_api.static.*)))
                0x00000000080035d8                _tgpio_driver_api_list_end = .

pcie_ctrl_driver_api_area
                0x00000000080035d8        0x0
                0x00000000080035d8                _pcie_ctrl_driver_api_list_start = .
 *(SORT_BY_NAME(SORT_BY_ALIGNMENT(._pcie_ctrl_driver_api.static.*)))
                0x00000000080035d8                _pcie_ctrl_driver_api_list_end = .

pcie_ep_driver_api_area
                0x00000000080035d8        0x0
                0x00000000080035d8                _pcie_ep_driver_api_list_start = .
 *(SORT_BY_NAME(SORT_BY_ALIGNMENT(._pcie_ep_driver_api.static.*)))
                0x00000000080035d8                _pcie_ep_driver_api_list_end = .

psi5_driver_api_area
                0x00000000080035d8        0x0
                0x00000000080035d8                _psi5_driver_api_list_start = .
 *(SORT_BY_NAME(SORT_BY_ALIGNMENT(._psi5_driver_api.static.*)))
                0x00000000080035d8                _psi5_driver_api_list_end = .

sent_driver_api_area
                0x00000000080035d8        0x0
                0x00000000080035d8                _sent_driver_api_list_start = .
 *(SORT_BY_NAME(SORT_BY_ALIGNMENT(._sent_driver_api.static.*)))
                0x00000000080035d8                _sent_driver_api_list_end = .

svc_driver_api_area
                0x00000000080035d8        0x0
                0x00000000080035d8                _svc_driver_api_list_start = .
 *(SORT_BY_NAME(SORT_BY_ALIGNMENT(._svc_driver_api.static.*)))
                0x00000000080035d8                _svc_driver_api_list_end = .

uart_driver_api_area
                0x00000000080035d8       0x4c
                0x00000000080035d8                _uart_driver_api_list_start = .
 *(SORT_BY_NAME(SORT_BY_ALIGNMENT(._uart_driver_api.static.*)))
 ._uart_driver_api.static.uart_stm32_driver_api_
                0x00000000080035d8       0x4c zephyr/drivers/serial/libdrivers__serial.a(uart_stm32.c.obj)
                0x0000000008003624                _uart_driver_api_list_end = .

bc12_emul_driver_api_area
                0x0000000008003624        0x0
                0x0000000008003624                _bc12_emul_driver_api_list_start = .
 *(SORT_BY_NAME(SORT_BY_ALIGNMENT(._bc12_emul_driver_api.static.*)))
                0x0000000008003624                _bc12_emul_driver_api_list_end = .

bc12_driver_api_area
                0x0000000008003624        0x0
                0x0000000008003624                _bc12_driver_api_list_start = .
 *(SORT_BY_NAME(SORT_BY_ALIGNMENT(._bc12_driver_api.static.*)))
                0x0000000008003624                _bc12_driver_api_list_end = .

usbc_ppc_driver_api_area
                0x0000000008003624        0x0
                0x0000000008003624                _usbc_ppc_driver_api_list_start = .
 *(SORT_BY_NAME(SORT_BY_ALIGNMENT(._usbc_ppc_driver_api.static.*)))
                0x0000000008003624                _usbc_ppc_driver_api_list_end = .

tcpc_driver_api_area
                0x0000000008003624        0x0
                0x0000000008003624                _tcpc_driver_api_list_start = .
 *(SORT_BY_NAME(SORT_BY_ALIGNMENT(._tcpc_driver_api.static.*)))
                0x0000000008003624                _tcpc_driver_api_list_end = .

usbc_vbus_driver_api_area
                0x0000000008003624        0x0
                0x0000000008003624                _usbc_vbus_driver_api_list_start = .
 *(SORT_BY_NAME(SORT_BY_ALIGNMENT(._usbc_vbus_driver_api.static.*)))
                0x0000000008003624                _usbc_vbus_driver_api_list_end = .

ivshmem_driver_api_area
                0x0000000008003624        0x0
                0x0000000008003624                _ivshmem_driver_api_list_start = .
 *(SORT_BY_NAME(SORT_BY_ALIGNMENT(._ivshmem_driver_api.static.*)))
                0x0000000008003624                _ivshmem_driver_api_list_end = .

ethphy_driver_api_area
                0x0000000008003624        0x0
                0x0000000008003624                _ethphy_driver_api_list_start = .
 *(SORT_BY_NAME(SORT_BY_ALIGNMENT(._ethphy_driver_api.static.*)))
                0x0000000008003624                _ethphy_driver_api_list_end = .

ztest           0x0000000008003624        0x0
                0x0000000008003624                _ztest_expected_result_entry_list_start = .
 *(SORT_BY_NAME(SORT_BY_ALIGNMENT(._ztest_expected_result_entry.static.*)))
                0x0000000008003624                _ztest_expected_result_entry_list_end = .
                0x0000000008003624                _ztest_suite_node_list_start = .
 *(SORT_BY_NAME(SORT_BY_ALIGNMENT(._ztest_suite_node.static.*)))
                0x0000000008003624                _ztest_suite_node_list_end = .
                0x0000000008003624                _ztest_unit_test_list_start = .
 *(SORT_BY_NAME(SORT_BY_ALIGNMENT(._ztest_unit_test.static.*)))
                0x0000000008003624                _ztest_unit_test_list_end = .
                0x0000000008003624                _ztest_test_rule_list_start = .
 *(SORT_BY_NAME(SORT_BY_ALIGNMENT(._ztest_test_rule.static.*)))
                0x0000000008003624                _ztest_test_rule_list_end = .

init_array      0x0000000008003624        0x0
                0x0000000008003624                __zephyr_init_array_start = .
 *(SORT_BY_INIT_PRIORITY(.init_array.*) SORT_BY_INIT_PRIORITY(.ctors.*))
 *(SORT_BY_ALIGNMENT(.init_array) SORT_BY_ALIGNMENT(.ctors))
                0x0000000008003624                __zephyr_init_array_end = .
                0x0000000000000001                ASSERT ((__zephyr_init_array_start == __zephyr_init_array_end), GNU-style constructors required but STATIC_INIT_GNU not enabled)

bt_l2cap_fixed_chan_area
                0x0000000008003624        0x0
                0x0000000008003624                _bt_l2cap_fixed_chan_list_start = .
 *(SORT_BY_NAME(SORT_BY_ALIGNMENT(._bt_l2cap_fixed_chan.static.*)))
                0x0000000008003624                _bt_l2cap_fixed_chan_list_end = .

bt_gatt_service_static_area
                0x0000000008003624        0x0
                0x0000000008003624                _bt_gatt_service_static_list_start = .
 *(SORT_BY_NAME(SORT_BY_ALIGNMENT(._bt_gatt_service_static.static.*)))
                0x0000000008003624                _bt_gatt_service_static_list_end = .

log_strings_area
                0x0000000008003624        0x0
                0x0000000008003624                _log_strings_list_start = .
 *(SORT_BY_NAME(SORT_BY_ALIGNMENT(._log_strings.static.*)))
                0x0000000008003624                _log_strings_list_end = .

log_stmesp_ptr_area
                0x0000000008003624        0x0
                0x0000000008003624                _log_stmesp_ptr_list_start = .
 *(SORT_BY_NAME(SORT_BY_ALIGNMENT(._log_stmesp_ptr.static.*)))
                0x0000000008003624                _log_stmesp_ptr_list_end = .

log_stmesp_str_area
                0x0000000008003624        0x0
                0x0000000008003624                _log_stmesp_str_list_start = .
 *(SORT_BY_NAME(SORT_BY_ALIGNMENT(._log_stmesp_str.static.*)))
                0x0000000008003624                _log_stmesp_str_list_end = .

log_const_area  0x0000000008003624        0x0
                0x0000000008003624                _log_const_list_start = .
 *(SORT_BY_NAME(SORT_BY_ALIGNMENT(._log_const.static.*)))
                0x0000000008003624                _log_const_list_end = .

log_backend_area
                0x0000000008003624        0x0
                0x0000000008003624                _log_backend_list_start = .
 *(SORT_BY_NAME(SORT_BY_ALIGNMENT(._log_backend.static.*)))
                0x0000000008003624                _log_backend_list_end = .

log_link_area   0x0000000008003624        0x0
                0x0000000008003624                _log_link_list_start = .
 *(SORT_BY_NAME(SORT_BY_ALIGNMENT(._log_link.static.*)))
                0x0000000008003624                _log_link_list_end = .

tracing_backend_area
                0x0000000008003624        0x0
                0x0000000008003624                _tracing_backend_list_start = .
 *(SORT_BY_NAME(SORT_BY_ALIGNMENT(._tracing_backend.static.*)))
                0x0000000008003624                _tracing_backend_list_end = .

zephyr_dbg_info
 *(SORT_BY_ALIGNMENT(.dbg_thread_info))

intc_table_area
                0x0000000008003624        0x0
                0x0000000008003624                _intc_table_list_start = .
 *(SORT_BY_NAME(SORT_BY_ALIGNMENT(._intc_table.static.*)))
                0x0000000008003624                _intc_table_list_end = .

symbol_to_keep  0x0000000008003624        0x0
                0x0000000008003624                __symbol_to_keep_start = .
 *(SORT_BY_NAME(SORT_BY_ALIGNMENT(.symbol_to_keep*)))
                0x0000000008003624                __symbol_to_keep_end = .

shell_area      0x0000000008003624        0x0
                0x0000000008003624                _shell_list_start = .
 *(SORT_BY_NAME(SORT_BY_ALIGNMENT(._shell.static.*)))
                0x0000000008003624                _shell_list_end = .

shell_root_cmds_area
                0x0000000008003624        0x0
                0x0000000008003624                _shell_root_cmds_list_start = .
 *(SORT_BY_NAME(SORT_BY_ALIGNMENT(._shell_root_cmds.static.*)))
                0x0000000008003624                _shell_root_cmds_list_end = .

shell_subcmds_area
                0x0000000008003624        0x0
                0x0000000008003624                _shell_subcmds_list_start = .
 *(SORT_BY_NAME(SORT_BY_ALIGNMENT(._shell_subcmds.static.*)))
                0x0000000008003624                _shell_subcmds_list_end = .

shell_dynamic_subcmds_area
                0x0000000008003624        0x0
                0x0000000008003624                _shell_dynamic_subcmds_list_start = .
 *(SORT_BY_NAME(SORT_BY_ALIGNMENT(._shell_dynamic_subcmds.static.*)))
                0x0000000008003624                _shell_dynamic_subcmds_list_end = .

cfb_font_area   0x0000000008003624        0x0
                0x0000000008003624                _cfb_font_list_start = .
 *(SORT_BY_NAME(SORT_BY_ALIGNMENT(._cfb_font.static.*)))
                0x0000000008003624                _cfb_font_list_end = .

tdata           0x0000000008003624        0x0
 *(SORT_BY_ALIGNMENT(.tdata) SORT_BY_ALIGNMENT(.tdata.*) SORT_BY_ALIGNMENT(.gnu.linkonce.td.*))

tbss            0x0000000008003624        0x4
 *(SORT_BY_ALIGNMENT(.tbss) SORT_BY_ALIGNMENT(.tbss.*) SORT_BY_ALIGNMENT(.gnu.linkonce.tb.*) SORT_BY_ALIGNMENT(.tcommon))
 .tbss.z_tls_current
                0x0000000008003624        0x4 zephyr/libzephyr.a(thread_entry.c.obj)
                0x0000000008003624                z_tls_current
                0x0000000008003624                PROVIDE (__tdata_start = LOADADDR (tdata))
                0x0000000000000001                PROVIDE (__tdata_align = ALIGNOF (tdata))
                0x0000000000000000                PROVIDE (__tdata_size = (((SIZEOF (tdata) + __tdata_align) - 0x1) & ~ ((__tdata_align - 0x1))))
                [!provide]                        PROVIDE (__tdata_end = (__tdata_start + __tdata_size))
                0x0000000000000004                PROVIDE (__tbss_align = ALIGNOF (tbss))
                [!provide]                        PROVIDE (__tbss_start = ADDR (tbss))
                0x0000000000000004                PROVIDE (__tbss_size = (((SIZEOF (tbss) + __tbss_align) - 0x1) & ~ ((__tbss_align - 0x1))))
                [!provide]                        PROVIDE (__tbss_end = (__tbss_start + __tbss_size))
                [!provide]                        PROVIDE (__tls_start = __tdata_start)
                [!provide]                        PROVIDE (__tls_end = __tbss_end)
                [!provide]                        PROVIDE (__tls_size = (__tbss_end - __tdata_start))

rodata          0x0000000008003624      0x460
 *(SORT_BY_ALIGNMENT(.rodata))
 *(SORT_BY_ALIGNMENT(.rodata.*))
 .rodata.usart2_config
                0x0000000008003624        0x8 app/libapp.a(main.c.obj)
                0x0000000008003624                usart2_config
 .rodata.mem_attr_region
                0x000000000800362c        0x0 zephyr/libzephyr.a(mem_attr.c.obj)
 .rodata.static_regions
                0x000000000800362c        0xc zephyr/arch/arch/arm/core/mpu/libarch__arm__core__mpu.a(arm_core_mpu.c.obj)
 .rodata.mpu_config
                0x0000000008003638        0x8 zephyr/arch/arch/arm/core/mpu/libarch__arm__core__mpu.a(arm_mpu_regions.c.obj)
                0x0000000008003638                mpu_config
 .rodata.mpu_regions
                0x0000000008003640       0x18 zephyr/arch/arch/arm/core/mpu/libarch__arm__core__mpu.a(arm_mpu_regions.c.obj)
 .rodata.gpio_stm32_cfg_f
                0x0000000008003658       0x14 zephyr/drivers/gpio/libdrivers__gpio.a(gpio_stm32.c.obj)
 .rodata.gpio_stm32_cfg_d
                0x000000000800366c       0x14 zephyr/drivers/gpio/libdrivers__gpio.a(gpio_stm32.c.obj)
 .rodata.gpio_stm32_cfg_c
                0x0000000008003680       0x14 zephyr/drivers/gpio/libdrivers__gpio.a(gpio_stm32.c.obj)
 .rodata.gpio_stm32_cfg_b
                0x0000000008003694       0x14 zephyr/drivers/gpio/libdrivers__gpio.a(gpio_stm32.c.obj)
 .rodata.gpio_stm32_cfg_a
                0x00000000080036a8       0x14 zephyr/drivers/gpio/libdrivers__gpio.a(gpio_stm32.c.obj)
 .rodata.gpio_ports
                0x00000000080036bc       0x68 zephyr/drivers/pinctrl/libdrivers__pinctrl.a(pinctrl_stm32.c.obj)
 .rodata.reset_stm32_config
                0x0000000008003724        0x4 zephyr/drivers/reset/libdrivers__reset.a(reset_stm32.c.obj)
 .rodata.uart_stm32_cfg_1
                0x0000000008003728       0x28 zephyr/drivers/serial/libdrivers__serial.a(uart_stm32.c.obj)
 .rodata.pclken_1
                0x0000000008003750        0x8 zephyr/drivers/serial/libdrivers__serial.a(uart_stm32.c.obj)
 .rodata.__pinctrl_dev_config__device_dts_ord_52
                0x0000000008003758        0x8 zephyr/drivers/serial/libdrivers__serial.a(uart_stm32.c.obj)
 .rodata.__pinctrl_states__device_dts_ord_52
                0x0000000008003760        0x8 zephyr/drivers/serial/libdrivers__serial.a(uart_stm32.c.obj)
 .rodata.__pinctrl_state_pins_0__device_dts_ord_52
                0x0000000008003768       0x10 zephyr/drivers/serial/libdrivers__serial.a(uart_stm32.c.obj)
 .rodata.uart_stm32_cfg_0
                0x0000000008003778       0x28 zephyr/drivers/serial/libdrivers__serial.a(uart_stm32.c.obj)
 .rodata.pclken_0
                0x00000000080037a0        0x8 zephyr/drivers/serial/libdrivers__serial.a(uart_stm32.c.obj)
 .rodata.__pinctrl_dev_config__device_dts_ord_58
                0x00000000080037a8        0x8 zephyr/drivers/serial/libdrivers__serial.a(uart_stm32.c.obj)
 .rodata.__pinctrl_states__device_dts_ord_58
                0x00000000080037b0        0x8 zephyr/drivers/serial/libdrivers__serial.a(uart_stm32.c.obj)
 .rodata.__pinctrl_state_pins_0__device_dts_ord_58
                0x00000000080037b8       0x10 zephyr/drivers/serial/libdrivers__serial.a(uart_stm32.c.obj)
 .rodata.AHBPrescTable
                0x00000000080037c8       0x40 modules/hal_stm32/stm32cube/lib..__modules__hal__stm32__stm32cube.a(system_stm32g0xx.c.obj)
                0x00000000080037c8                AHBPrescTable
 .rodata.levels.0
                0x0000000008003808       0x18 zephyr/kernel/libkernel.a(init.c.obj)
 .rodata.CSWTCH.108
                0x0000000008003820        0x6 zephyr/drivers/serial/libdrivers__serial.a(uart_stm32.c.obj)
 .rodata.z_arm_fatal_error.str1.1
                0x0000000008003826       0xb3 zephyr/arch/arch/arm/core/libarch__arm__core.a(fatal.c.obj)
 .rodata.z_arm_fault.str1.1
                0x00000000080038d9       0xa3 zephyr/arch/arch/arm/core/cortex_m/libarch__arm__core__cortex_m.a(fault.c.obj)
 .rodata.str1.1
                0x000000000800397c        0xf zephyr/arch/arch/arm/core/mpu/libarch__arm__core__mpu.a(arm_mpu_regions.c.obj)
 .rodata.line_range_2.0
                0x000000000800398b        0x2 zephyr/drivers/interrupt_controller/libdrivers__interrupt_controller.a(intc_gpio_stm32.c.obj)
 .rodata.line_range_1.1
                0x000000000800398d        0x2 zephyr/drivers/interrupt_controller/libdrivers__interrupt_controller.a(intc_gpio_stm32.c.obj)
 .rodata.line_range_0.2
                0x000000000800398f        0x2 zephyr/drivers/interrupt_controller/libdrivers__interrupt_controller.a(intc_gpio_stm32.c.obj)
 .rodata.str1.1
                0x0000000008003991       0x1e zephyr/drivers/interrupt_controller/libdrivers__interrupt_controller.a(intc_exti_stm32.c.obj)
 .rodata.str1.1
                0x00000000080039af        0xd zephyr/drivers/clock_control/libdrivers__clock_control.a(clock_stm32_ll_common.c.obj)
 .rodata.str1.1
                0x00000000080039bc       0x46 zephyr/drivers/gpio/libdrivers__gpio.a(gpio_stm32.c.obj)
 .rodata.str1.1
                0x0000000008003a02       0x11 zephyr/drivers/reset/libdrivers__reset.a(reset_stm32.c.obj)
 .rodata.str1.1
                0x0000000008003a13       0x20 zephyr/drivers/serial/libdrivers__serial.a(uart_stm32.c.obj)
 .rodata.z_cstart.str1.1
                0x0000000008003a33        0x5 zephyr/kernel/libkernel.a(init.c.obj)
 .rodata.boot_banner.str1.1
                0x0000000008003a38       0x3b zephyr/kernel/libkernel.a(banner.c.obj)
 .rodata.__l_vfprintf.str1.1
                0x0000000008003a73        0xf c:\users\lince\zephyr_project\zephyrproject\zephyr\zephyr-sdk-0.17.4\arm-zephyr-eabi\bin\../lib/gcc/../../picolibc/arm-zephyr-eabi/lib/thumb/v6-m/nofp\libc.a(libc_tinystdio_vflprintf.c.o)
 *(SORT_BY_ALIGNMENT(.gnu.linkonce.r.*))
                0x0000000008003a84                . = ALIGN (0x4)
 *fill*         0x0000000008003a82        0x2 

/DISCARD/
 *(SORT_BY_ALIGNMENT(.eh_frame))
                0x0000000008003a84                __rodata_region_end = .
                0x0000000008003b00                . = ALIGN (_region_min_align)
                0x0000000008004000                . = ALIGN ((0x1 << LOG2CEIL ((__rodata_region_end - ADDR (rom_start)))))
                0x0000000008004000                __rom_region_end = ((__rom_region_start + .) - ADDR (rom_start))
                0x0000000000004000                __rom_region_size = (__rom_region_end - __rom_region_start)

/DISCARD/
 *(SORT_BY_ALIGNMENT(.got.plt))
 *(SORT_BY_ALIGNMENT(.igot.plt))
 *(SORT_BY_ALIGNMENT(.got))
 *(SORT_BY_ALIGNMENT(.igot))
                0x0000000020000000                . = 0x20000000
                0x0000000020000000                . = ALIGN (_region_min_align)
                0x0000000020000000                _image_ram_start = .

.ramfunc        0x0000000020000000        0x0 load address 0x0000000008003a84
                0x0000000020000000                __ramfunc_region_start = .
                0x0000000020000000                . = ALIGN (_region_min_align)
                0x0000000020000000                . = ALIGN ((0x1 << LOG2CEIL (__ramfunc_size)))
                0x0000000020000000                __ramfunc_start = .
 *(SORT_BY_ALIGNMENT(.ramfunc))
 *(SORT_BY_ALIGNMENT(.ramfunc.*))
                0x0000000020000000                . = ALIGN (_region_min_align)
                0x0000000020000000                . = ALIGN ((0x1 << LOG2CEIL (__ramfunc_size)))
                0x0000000020000000                __ramfunc_end = .
                0x0000000000000000                __ramfunc_size = (__ramfunc_end - __ramfunc_start)
                0x0000000008003a84                __ramfunc_load_start = LOADADDR (.ramfunc)

datas           0x0000000020000000       0x68 load address 0x0000000008003a84
                0x0000000020000000                __data_region_start = .
                0x0000000020000000                __data_start = .
 *(SORT_BY_ALIGNMENT(.data))
 *(SORT_BY_ALIGNMENT(.data.*))
 .data.usart2   0x0000000020000000        0x4 app/libapp.a(main.c.obj)
                0x0000000020000000                usart2
 .data._char_out
                0x0000000020000004        0x4 zephyr/libzephyr.a(printk.c.obj)
 .data.__stdout
                0x0000000020000008       0x10 zephyr/lib/libc/picolibc/liblib__libc__picolibc.a(stdio.c.obj)
 .data.uart_stm32_data_1
                0x0000000020000018       0x10 zephyr/drivers/serial/libdrivers__serial.a(uart_stm32.c.obj)
 .data.uart_cfg_1
                0x0000000020000028        0x8 zephyr/drivers/serial/libdrivers__serial.a(uart_stm32.c.obj)
 .data.uart_stm32_data_0
                0x0000000020000030       0x10 zephyr/drivers/serial/libdrivers__serial.a(uart_stm32.c.obj)
 .data.uart_cfg_0
                0x0000000020000040        0x8 zephyr/drivers/serial/libdrivers__serial.a(uart_stm32.c.obj)
 .data.SystemCoreClock
                0x0000000020000048        0x4 modules/hal_stm32/stm32cube/lib..__modules__hal__stm32__stm32cube.a(system_stm32g0xx.c.obj)
                0x0000000020000048                SystemCoreClock
 .data.slice_ticks
                0x000000002000004c        0x4 zephyr/kernel/libkernel.a(timeslicing.c.obj)
 .data.timeout_list
                0x0000000020000050        0x8 zephyr/kernel/libkernel.a(timeout.c.obj)
 .data.exti_irq_table
                0x0000000020000058       0x10 zephyr/drivers/interrupt_controller/libdrivers__interrupt_controller.a(intc_gpio_stm32.c.obj)
 *(SORT_BY_ALIGNMENT(.kernel.*))
                0x0000000020000068                __data_end = .
                0x0000000000000068                __data_size = (__data_end - __data_start)
                0x0000000008003a84                __data_load_start = LOADADDR (datas)
                0x0000000008003a84                __data_region_load_start = LOADADDR (datas)

device_states   0x0000000020000068       0x14 load address 0x0000000008003aec
                0x0000000020000068                . = ALIGN (0x4)
                0x0000000020000068                __device_states_start = .
 *(SORT_BY_ALIGNMENT(.z_devstate))
 .z_devstate    0x0000000020000068        0x2 zephyr/drivers/interrupt_controller/libdrivers__interrupt_controller.a(intc_exti_stm32.c.obj)
 .z_devstate    0x000000002000006a        0x2 zephyr/drivers/clock_control/libdrivers__clock_control.a(clock_stm32_ll_common.c.obj)
 .z_devstate    0x000000002000006c        0xa zephyr/drivers/gpio/libdrivers__gpio.a(gpio_stm32.c.obj)
 .z_devstate    0x0000000020000076        0x2 zephyr/drivers/reset/libdrivers__reset.a(reset_stm32.c.obj)
 .z_devstate    0x0000000020000078        0x4 zephyr/drivers/serial/libdrivers__serial.a(uart_stm32.c.obj)
 *(SORT_BY_ALIGNMENT(.z_devstate.*))
                0x000000002000007c                __device_states_end = .
                0x000000002000007c                . = ALIGN (0x4)

log_mpsc_pbuf_area
                0x000000002000007c        0x0 load address 0x0000000008003b00
                0x000000002000007c                _log_mpsc_pbuf_list_start = .
 *(SORT_BY_NAME(SORT_BY_ALIGNMENT(._log_mpsc_pbuf.static.*)))
                0x000000002000007c                _log_mpsc_pbuf_list_end = .

log_msg_ptr_area
                0x000000002000007c        0x0 load address 0x0000000008003b00
                0x000000002000007c                _log_msg_ptr_list_start = .
 *(SORT_BY_NAME(SORT_BY_ALIGNMENT(._log_msg_ptr.static.*)))
                0x000000002000007c                _log_msg_ptr_list_end = .

log_dynamic_area
                0x000000002000007c        0x0 load address 0x0000000008003b00
                0x000000002000007c                _log_dynamic_list_start = .
 *(SORT_BY_NAME(SORT_BY_ALIGNMENT(._log_dynamic.static.*)))
                0x000000002000007c                _log_dynamic_list_end = .

k_timer_area    0x000000002000007c        0x0 load address 0x0000000008003b00
                0x000000002000007c                _k_timer_list_start = .
 *(SORT_BY_NAME(SORT_BY_ALIGNMENT(._k_timer.static.*)))
                0x000000002000007c                _k_timer_list_end = .

k_mem_slab_area
                0x000000002000007c        0x0 load address 0x0000000008003b00
                0x000000002000007c                _k_mem_slab_list_start = .
 *(SORT_BY_NAME(SORT_BY_ALIGNMENT(._k_mem_slab.static.*)))
                0x000000002000007c                _k_mem_slab_list_end = .

k_heap_area     0x000000002000007c        0x0 load address 0x0000000008003b00
                0x000000002000007c                _k_heap_list_start = .
 *(SORT_BY_NAME(SORT_BY_ALIGNMENT(._k_heap.static.*)))
                0x000000002000007c                _k_heap_list_end = .

k_mutex_area    0x000000002000007c        0x0 load address 0x0000000008003b00
                0x000000002000007c                _k_mutex_list_start = .
 *(SORT_BY_NAME(SORT_BY_ALIGNMENT(._k_mutex.static.*)))
                0x000000002000007c                _k_mutex_list_end = .

k_stack_area    0x000000002000007c        0x0 load address 0x0000000008003b00
                0x000000002000007c                _k_stack_list_start = .
 *(SORT_BY_NAME(SORT_BY_ALIGNMENT(._k_stack.static.*)))
                0x000000002000007c                _k_stack_list_end = .

k_msgq_area     0x000000002000007c        0x0 load address 0x0000000008003b00
                0x000000002000007c                _k_msgq_list_start = .
 *(SORT_BY_NAME(SORT_BY_ALIGNMENT(._k_msgq.static.*)))
                0x000000002000007c                _k_msgq_list_end = .

k_mbox_area     0x000000002000007c        0x0 load address 0x0000000008003b00
                0x000000002000007c                _k_mbox_list_start = .
 *(SORT_BY_NAME(SORT_BY_ALIGNMENT(._k_mbox.static.*)))
                0x000000002000007c                _k_mbox_list_end = .

k_pipe_area     0x000000002000007c        0x0 load address 0x0000000008003b00
                0x000000002000007c                _k_pipe_list_start = .
 *(SORT_BY_NAME(SORT_BY_ALIGNMENT(._k_pipe.static.*)))
                0x000000002000007c                _k_pipe_list_end = .
