Archive member included to satisfy reference by file (symbol)

app/libapp.a(main.c.obj)      (--whole-archive)
zephyr/libzephyr.a(validate_libc.c.obj)
                              (--whole-archive)
zephyr/libzephyr.a(heap.c.obj)
                              (--whole-archive)
zephyr/libzephyr.a(cbprintf_packaged.c.obj)
                              (--whole-archive)
zephyr/libzephyr.a(clock.c.obj)
                              (--whole-archive)
zephyr/libzephyr.a(printk.c.obj)
                              (--whole-archive)
zephyr/libzephyr.a(sem.c.obj)
                              (--whole-archive)
zephyr/libzephyr.a(thread_entry.c.obj)
                              (--whole-archive)
zephyr/libzephyr.a(cbprintf_complete.c.obj)
                              (--whole-archive)
zephyr/libzephyr.a(assert.c.obj)
                              (--whole-archive)
zephyr/libzephyr.a(dec.c.obj)
                              (--whole-archive)
zephyr/libzephyr.a(hex.c.obj)
                              (--whole-archive)
zephyr/libzephyr.a(rb.c.obj)  (--whole-archive)
zephyr/libzephyr.a(timeutil.c.obj)
                              (--whole-archive)
zephyr/libzephyr.a(bitarray.c.obj)
                              (--whole-archive)
zephyr/libzephyr.a(bitmask.c.obj)
                              (--whole-archive)
zephyr/libzephyr.a(ring_buffer.c.obj)
                              (--whole-archive)
zephyr/libzephyr.a(last_section_id.c.obj)
                              (--whole-archive)
zephyr/libzephyr.a(configs.c.obj)
                              (--whole-archive)
zephyr/libzephyr.a(stm32cube_hal.c.obj)
                              (--whole-archive)
zephyr/libzephyr.a(soc_config.c.obj)
                              (--whole-archive)
zephyr/libzephyr.a(stm32_backup_domain.c.obj)
                              (--whole-archive)
zephyr/libzephyr.a(soc.c.obj)
                              (--whole-archive)
zephyr/libzephyr.a(mem_attr.c.obj)
                              (--whole-archive)
zephyr/libzephyr.a(tracing_none.c.obj)
                              (--whole-archive)
zephyr/arch/common/libarch__common.a(sw_isr_common.c.obj)
                              (--whole-archive)
zephyr/arch/common/libarch__common.a(init.c.obj)
                              (--whole-archive)
zephyr/arch/common/libarch__common.a(xip.c.obj)
                              (--whole-archive)
zephyr/arch/arch/arm/core/libarch__arm__core.a(fatal.c.obj)
                              (--whole-archive)
zephyr/arch/arch/arm/core/libarch__arm__core.a(nmi.c.obj)
                              (--whole-archive)
zephyr/arch/arch/arm/core/libarch__arm__core.a(nmi_on_reset.S.obj)
                              (--whole-archive)
zephyr/arch/arch/arm/core/libarch__arm__core.a(tls.c.obj)
                              (--whole-archive)
zephyr/arch/arch/arm/core/cortex_m/libarch__arm__core__cortex_m.a(exc_exit.c.obj)
                              (--whole-archive)
zephyr/arch/arch/arm/core/cortex_m/libarch__arm__core__cortex_m.a(fault.c.obj)
                              (--whole-archive)
zephyr/arch/arch/arm/core/cortex_m/libarch__arm__core__cortex_m.a(fault_s.S.obj)
                              (--whole-archive)
zephyr/arch/arch/arm/core/cortex_m/libarch__arm__core__cortex_m.a(fpu.c.obj)
                              (--whole-archive)
zephyr/arch/arch/arm/core/cortex_m/libarch__arm__core__cortex_m.a(reset.S.obj)
                              (--whole-archive)
zephyr/arch/arch/arm/core/cortex_m/libarch__arm__core__cortex_m.a(scb.c.obj)
                              (--whole-archive)
zephyr/arch/arch/arm/core/cortex_m/libarch__arm__core__cortex_m.a(thread_abort.c.obj)
                              (--whole-archive)
zephyr/arch/arch/arm/core/cortex_m/libarch__arm__core__cortex_m.a(vector_table.S.obj)
                              (--whole-archive)
zephyr/arch/arch/arm/core/cortex_m/libarch__arm__core__cortex_m.a(swap_helper.S.obj)
                              (--whole-archive)
zephyr/arch/arch/arm/core/cortex_m/libarch__arm__core__cortex_m.a(irq_manage.c.obj)
                              (--whole-archive)
zephyr/arch/arch/arm/core/cortex_m/libarch__arm__core__cortex_m.a(prep_c.c.obj)
                              (--whole-archive)
zephyr/arch/arch/arm/core/cortex_m/libarch__arm__core__cortex_m.a(thread.c.obj)
                              (--whole-archive)
zephyr/arch/arch/arm/core/cortex_m/libarch__arm__core__cortex_m.a(cpu_idle.c.obj)
                              (--whole-archive)
zephyr/arch/arch/arm/core/cortex_m/libarch__arm__core__cortex_m.a(irq_init.c.obj)
                              (--whole-archive)
zephyr/arch/arch/arm/core/cortex_m/libarch__arm__core__cortex_m.a(isr_wrapper.c.obj)
                              (--whole-archive)
zephyr/arch/arch/arm/core/cortex_m/libarch__arm__core__cortex_m.a(__aeabi_read_tp.S.obj)
                              (--whole-archive)
zephyr/arch/arch/arm/core/mpu/libarch__arm__core__mpu.a(arm_core_mpu.c.obj)
[...]
Memory Configuration

Name             Origin             Length             Attributes
FLASH            0x0000000008000000 0x0000000000080000 xr
RAM              0x0000000020000000 0x0000000000014000 xw
IDT_LIST         0x00000000ffff7fff 0x0000000000008000 xw
*default*        0x0000000000000000 0xffffffffffffffff

Linker script and memory map

                0x000000000800270c                vfprintf = __l_vfprintf
                0x0000000000000000                vfscanf = __l_vfscanf
LOAD zephyr/CMakeFiles/zephyr_pre0.dir/misc/empty_file.c.obj
LOAD zephyr/CMakeFiles/offsets.dir/./arch/arm/core/offsets/offsets.c.obj
LOAD app/libapp.a
LOAD zephyr/libzephyr.a
LOAD zephyr/arch/common/libarch__common.a
LOAD zephyr/arch/arch/arm/core/libarch__arm__core.a
LOAD zephyr/arch/arch/arm/core/cortex_m/libarch__arm__core__cortex_m.a
LOAD zephyr/arch/arch/arm/core/mpu/libarch__arm__core__mpu.a
LOAD zephyr/lib/libc/picolibc/liblib__libc__picolibc.a
LOAD zephyr/lib/libc/common/liblib__libc__common.a
LOAD zephyr/drivers/interrupt_controller/libdrivers__interrupt_controller.a
LOAD zephyr/drivers/clock_control/libdrivers__clock_control.a
LOAD zephyr/drivers/console/libdrivers__console.a
LOAD zephyr/drivers/gpio/libdrivers__gpio.a
LOAD zephyr/drivers/pinctrl/libdrivers__pinctrl.a
LOAD zephyr/drivers/reset/libdrivers__reset.a
LOAD zephyr/drivers/serial/libdrivers__serial.a
LOAD zephyr/drivers/timer/libdrivers__timer.a
LOAD modules/hal_stm32/stm32cube/lib..__modules__hal__stm32__stm32cube.a
LOAD zephyr/kernel/libkernel.a
LOAD zephyr/arch/common/libisr_tables.a
LOAD c:\users\lince\zephyr_project\zephyrproject\zephyr\zephyr-sdk-0.17.4\arm-zephyr-eabi\bin\../lib/gcc/../../picolibc/arm-zephyr-eabi/lib/thumb/v7-m/nofp\libc.a
LOAD c:/users/lince/zephyr_project/zephyrproject/zephyr/zephyr-sdk-0.17.4/arm-zephyr-eabi/bin/../lib/gcc/arm-zephyr-eabi/12.2.0/thumb/v7-m/nofp\libgcc.a
                0x0000000000000020                _region_min_align = 0x20

.rel.plt        0x0000000008000000        0x0
 *(SORT_BY_ALIGNMENT(.rel.plt))
                [!provide]                        PROVIDE (__rel_iplt_start = .)
 *(SORT_BY_ALIGNMENT(.rel.iplt))
 .rel.iplt      0x0000000008000000        0x0 app/libapp.a(main.c.obj)
                [!provide]                        PROVIDE (__rel_iplt_end = .)

.rela.plt       0x0000000000000000        0x0
 *(SORT_BY_ALIGNMENT(.rela.plt))
                [!provide]                        PROVIDE (__rela_iplt_start = .)
 *(SORT_BY_ALIGNMENT(.rela.iplt))
                [!provide]                        PROVIDE (__rela_iplt_end = .)

.rel.dyn
 *(SORT_BY_ALIGNMENT(.rel.*))

.rela.dyn
 *(SORT_BY_ALIGNMENT(.rela.*))

/DISCARD/
 *(SORT_BY_ALIGNMENT(.plt))

/DISCARD/
 *(SORT_BY_ALIGNMENT(.iplt))
                0x0000000008000000                __rom_region_start = 0x8000000

rom_start       0x0000000008000000      0x124
                0x0000000008000000                __rom_start_address = .
 FILL mask 0x00
                0x0000000008000000                . = (. + (0x0 - (. - __rom_start_address)))
                0x0000000008000000                . = ALIGN (0x4)
                0x0000000008000000                . = ALIGN (0x80)
                0x0000000008000000                . = ALIGN (0x200)
                0x0000000008000000                _vector_start = .
 *(SORT_BY_ALIGNMENT(.exc_vector_table))
 *(SORT_BY_ALIGNMENT(.exc_vector_table.*))
 .exc_vector_table._vector_table_section
                0x0000000008000000       0x40 zephyr/arch/arch/arm/core/cortex_m/libarch__arm__core__cortex_m.a(vector_table.S.obj)
                0x0000000008000000                _vector_table
 *(SORT_BY_ALIGNMENT(.vectors))
                0x0000000008000124                _vector_end = .
                0x0000000008000040                . = ALIGN (0x4)
 *(SORT_BY_ALIGNMENT(.gnu.linkonce.irq_vector_table*))
 .gnu.linkonce.irq_vector_table
                0x0000000008000040       0xe4 zephyr/arch/common/libisr_tables.a(isr_tables.c.obj)
                0x0000000008000040                _irq_vector_table
                0x0000000008000124                _vector_end = .

text            0x0000000008000124     0x35e8
                0x0000000008000124                __text_region_start = .
 *(SORT_BY_ALIGNMENT(.text))
 .text          0x0000000008000124       0x30 c:/users/lince/zephyr_project/zephyrproject/zephyr/zephyr-sdk-0.17.4/arm-zephyr-eabi/bin/../lib/gcc/arm-zephyr-eabi/12.2.0/thumb/v7-m/nofp\libgcc.a(_aeabi_uldivmod.o)
                0x0000000008000124                __aeabi_uldivmod
 .text          0x0000000008000154        0x4 c:/users/lince/zephyr_project/zephyrproject/zephyr/zephyr-sdk-0.17.4/arm-zephyr-eabi/bin/../lib/gcc/arm-zephyr-eabi/12.2.0/thumb/v7-m/nofp\libgcc.a(_dvmd_tls.o)
                0x0000000008000154                __aeabi_idiv0
                0x0000000008000154                __aeabi_ldiv0
 .text          0x0000000008000158      0x2a0 c:/users/lince/zephyr_project/zephyrproject/zephyr/zephyr-sdk-0.17.4/arm-zephyr-eabi/bin/../lib/gcc/arm-zephyr-eabi/12.2.0/thumb/v7-m/nofp\libgcc.a(_udivmoddi4.o)
                0x0000000008000158                __udivmoddi4
 *(SORT_BY_ALIGNMENT(.text.*))
 .text.thread1  0x00000000080003f8       0x5c app/libapp.a(main.c.obj)
                0x00000000080003f8                thread1
 .text.thread2  0x0000000008000454       0x54 app/libapp.a(main.c.obj)
                0x0000000008000454                thread2
 .text.main     0x00000000080004a8       0x30 app/libapp.a(main.c.obj)
                0x00000000080004a8                main
 .text.char_out
                0x00000000080004d8        0xc zephyr/libzephyr.a(printk.c.obj)
 .text.__printk_hook_install
                0x00000000080004e4        0xc zephyr/libzephyr.a(printk.c.obj)
                0x00000000080004e4                __printk_hook_install
 .text.vprintk  0x00000000080004f0       0x30 zephyr/libzephyr.a(printk.c.obj)
                0x00000000080004f0                vprintk
 .text.z_thread_entry
                0x0000000008000520       0x34 zephyr/libzephyr.a(thread_entry.c.obj)
                0x0000000008000520                z_thread_entry
 .text.st_stm32_common_config
                0x0000000008000554       0x24 zephyr/libzephyr.a(soc_config.c.obj)
 .text.soc_early_init_hook
                0x0000000008000578       0x4c zephyr/libzephyr.a(soc.c.obj)
                0x0000000008000578                soc_early_init_hook
 .text.mem_attr_get_regions
                0x00000000080005c4        0xc zephyr/libzephyr.a(mem_attr.c.obj)
                0x00000000080005c4                mem_attr_get_regions
 .text.arch_bss_zero
                0x00000000080005d0       0x18 zephyr/arch/common/libarch__common.a(init.c.obj)
                0x00000000080005d0                arch_bss_zero
 .text.arch_data_copy
                0x00000000080005e8       0x38 zephyr/arch/common/libarch__common.a(xip.c.obj)
                0x00000000080005e8                arch_data_copy
 .text.z_arm_fatal_error
                0x0000000008000620       0x60 zephyr/arch/arch/arm/core/libarch__arm__core.a(fatal.c.obj)
                0x0000000008000620                z_arm_fatal_error
 .text.z_SysNmiOnReset
                0x0000000008000680        0x8 zephyr/arch/arch/arm/core/libarch__arm__core.a(nmi_on_reset.S.obj)
                0x0000000008000680                z_SysNmiOnReset
 .text.arch_tls_stack_setup
                0x0000000008000688       0x40 zephyr/arch/arch/arm/core/libarch__arm__core.a(tls.c.obj)
                0x0000000008000688                arch_tls_stack_setup
 .text._HandlerModeExit
                0x00000000080006c8       0x20 zephyr/arch/arch/arm/core/cortex_m/libarch__arm__core__cortex_m.a(exc_exit.c.obj)
                0x00000000080006c8                z_arm_int_exit
                0x00000000080006c8                z_arm_exc_exit
 .text.mem_manage_fault
                0x00000000080006e8       0xd0 zephyr/arch/arch/arm/core/cortex_m/libarch__arm__core__cortex_m.a(fault.c.obj)
 .text.usage_fault.constprop.0
                0x00000000080007b8       0x98 zephyr/arch/arch/arm/core/cortex_m/libarch__arm__core__cortex_m.a(fault.c.obj)
 .text.bus_fault.constprop.0
                0x0000000008000850       0xa4 zephyr/arch/arch/arm/core/cortex_m/libarch__arm__core__cortex_m.a(fault.c.obj)
 .text.z_arm_fault
                0x00000000080008f4      0x1a0 zephyr/arch/arch/arm/core/cortex_m/libarch__arm__core__cortex_m.a(fault.c.obj)
                0x00000000080008f4                z_arm_fault
 .text.z_arm_fault_init
                0x0000000008000a94       0x18 zephyr/arch/arch/arm/core/cortex_m/libarch__arm__core__cortex_m.a(fault.c.obj)
                0x0000000008000a94                z_arm_fault_init
 .text.__fault  0x0000000008000aac       0x14 zephyr/arch/arch/arm/core/cortex_m/libarch__arm__core__cortex_m.a(fault_s.S.obj)
                0x0000000008000aac                z_arm_usage_fault
                0x0000000008000aac                z_arm_mpu_fault
                0x0000000008000aac                z_arm_exc_spurious
                0x0000000008000aac                z_arm_debug_monitor
                0x0000000008000aac                z_arm_hard_fault
                0x0000000008000aac                z_arm_bus_fault
 .text._reset_section
                0x0000000008000ac0       0x34 zephyr/arch/arch/arm/core/cortex_m/libarch__arm__core__cortex_m.a(reset.S.obj)
                0x0000000008000ac0                __start
                0x0000000008000ac0                z_arm_reset
 .text.z_impl_k_thread_abort
                0x0000000008000af4       0x2c zephyr/arch/arch/arm/core/cortex_m/libarch__arm__core__cortex_m.a(thread_abort.c.obj)
                0x0000000008000af4                z_impl_k_thread_abort
 .text.z_arm_pendsv
                0x0000000008000b20       0x60 zephyr/arch/arch/arm/core/cortex_m/libarch__arm__core__cortex_m.a(swap_helper.S.obj)
                0x0000000008000b20                z_arm_pendsv
 .text.z_arm_svc
                0x0000000008000b80       0x24 zephyr/arch/arch/arm/core/cortex_m/libarch__arm__core__cortex_m.a(swap_helper.S.obj)
                0x0000000008000b80                z_arm_svc
 .text.arm_irq_enable
                0x0000000008000ba4       0x1c zephyr/arch/arch/arm/core/cortex_m/libarch__arm__core__cortex_m.a(irq_manage.c.obj)
                0x0000000008000ba4                arm_irq_enable
 .text.arm_irq_priority_set
                0x0000000008000bc0       0x2c zephyr/arch/arch/arm/core/cortex_m/libarch__arm__core__cortex_m.a(irq_manage.c.obj)
                0x0000000008000bc0                arm_irq_priority_set
 .text.relocate_vector_table
                0x0000000008000bec       0x20 zephyr/arch/arch/arm/core/cortex_m/libarch__arm__core__cortex_m.a(prep_c.c.obj)
                0x0000000008000bec                relocate_vector_table
 .text.arch_new_thread
                0x0000000008000c0c       0x38 zephyr/arch/arch/arm/core/cortex_m/libarch__arm__core__cortex_m.a(thread.c.obj)
                0x0000000008000c0c                arch_new_thread
 .text.z_check_thread_stack_fail
                0x0000000008000c44       0x2c zephyr/arch/arch/arm/core/cortex_m/libarch__arm__core__cortex_m.a(thread.c.obj)
                0x0000000008000c44                z_check_thread_stack_fail
 .text.arch_switch_to_main_thread
                0x0000000008000c70       0x3c zephyr/arch/arch/arm/core/cortex_m/libarch__arm__core__cortex_m.a(thread.c.obj)
                0x0000000008000c70                arch_switch_to_main_thread
 .text.z_arm_cpu_idle_init
                0x0000000008000cac        0xc zephyr/arch/arch/arm/core/cortex_m/libarch__arm__core__cortex_m.a(cpu_idle.c.obj)
                0x0000000008000cac                z_arm_cpu_idle_init
 .text.z_arm_interrupt_init
                0x0000000008000cb8       0x18 zephyr/arch/arch/arm/core/cortex_m/libarch__arm__core__cortex_m.a(irq_init.c.obj)
                0x0000000008000cb8                z_arm_interrupt_init
 .text._isr_wrapper
                0x0000000008000cd0       0x24 zephyr/arch/arch/arm/core/cortex_m/libarch__arm__core__cortex_m.a(isr_wrapper.c.obj)
                0x0000000008000cd0                _isr_wrapper
 .text.z_arm_configure_static_mpu_regions
                0x0000000008000cf4       0x18 zephyr/arch/arch/arm/core/mpu/libarch__arm__core__mpu.a(arm_core_mpu.c.obj)
                0x0000000008000cf4                z_arm_configure_static_mpu_regions
 .text.z_arm_configure_dynamic_mpu_regions
                0x0000000008000d0c       0x20 zephyr/arch/arch/arm/core/mpu/libarch__arm__core__mpu.a(arm_core_mpu.c.obj)
                0x0000000008000d0c                z_arm_configure_dynamic_mpu_regions
 .text.region_init
                0x0000000008000d2c       0x28 zephyr/arch/arch/arm/core/mpu/libarch__arm__core__mpu.a(arm_mpu.c.obj)
 .text.mpu_configure_regions
                0x0000000008000d54       0x6c zephyr/arch/arch/arm/core/mpu/libarch__arm__core__mpu.a(arm_mpu.c.obj)
 .text.arm_core_mpu_enable
                0x0000000008000dc0       0x18 zephyr/arch/arch/arm/core/mpu/libarch__arm__core__mpu.a(arm_mpu.c.obj)
                0x0000000008000dc0                arm_core_mpu_enable
 .text.arm_core_mpu_disable
                0x0000000008000dd8       0x14 zephyr/arch/arch/arm/core/mpu/libarch__arm__core__mpu.a(arm_mpu.c.obj)
                0x0000000008000dd8                arm_core_mpu_disable
 .text.arm_core_mpu_configure_static_mpu_regions
                0x0000000008000dec       0x14 zephyr/arch/arch/arm/core/mpu/libarch__arm__core__mpu.a(arm_mpu.c.obj)
                0x0000000008000dec                arm_core_mpu_configure_static_mpu_regions
 .text.arm_core_mpu_configure_dynamic_mpu_regions
                0x0000000008000e00       0x38 zephyr/arch/arch/arm/core/mpu/libarch__arm__core__mpu.a(arm_mpu.c.obj)
                0x0000000008000e00                arm_core_mpu_configure_dynamic_mpu_regions
 .text.z_arm_mpu_init
                0x0000000008000e38      0x168 zephyr/arch/arch/arm/core/mpu/libarch__arm__core__mpu.a(arm_mpu.c.obj)
                0x0000000008000e38                z_arm_mpu_init
 .text.z_impl_zephyr_fputc
                0x0000000008000fa0       0x10 zephyr/lib/libc/picolibc/liblib__libc__picolibc.a(stdio.c.obj)
                0x0000000008000fa0                z_impl_zephyr_fputc
 .text.__stdout_hook_install
                0x0000000008000fb0       0x18 zephyr/lib/libc/picolibc/liblib__libc__picolibc.a(stdio.c.obj)
                0x0000000008000fb0                __stdout_hook_install
 .text.malloc_prepare
                0x0000000008000fc8       0x24 zephyr/lib/libc/common/liblib__libc__common.a(malloc.c.obj)
 .text.stm32_fill_irq_table
                0x0000000008000fec       0x18 zephyr/drivers/interrupt_controller/libdrivers__interrupt_controller.a(intc_gpio_stm32.c.obj)
 .text.stm32_intc_gpio_isr
                0x0000000008001004       0x4c zephyr/drivers/interrupt_controller/libdrivers__interrupt_controller.a(intc_gpio_stm32.c.obj)
 .text.stm32_gpio_intc_enable_line
                0x0000000008001050       0x2c zephyr/drivers/interrupt_controller/libdrivers__interrupt_controller.a(intc_gpio_stm32.c.obj)
                0x0000000008001050                stm32_gpio_intc_enable_line
 .text.stm32_gpio_intc_disable_line
                0x000000000800107c       0x10 zephyr/drivers/interrupt_controller/libdrivers__interrupt_controller.a(intc_gpio_stm32.c.obj)
                0x000000000800107c                stm32_gpio_intc_disable_line
 .text.stm32_gpio_intc_select_line_trigger
                0x000000000800108c       0x50 zephyr/drivers/interrupt_controller/libdrivers__interrupt_controller.a(intc_gpio_stm32.c.obj)
                0x000000000800108c                stm32_gpio_intc_select_line_trigger
 .text.stm32_gpio_intc_set_irq_callback
                0x00000000080010dc       0x40 zephyr/drivers/interrupt_controller/libdrivers__interrupt_controller.a(intc_gpio_stm32.c.obj)
                0x00000000080010dc                stm32_gpio_intc_set_irq_callback
 .text.stm32_gpio_intc_remove_irq_callback
                0x000000000800111c       0x24 zephyr/drivers/interrupt_controller/libdrivers__interrupt_controller.a(intc_gpio_stm32.c.obj)
                0x000000000800111c                stm32_gpio_intc_remove_irq_callback
 .text.stm32_exti_get_line_src_port
                0x0000000008001140       0x34 zephyr/drivers/interrupt_controller/libdrivers__interrupt_controller.a(intc_gpio_stm32.c.obj)
                0x0000000008001140                stm32_exti_get_line_src_port
 .text.stm32_exti_init
                0x0000000008001174       0x34 zephyr/drivers/interrupt_controller/libdrivers__interrupt_controller.a(intc_exti_stm32.c.obj)
 .text.stm32_exti_is_pending
                0x00000000080011a8       0x20 zephyr/drivers/interrupt_controller/libdrivers__interrupt_controller.a(intc_exti_stm32.c.obj)
                0x00000000080011a8                stm32_exti_is_pending
 .text.stm32_exti_clear_pending
                0x00000000080011c8       0x20 zephyr/drivers/interrupt_controller/libdrivers__interrupt_controller.a(intc_exti_stm32.c.obj)
                0x00000000080011c8                stm32_exti_clear_pending
 .text.LL_RCC_HSI_IsReady
                0x00000000080011e8       0x10 zephyr/drivers/clock_control/libdrivers__clock_control.a(clock_stm32_ll_common.c.obj)
 .text.stm32_clock_control_get_subsys_rate
                0x00000000080011f8       0x70 zephyr/drivers/clock_control/libdrivers__clock_control.a(clock_stm32_ll_common.c.obj)
 .text.stm32_clock_control_init
                0x0000000008001268      0x110 zephyr/drivers/clock_control/libdrivers__clock_control.a(clock_stm32_ll_common.c.obj)
                0x0000000008001268                stm32_clock_control_init
 .text.config_pll_sysclock
                0x0000000008001378       0x14 zephyr/drivers/clock_control/libdrivers__clock_control.a(clock_stm32l0_l1.c.obj)
                0x0000000008001378                config_pll_sysclock
 .text.config_regulator_voltage
                0x000000000800138c       0x3c zephyr/drivers/clock_control/libdrivers__clock_control.a(clock_stm32l0_l1.c.obj)
                0x000000000800138c                config_regulator_voltage
 .text.config_enable_default_clocks
                0x00000000080013c8       0x30 zephyr/drivers/clock_control/libdrivers__clock_control.a(clock_stm32l0_l1.c.obj)
                0x00000000080013c8                config_enable_default_clocks
 .text.uart_console_init
                0x00000000080013f8       0x28 zephyr/drivers/console/libdrivers__console.a(uart_console.c.obj)
 .text.console_out
                0x0000000008001420       0x28 zephyr/drivers/console/libdrivers__console.a(uart_console.c.obj)
 .text.gpio_stm32_pin_interrupt_configure
                0x0000000008001448       0xb0 zephyr/drivers/gpio/libdrivers__gpio.a(gpio_stm32.c.obj)
 .text.gpio_stm32_init
                0x00000000080014f8       0x38 zephyr/drivers/gpio/libdrivers__gpio.a(gpio_stm32.c.obj)
 .text.pinctrl_configure_pins
                0x0000000008001530       0x84 zephyr/drivers/pinctrl/libdrivers__pinctrl.a(pinctrl_stm32.c.obj)
                0x0000000008001530                pinctrl_configure_pins
 .text.uart_stm32_parameters_set
                0x00000000080015b4      0x100 zephyr/drivers/serial/libdrivers__serial.a(uart_stm32.c.obj)
 .text.uart_stm32_configure
                0x00000000080016b4      0x134 zephyr/drivers/serial/libdrivers__serial.a(uart_stm32.c.obj)
 .text.uart_stm32_init
                0x00000000080017e8       0xbc zephyr/drivers/serial/libdrivers__serial.a(uart_stm32.c.obj)
 .text.elapsed  0x00000000080018a4       0x4c zephyr/drivers/timer/libdrivers__timer.a(cortex_m_systick.c.obj)
 .text.sys_clock_driver_init
                0x00000000080018f0       0x38 zephyr/drivers/timer/libdrivers__timer.a(cortex_m_systick.c.obj)
 .text.sys_clock_isr
                0x0000000008001928       0x50 zephyr/drivers/timer/libdrivers__timer.a(cortex_m_systick.c.obj)
                0x0000000008001928                sys_clock_isr
 .text.sys_clock_set_timeout
                0x0000000008001978       0xdc zephyr/drivers/timer/libdrivers__timer.a(cortex_m_systick.c.obj)
                0x0000000008001978                sys_clock_set_timeout
 .text.sys_clock_elapsed
                0x0000000008001a54       0x3c zephyr/drivers/timer/libdrivers__timer.a(cortex_m_systick.c.obj)
                0x0000000008001a54                sys_clock_elapsed
 .text.HAL_RCC_GetSysClockFreq
                0x0000000008001a90       0x68 modules/hal_stm32/stm32cube/lib..__modules__hal__stm32__stm32cube.a(stm32l1xx_hal_rcc.c.obj)
                0x0000000008001a90                HAL_RCC_GetSysClockFreq
 .text.LL_SetFlashLatency
                0x0000000008001af8       0x70 modules/hal_stm32/stm32cube/lib..__modules__hal__stm32__stm32cube.a(stm32l1xx_ll_utils.c.obj)
                0x0000000008001af8                LL_SetFlashLatency
 .text.z_fatal_error
                0x0000000008001b68       0x30 zephyr/kernel/libkernel.a(fatal.c.obj)
                0x0000000008001b68                z_fatal_error
 .text.z_sys_init_run_level
                0x0000000008001b98       0x30 zephyr/kernel/libkernel.a(init.c.obj)
 .text.bg_thread_main
                0x0000000008001bc8       0xc0 zephyr/kernel/libkernel.a(init.c.obj)
 .text.z_init_cpu
                0x0000000008001c88       0x70 zephyr/kernel/libkernel.a(init.c.obj)
                0x0000000008001c88                z_init_cpu
 .text.z_cstart
                0x0000000008001cf8       0xcc zephyr/kernel/libkernel.a(init.c.obj)
                0x0000000008001cf8                z_cstart
 .text.z_setup_new_thread
                0x0000000008001dc4       0x98 zephyr/kernel/libkernel.a(thread.c.obj)
                0x0000000008001dc4                z_setup_new_thread
 .text.z_dummy_thread_init
                0x0000000008001e5c       0x18 zephyr/kernel/libkernel.a(thread.c.obj)
                0x0000000008001e5c                z_dummy_thread_init
 .text.z_swap_irqlock
                0x0000000008001e74       0x30 zephyr/kernel/libkernel.a(sched.c.obj)
 .text.ready_thread
                0x0000000008001ea4       0x84 zephyr/kernel/libkernel.a(sched.c.obj)
 .text.unready_thread
                0x0000000008001f28       0x54 zephyr/kernel/libkernel.a(sched.c.obj)
 .text.move_thread_to_end_of_prio_q
                0x0000000008001f7c       0x90 zephyr/kernel/libkernel.a(sched.c.obj)
                0x0000000008001f7c                move_thread_to_end_of_prio_q
 .text.z_reschedule
                0x000000000800200c       0x24 zephyr/kernel/libkernel.a(sched.c.obj)
                0x000000000800200c                z_reschedule
 .text.z_reschedule_irqlock
                0x0000000008002030       0x28 zephyr/kernel/libkernel.a(sched.c.obj)
                0x0000000008002030                z_reschedule_irqlock
 .text.k_sched_lock
                0x0000000008002058       0x28 zephyr/kernel/libkernel.a(sched.c.obj)
                0x0000000008002058                k_sched_lock
 .text.k_sched_unlock
                0x0000000008002080       0x68 zephyr/kernel/libkernel.a(sched.c.obj)
                0x0000000008002080                k_sched_unlock
 .text.z_sched_init
                0x00000000080020e8       0x10 zephyr/kernel/libkernel.a(sched.c.obj)
                0x00000000080020e8                z_sched_init
 .text.z_impl_k_yield
                0x00000000080020f8       0x88 zephyr/kernel/libkernel.a(sched.c.obj)
                0x00000000080020f8                z_impl_k_yield
 .text.z_tick_sleep
                0x0000000008002180       0x78 zephyr/kernel/libkernel.a(sched.c.obj)
 .text.z_impl_k_wakeup
                0x00000000080021f8       0x48 zephyr/kernel/libkernel.a(sched.c.obj)
                0x00000000080021f8                z_impl_k_wakeup
 .text.z_impl_k_sched_current_thread_query
                0x0000000008002240        0xc zephyr/kernel/libkernel.a(sched.c.obj)
                0x0000000008002240                z_impl_k_sched_current_thread_query
 .text.z_thread_abort
                0x000000000800224c      0x140 zephyr/kernel/libkernel.a(sched.c.obj)
                0x000000000800224c                z_thread_abort
 .text.slice_timeout
                0x000000000800238c       0x20 zephyr/kernel/libkernel.a(timeslicing.c.obj)
 .text.thread_is_sliceable
                0x00000000080023ac       0x3c zephyr/kernel/libkernel.a(timeslicing.c.obj)
                0x00000000080023ac                thread_is_sliceable
 .text.z_reset_time_slice
                0x00000000080023e8       0x50 zephyr/kernel/libkernel.a(timeslicing.c.obj)
                0x00000000080023e8                z_reset_time_slice
 .text.z_time_slice
                0x0000000008002438       0x60 zephyr/kernel/libkernel.a(timeslicing.c.obj)
                0x0000000008002438                z_time_slice
 .text.first    0x0000000008002498       0x10 zephyr/kernel/libkernel.a(timeout.c.obj)
 .text.elapsed  0x00000000080024a8       0x14 zephyr/kernel/libkernel.a(timeout.c.obj)
 .text.remove_timeout
                0x00000000080024bc       0x38 zephyr/kernel/libkernel.a(timeout.c.obj)
 .text.z_add_timeout
                0x00000000080024f4      0x120 zephyr/kernel/libkernel.a(timeout.c.obj)
                0x00000000080024f4                z_add_timeout
 .text.sys_clock_announce
                0x0000000008002614       0xbc zephyr/kernel/libkernel.a(timeout.c.obj)
                0x0000000008002614                sys_clock_announce
 .text.sys_clock_tick_get
                0x00000000080026d0       0x30 zephyr/kernel/libkernel.a(timeout.c.obj)
                0x00000000080026d0                sys_clock_tick_get
 .text.boot_banner
                0x0000000008002700        0xc zephyr/kernel/libkernel.a(banner.c.obj)
                0x0000000008002700                boot_banner
 .text.__l_vfprintf
                0x000000000800270c      0x4b8 c:\users\lince\zephyr_project\zephyrproject\zephyr\zephyr-sdk-0.17.4\arm-zephyr-eabi\bin\../lib/gcc/../../picolibc/arm-zephyr-eabi/lib/thumb/v7-m/nofp\libc.a(libc_tinystdio_vflprintf.c.o)
                0x000000000800270c                __l_vfprintf
 .text._OffsetAbsSyms
                0x0000000008002bc4        0x2 zephyr/CMakeFiles/offsets.dir/./arch/arm/core/offsets/offsets.c.obj
                0x0000000008002bc4                _OffsetAbsSyms
 .text.chunk_size
                0x0000000008002bc6        0xa zephyr/libzephyr.a(heap.c.obj)
 .text.free_list_add
                0x0000000008002bd0       0x4e zephyr/libzephyr.a(heap.c.obj)
 .text.sys_heap_init
                0x0000000008002c1e       0x7a zephyr/libzephyr.a(heap.c.obj)
                0x0000000008002c1e                sys_heap_init
 .text.arch_printk_char_out
                0x0000000008002c98        0x4 zephyr/libzephyr.a(printk.c.obj)
                0x0000000008002c98                arch_printk_char_out
 .text.printk   0x0000000008002c9c       0x1a zephyr/libzephyr.a(printk.c.obj)
                0x0000000008002c9c                printk
 .text._ConfigAbsSyms
                0x0000000008002cb6        0x2 zephyr/libzephyr.a(configs.c.obj)
                0x0000000008002cb6                _ConfigAbsSyms
 .text.arch_early_memset
                0x0000000008002cb8        0x4 zephyr/arch/common/libarch__common.a(init.c.obj)
                0x0000000008002cb8                arch_early_memset
 .text.arch_early_memcpy
                0x0000000008002cbc        0x4 zephyr/arch/common/libarch__common.a(init.c.obj)
                0x0000000008002cbc                arch_early_memcpy
 .text.z_do_kernel_oops
                0x0000000008002cc0        0x8 zephyr/arch/arch/arm/core/libarch__arm__core.a(fatal.c.obj)
                0x0000000008002cc0                z_do_kernel_oops
 .text.z_arm_nmi
                0x0000000008002cc8        0xe zephyr/arch/arch/arm/core/libarch__arm__core.a(nmi.c.obj)
                0x0000000008002cc8                z_arm_nmi
 .text.z_irq_spurious
                0x0000000008002cd6        0x8 zephyr/arch/arch/arm/core/cortex_m/libarch__arm__core__cortex_m.a(irq_manage.c.obj)
                0x0000000008002cd6                z_irq_spurious
 .text.z_prep_c
                0x0000000008002cde       0x16 zephyr/arch/arch/arm/core/cortex_m/libarch__arm__core__cortex_m.a(prep_c.c.obj)
                0x0000000008002cde                z_prep_c
 .text.arch_coprocessors_disable
                0x0000000008002cf4        0x6 zephyr/arch/arch/arm/core/cortex_m/libarch__arm__core__cortex_m.a(thread.c.obj)
                0x0000000008002cf4                arch_coprocessors_disable
 .text.arch_irq_unlock_outlined
                0x0000000008002cfa        0xe zephyr/arch/arch/arm/core/cortex_m/libarch__arm__core__cortex_m.a(thread.c.obj)
                0x0000000008002cfa                arch_irq_unlock_outlined
 .text.arch_cpu_idle
                0x0000000008002d08       0x1a zephyr/arch/arch/arm/core/cortex_m/libarch__arm__core__cortex_m.a(cpu_idle.c.obj)
                0x0000000008002d08                arch_cpu_idle
 .text.size_to_mpu_rasr_size
                0x0000000008002d22       0x20 zephyr/arch/arch/arm/core/mpu/libarch__arm__core__mpu.a(arm_mpu.c.obj)
 .text.picolibc_put
                0x0000000008002d42        0xa zephyr/lib/libc/picolibc/liblib__libc__picolibc.a(stdio.c.obj)
 .text.stm32_exti_gpio_intc_init
                0x0000000008002d4c       0x92 zephyr/drivers/interrupt_controller/libdrivers__interrupt_controller.a(intc_gpio_stm32.c.obj)
 .text.stm32_gpio_intc_get_pin_irq_line
                0x0000000008002dde        0xa zephyr/drivers/interrupt_controller/libdrivers__interrupt_controller.a(intc_gpio_stm32.c.obj)
                0x0000000008002dde                stm32_gpio_intc_get_pin_irq_line
 .text.stm32_exti_set_line_src_port
                0x0000000008002de8       0x38 zephyr/drivers/interrupt_controller/libdrivers__interrupt_controller.a(intc_gpio_stm32.c.obj)
                0x0000000008002de8                stm32_exti_set_line_src_port
 .text.stm32_clock_control_on
                0x0000000008002e20       0x44 zephyr/drivers/clock_control/libdrivers__clock_control.a(clock_stm32_ll_common.c.obj)
 .text.stm32_clock_control_off
                0x0000000008002e64       0x2c zephyr/drivers/clock_control/libdrivers__clock_control.a(clock_stm32_ll_common.c.obj)
 .text.enabled_clock
                0x0000000008002e90       0x1c zephyr/drivers/clock_control/libdrivers__clock_control.a(clock_stm32_ll_common.c.obj)
                0x0000000008002e90                enabled_clock
 .text.stm32_clock_control_configure
                0x0000000008002eac       0x52 zephyr/drivers/clock_control/libdrivers__clock_control.a(clock_stm32_ll_common.c.obj)
 .text.stm32_clock_control_get_status
                0x0000000008002efe       0x38 zephyr/drivers/clock_control/libdrivers__clock_control.a(clock_stm32_ll_common.c.obj)
 .text.gpio_stm32_port_get_raw
                0x0000000008002f36        0xc zephyr/drivers/gpio/libdrivers__gpio.a(gpio_stm32.c.obj)
 .text.gpio_stm32_port_set_masked_raw
                0x0000000008002f42       0x12 zephyr/drivers/gpio/libdrivers__gpio.a(gpio_stm32.c.obj)
 .text.gpio_stm32_port_set_bits_raw
                0x0000000008002f54        0xa zephyr/drivers/gpio/libdrivers__gpio.a(gpio_stm32.c.obj)
 .text.gpio_stm32_port_clear_bits_raw
                0x0000000008002f5e        0xa zephyr/drivers/gpio/libdrivers__gpio.a(gpio_stm32.c.obj)
 .text.gpio_stm32_port_toggle_bits
                0x0000000008002f68        0xe zephyr/drivers/gpio/libdrivers__gpio.a(gpio_stm32.c.obj)
 .text.gpio_stm32_manage_callback
                0x0000000008002f76       0x52 zephyr/drivers/gpio/libdrivers__gpio.a(gpio_stm32.c.obj)
 .text.gpio_stm32_configure_raw.isra.0
                0x0000000008002fc8      0x106 zephyr/drivers/gpio/libdrivers__gpio.a(gpio_stm32.c.obj)
 .text.gpio_stm32_config
                0x00000000080030ce       0xd4 zephyr/drivers/gpio/libdrivers__gpio.a(gpio_stm32.c.obj)
 .text.gpio_stm32_isr
                0x00000000080031a2       0x2c zephyr/drivers/gpio/libdrivers__gpio.a(gpio_stm32.c.obj)
 .text.gpio_stm32_configure
                0x00000000080031ce       0x2a zephyr/drivers/gpio/libdrivers__gpio.a(gpio_stm32.c.obj)
                0x00000000080031ce                gpio_stm32_configure
 .text.pinctrl_lookup_state
                0x00000000080031f8       0x26 zephyr/drivers/pinctrl/libdrivers__pinctrl.a(common.c.obj)
                0x00000000080031f8                pinctrl_lookup_state
 .text.reset_stm32_status
                0x000000000800321e       0x20 zephyr/drivers/reset/libdrivers__reset.a(reset_stm32.c.obj)
 .text.reset_stm32_line_assert
                0x000000000800323e       0x1c zephyr/drivers/reset/libdrivers__reset.a(reset_stm32.c.obj)
 .text.reset_stm32_line_deassert
                0x000000000800325a       0x1e zephyr/drivers/reset/libdrivers__reset.a(reset_stm32.c.obj)
 .text.reset_stm32_line_toggle
                0x0000000008003278       0x16 zephyr/drivers/reset/libdrivers__reset.a(reset_stm32.c.obj)
 .text.LL_USART_ClearFlag_PE
                0x000000000800328e       0x12 zephyr/drivers/serial/libdrivers__serial.a(uart_stm32.c.obj)
 .text.uart_stm32_err_check
                0x00000000080032a0       0x5e zephyr/drivers/serial/libdrivers__serial.a(uart_stm32.c.obj)
 .text.uart_stm32_set_baudrate
                0x00000000080032fe       0x62 zephyr/drivers/serial/libdrivers__serial.a(uart_stm32.c.obj)
 .text.uart_stm32_poll_out
                0x0000000008003360       0x36 zephyr/drivers/serial/libdrivers__serial.a(uart_stm32.c.obj)
 .text.uart_stm32_poll_in
                0x0000000008003396       0x22 zephyr/drivers/serial/libdrivers__serial.a(uart_stm32.c.obj)
 .text.uart_stm32_config_get
                0x00000000080033b8       0x8e zephyr/drivers/serial/libdrivers__serial.a(uart_stm32.c.obj)
 .text.do_device_init
                0x0000000008003446       0x30 zephyr/kernel/libkernel.a(device.c.obj)
                0x0000000008003446                do_device_init
 .text.z_impl_device_is_ready
                0x0000000008003476       0x16 zephyr/kernel/libkernel.a(device.c.obj)
                0x0000000008003476                z_impl_device_is_ready
 .text.arch_system_halt
                0x000000000800348c       0x10 zephyr/kernel/libkernel.a(fatal.c.obj)
                0x000000000800348c                arch_system_halt
 .text.k_sys_fatal_error_handler
                0x000000000800349c        0x6 zephyr/kernel/libkernel.a(fatal.c.obj)
                0x000000000800349c                k_sys_fatal_error_handler
 .text.idle     0x00000000080034a2       0x16 zephyr/kernel/libkernel.a(idle.c.obj)
                0x00000000080034a2                idle
 .text.sys_dlist_remove
                0x00000000080034b8       0x10 zephyr/kernel/libkernel.a(sched.c.obj)
 .text.unpend_thread_no_timeout
                0x00000000080034c8       0x14 zephyr/kernel/libkernel.a(sched.c.obj)
 .text.z_ready_thread
                0x00000000080034dc       0x1e zephyr/kernel/libkernel.a(sched.c.obj)
                0x00000000080034dc                z_ready_thread
 .text.z_sched_wake_thread
                0x00000000080034fa       0x3a zephyr/kernel/libkernel.a(sched.c.obj)
                0x00000000080034fa                z_sched_wake_thread
 .text.z_thread_timeout
                0x0000000008003534        0x8 zephyr/kernel/libkernel.a(sched.c.obj)
                0x0000000008003534                z_thread_timeout
 .text.z_impl_k_sleep
                0x000000000800353c       0x4a zephyr/kernel/libkernel.a(sched.c.obj)
                0x000000000800353c                z_impl_k_sleep
 .text.next_timeout
                0x0000000008003586       0x2e zephyr/kernel/libkernel.a(timeout.c.obj)
 .text.z_abort_timeout
                0x00000000080035b4       0x50 zephyr/kernel/libkernel.a(timeout.c.obj)
                0x00000000080035b4                z_abort_timeout
 .text.sys_clock_tick_get_32
                0x0000000008003604        0x8 zephyr/kernel/libkernel.a(timeout.c.obj)
                0x0000000008003604                sys_clock_tick_get_32
 .text.memcpy   0x000000000800360c       0x1c c:\users\lince\zephyr_project\zephyrproject\zephyr\zephyr-sdk-0.17.4\arm-zephyr-eabi\bin\../lib/gcc/../../picolibc/arm-zephyr-eabi/lib/thumb/v7-m/nofp\libc.a(memcpy.c.o)
                0x000000000800360c                __aeabi_memcpy
                0x000000000800360c                __aeabi_memcpy4
                0x000000000800360c                __aeabi_memcpy8
                0x000000000800360c                memcpy
 .text.memset   0x0000000008003628       0x10 c:\users\lince\zephyr_project\zephyrproject\zephyr\zephyr-sdk-0.17.4\arm-zephyr-eabi\bin\../lib/gcc/../../picolibc/arm-zephyr-eabi/lib/thumb/v7-m/nofp\libc.a(memset.c.o)
                0x0000000008003628                memset
 .text.strnlen  0x0000000008003638       0x18 c:\users\lince\zephyr_project\zephyrproject\zephyr\zephyr-sdk-0.17.4\arm-zephyr-eabi\bin\../lib/gcc/../../picolibc/arm-zephyr-eabi/lib/thumb/v7-m/nofp\libc.a(libc_string_strnlen.c.o)
                0x0000000008003638                strnlen
 .text.__ultoa_invert
                0x0000000008003650       0xae c:\users\lince\zephyr_project\zephyrproject\zephyr\zephyr-sdk-0.17.4\arm-zephyr-eabi\bin\../lib/gcc/../../picolibc/arm-zephyr-eabi/lib/thumb/v7-m/nofp\libc.a(libc_tinystdio_vflprintf.c.o)
 *(SORT_BY_ALIGNMENT(.TEXT.*))
 *fill*         0x00000000080036fe        0x2 
 .TEXT.__aeabi_read_tp
                0x0000000008003700        0xc zephyr/arch/arch/arm/core/cortex_m/libarch__arm__core__cortex_m.a(__aeabi_read_tp.S.obj)
                0x0000000008003700                __aeabi_read_tp
 *(SORT_BY_ALIGNMENT(.gnu.linkonce.t.*))
 *(SORT_BY_ALIGNMENT(.glue_7t))
 .glue_7t       0x000000000800370c        0x0 linker stubs
 *(SORT_BY_ALIGNMENT(.glue_7))
 .glue_7        0x000000000800370c        0x0 linker stubs
 *(SORT_BY_ALIGNMENT(.vfp11_veneer))
 .vfp11_veneer  0x000000000800370c        0x0 linker stubs
 *(SORT_BY_ALIGNMENT(.v4_bx))
 .v4_bx         0x000000000800370c        0x0 linker stubs
                0x000000000800370c                . = ALIGN (0x4)
                0x000000000800370c                __text_region_end = .

.ARM.exidx      0x000000000800370c        0x8
                0x000000000800370c                __exidx_start = .
 *(SORT_BY_ALIGNMENT(.ARM.exidx*) SORT_BY_ALIGNMENT(gnu.linkonce.armexidx.*))
 .ARM.exidx     0x000000000800370c        0x8 c:/users/lince/zephyr_project/zephyrproject/zephyr/zephyr-sdk-0.17.4/arm-zephyr-eabi/bin/../lib/gcc/arm-zephyr-eabi/12.2.0/thumb/v7-m/nofp\libgcc.a(_udivmoddi4.o)
                0x0000000008003714                __exidx_end = .
                0x0000000008003714                __rodata_region_start = .

initlevel       0x0000000008003714       0x78
                0x0000000008003714                __init_start = .
                0x0000000008003714                __init_EARLY_start = .
 *(SORT_BY_NAME(SORT_BY_ALIGNMENT(.z_init_EARLY_P_?_*)))
 *(SORT_BY_NAME(SORT_BY_ALIGNMENT(.z_init_EARLY_P_??_*)))
 *(SORT_BY_NAME(SORT_BY_ALIGNMENT(.z_init_EARLY_P_???_*)))
                0x0000000008003714                __init_PRE_KERNEL_1_start = .
 *(SORT_BY_NAME(SORT_BY_ALIGNMENT(.z_init_PRE_KERNEL_1_P_?_*)))
 .z_init_PRE_KERNEL_1_P_1_SUB_00009_
                0x0000000008003714        0x8 zephyr/drivers/clock_control/libdrivers__clock_control.a(clock_stm32_ll_common.c.obj)
 .z_init_PRE_KERNEL_1_P_1_SUB_0_
                0x000000000800371c        0x8 zephyr/libzephyr.a(soc_config.c.obj)
 *(SORT_BY_NAME(SORT_BY_ALIGNMENT(.z_init_PRE_KERNEL_1_P_??_*)))
 .z_init_PRE_KERNEL_1_P_35_SUB_00045_
                0x0000000008003724        0x8 zephyr/drivers/reset/libdrivers__reset.a(reset_stm32.c.obj)
 .z_init_PRE_KERNEL_1_P_40_SUB_00032_
                0x000000000800372c        0x8 zephyr/drivers/gpio/libdrivers__gpio.a(gpio_stm32.c.obj)
 .z_init_PRE_KERNEL_1_P_40_SUB_00035_
                0x0000000008003734        0x8 zephyr/drivers/gpio/libdrivers__gpio.a(gpio_stm32.c.obj)
 .z_init_PRE_KERNEL_1_P_40_SUB_00042_
                0x000000000800373c        0x8 zephyr/drivers/interrupt_controller/libdrivers__interrupt_controller.a(intc_exti_stm32.c.obj)
 .z_init_PRE_KERNEL_1_P_40_SUB_00061_
                0x0000000008003744        0x8 zephyr/drivers/gpio/libdrivers__gpio.a(gpio_stm32.c.obj)
 .z_init_PRE_KERNEL_1_P_40_SUB_00073_
                0x000000000800374c        0x8 zephyr/drivers/gpio/libdrivers__gpio.a(gpio_stm32.c.obj)
 .z_init_PRE_KERNEL_1_P_40_SUB_00074_
                0x0000000008003754        0x8 zephyr/drivers/gpio/libdrivers__gpio.a(gpio_stm32.c.obj)
 .z_init_PRE_KERNEL_1_P_40_SUB_00075_
                0x000000000800375c        0x8 zephyr/drivers/gpio/libdrivers__gpio.a(gpio_stm32.c.obj)
 .z_init_PRE_KERNEL_1_P_40_SUB_0_
                0x0000000008003764        0x8 zephyr/drivers/interrupt_controller/libdrivers__interrupt_controller.a(intc_gpio_stm32.c.obj)
 .z_init_PRE_KERNEL_1_P_50_SUB_00046_
                0x000000000800376c        0x8 zephyr/drivers/serial/libdrivers__serial.a(uart_stm32.c.obj)
 .z_init_PRE_KERNEL_1_P_60_SUB_0_
                0x0000000008003774        0x8 zephyr/drivers/console/libdrivers__console.a(uart_console.c.obj)
 *(SORT_BY_NAME(SORT_BY_ALIGNMENT(.z_init_PRE_KERNEL_1_P_???_*)))
                0x000000000800377c                __init_PRE_KERNEL_2_start = .
 *(SORT_BY_NAME(SORT_BY_ALIGNMENT(.z_init_PRE_KERNEL_2_P_?_*)))
 .z_init_PRE_KERNEL_2_P_0_SUB_0_
                0x000000000800377c        0x8 zephyr/drivers/timer/libdrivers__timer.a(cortex_m_systick.c.obj)
 *(SORT_BY_NAME(SORT_BY_ALIGNMENT(.z_init_PRE_KERNEL_2_P_??_*)))
 *(SORT_BY_NAME(SORT_BY_ALIGNMENT(.z_init_PRE_KERNEL_2_P_???_*)))
                0x0000000008003784                __init_POST_KERNEL_start = .
 *(SORT_BY_NAME(SORT_BY_ALIGNMENT(.z_init_POST_KERNEL_P_?_*)))
 *(SORT_BY_NAME(SORT_BY_ALIGNMENT(.z_init_POST_KERNEL_P_??_*)))
 .z_init_POST_KERNEL_P_35_SUB_0_
                0x0000000008003784        0x8 zephyr/lib/libc/common/liblib__libc__common.a(malloc.c.obj)
 *(SORT_BY_NAME(SORT_BY_ALIGNMENT(.z_init_POST_KERNEL_P_???_*)))
                0x000000000800378c                __init_APPLICATION_start = .
 *(SORT_BY_NAME(SORT_BY_ALIGNMENT(.z_init_APPLICATION_P_?_*)))
 *(SORT_BY_NAME(SORT_BY_ALIGNMENT(.z_init_APPLICATION_P_??_*)))
 *(SORT_BY_NAME(SORT_BY_ALIGNMENT(.z_init_APPLICATION_P_???_*)))
                0x000000000800378c                __init_SMP_start = .
 *(SORT_BY_NAME(SORT_BY_ALIGNMENT(.z_init_SMP_P_?_*)))
 *(SORT_BY_NAME(SORT_BY_ALIGNMENT(.z_init_SMP_P_??_*)))
 *(SORT_BY_NAME(SORT_BY_ALIGNMENT(.z_init_SMP_P_???_*)))
                0x000000000800378c                __init_end = .

device_area     0x000000000800378c      0x140
                0x000000000800378c                _device_list_start = .
 *(SORT_BY_NAME(SORT_BY_ALIGNMENT(._device.static.*_?_*)))
 ._device.static.1_1_
                0x000000000800378c       0x20 zephyr/drivers/clock_control/libdrivers__clock_control.a(clock_stm32_ll_common.c.obj)
                0x000000000800378c                __device_dts_ord_9
 *(SORT_BY_NAME(SORT_BY_ALIGNMENT(._device.static.*_??_*)))
 ._device.static.1_35_
                0x00000000080037ac       0x20 zephyr/drivers/reset/libdrivers__reset.a(reset_stm32.c.obj)
                0x00000000080037ac                __device_dts_ord_45
 ._device.static.1_40_
                0x00000000080037cc       0x20 zephyr/drivers/interrupt_controller/libdrivers__interrupt_controller.a(intc_exti_stm32.c.obj)
                0x00000000080037cc                __device_dts_ord_42
 ._device.static.1_40_
                0x00000000080037ec       0xc0 zephyr/drivers/gpio/libdrivers__gpio.a(gpio_stm32.c.obj)
                0x00000000080037ec                __device_dts_ord_74
                0x000000000800380c                __device_dts_ord_75
                0x000000000800382c                __device_dts_ord_73
                0x000000000800384c                __device_dts_ord_32
                0x000000000800386c                __device_dts_ord_61
                0x000000000800388c                __device_dts_ord_35
 ._device.static.1_50_
                0x00000000080038ac       0x20 zephyr/drivers/serial/libdrivers__serial.a(uart_stm32.c.obj)
                0x00000000080038ac                __device_dts_ord_46
 *(SORT_BY_NAME(SORT_BY_ALIGNMENT(._device.static.*_???_*)))
 *(SORT_BY_NAME(SORT_BY_ALIGNMENT(._device.static.*_????_*)))
 *(SORT_BY_NAME(SORT_BY_ALIGNMENT(._device.static.*_?????_*)))
                0x00000000080038cc                _device_list_end = .

sw_isr_table    0x00000000080038cc      0x1c8
                0x00000000080038cc                . = ALIGN (0x4)
 *(SORT_BY_ALIGNMENT(.gnu.linkonce.sw_isr_table*))
 .gnu.linkonce.sw_isr_table
                0x00000000080038cc      0x1c8 zephyr/arch/common/libisr_tables.a(isr_tables.c.obj)
                0x00000000080038cc                _sw_isr_table

initlevel_error
                0x0000000008003714        0x0
 *(SORT_BY_NAME(SORT_BY_ALIGNMENT(.z_init_*)))
                0x0000000000000001                ASSERT ((SIZEOF (initlevel_error) == 0x0), Undefined initialization levels used.)

app_shmem_regions
                0x0000000008003a94        0x0
                0x0000000008003a94                __app_shmem_regions_start = .
 *(SORT_BY_NAME(SORT_BY_ALIGNMENT(.app_regions.*)))
                0x0000000008003a94                __app_shmem_regions_end = .

k_p4wq_initparam_area
                0x0000000008003a94        0x0
                0x0000000008003a94                _k_p4wq_initparam_list_start = .
 *(SORT_BY_NAME(SORT_BY_ALIGNMENT(._k_p4wq_initparam.static.*)))
                0x0000000008003a94                _k_p4wq_initparam_list_end = .

_static_thread_data_area
                0x0000000008003a98       0x60
                0x0000000008003a98                __static_thread_data_list_start = .
 *(SORT_BY_NAME(SORT_BY_ALIGNMENT(.__static_thread_data.static.*)))
 .__static_thread_data.static._k_thread_data_thread1_id_
                0x0000000008003a98       0x30 app/libapp.a(main.c.obj)
                0x0000000008003a98                _k_thread_data_thread1_id
 .__static_thread_data.static._k_thread_data_thread2_id_
                0x0000000008003ac8       0x30 app/libapp.a(main.c.obj)
                0x0000000008003ac8                _k_thread_data_thread2_id
                0x0000000008003af8                __static_thread_data_list_end = .

device_deps     0x0000000008003af8        0x0
                0x0000000008003af8                __device_deps_start = .
 *(SORT_BY_NAME(SORT_BY_ALIGNMENT(.__device_deps_pass2*)))
                0x0000000008003af8                __device_deps_end = .

gpio_driver_api_area
                0x0000000008003af8       0x24
                0x0000000008003af8                _gpio_driver_api_list_start = .
 *(SORT_BY_NAME(SORT_BY_ALIGNMENT(._gpio_driver_api.static.*)))
 ._gpio_driver_api.static.gpio_stm32_driver_
                0x0000000008003af8       0x24 zephyr/drivers/gpio/libdrivers__gpio.a(gpio_stm32.c.obj)
                0x0000000008003b1c                _gpio_driver_api_list_end = .

reset_driver_api_area
                0x0000000008003b1c       0x10
                0x0000000008003b1c                _reset_driver_api_list_start = .
 *(SORT_BY_NAME(SORT_BY_ALIGNMENT(._reset_driver_api.static.*)))
 ._reset_driver_api.static.reset_stm32_driver_api_
                0x0000000008003b1c       0x10 zephyr/drivers/reset/libdrivers__reset.a(reset_stm32.c.obj)
                0x0000000008003b2c                _reset_driver_api_list_end = .

shared_irq_driver_api_area
                0x0000000008003b2c        0x0
                0x0000000008003b2c                _shared_irq_driver_api_list_start = .
 *(SORT_BY_NAME(SORT_BY_ALIGNMENT(._shared_irq_driver_api.static.*)))
                0x0000000008003b2c                _shared_irq_driver_api_list_end = .

crypto_driver_api_area
                0x0000000008003b2c        0x0
                0x0000000008003b2c                _crypto_driver_api_list_start = .
 *(SORT_BY_NAME(SORT_BY_ALIGNMENT(._crypto_driver_api.static.*)))
                0x0000000008003b2c                _crypto_driver_api_list_end = .

adc_driver_api_area
                0x0000000008003b2c        0x0
                0x0000000008003b2c                _adc_driver_api_list_start = .
 *(SORT_BY_NAME(SORT_BY_ALIGNMENT(._adc_driver_api.static.*)))
                0x0000000008003b2c                _adc_driver_api_list_end = .

auxdisplay_driver_api_area
                0x0000000008003b2c        0x0
                0x0000000008003b2c                _auxdisplay_driver_api_list_start = .
 *(SORT_BY_NAME(SORT_BY_ALIGNMENT(._auxdisplay_driver_api.static.*)))
                0x0000000008003b2c                _auxdisplay_driver_api_list_end = .

bbram_driver_api_area
                0x0000000008003b2c        0x0
                0x0000000008003b2c                _bbram_driver_api_list_start = .
 *(SORT_BY_NAME(SORT_BY_ALIGNMENT(._bbram_driver_api.static.*)))
                0x0000000008003b2c                _bbram_driver_api_list_end = .

bt_hci_driver_api_area
                0x0000000008003b2c        0x0
                0x0000000008003b2c                _bt_hci_driver_api_list_start = .
 *(SORT_BY_NAME(SORT_BY_ALIGNMENT(._bt_hci_driver_api.static.*)))
                0x0000000008003b2c                _bt_hci_driver_api_list_end = .

can_driver_api_area
                0x0000000008003b2c        0x0
                0x0000000008003b2c                _can_driver_api_list_start = .
 *(SORT_BY_NAME(SORT_BY_ALIGNMENT(._can_driver_api.static.*)))
                0x0000000008003b2c                _can_driver_api_list_end = .

cellular_driver_api_area
                0x0000000008003b2c        0x0
                0x0000000008003b2c                _cellular_driver_api_list_start = .
 *(SORT_BY_NAME(SORT_BY_ALIGNMENT(._cellular_driver_api.static.*)))
                0x0000000008003b2c                _cellular_driver_api_list_end = .

charger_driver_api_area
                0x0000000008003b2c        0x0
                0x0000000008003b2c                _charger_driver_api_list_start = .
 *(SORT_BY_NAME(SORT_BY_ALIGNMENT(._charger_driver_api.static.*)))
                0x0000000008003b2c                _charger_driver_api_list_end = .

clock_control_driver_api_area
                0x0000000008003b2c       0x1c
                0x0000000008003b2c                _clock_control_driver_api_list_start = .
 *(SORT_BY_NAME(SORT_BY_ALIGNMENT(._clock_control_driver_api.static.*)))
 ._clock_control_driver_api.static.stm32_clock_control_api_
                0x0000000008003b2c       0x1c zephyr/drivers/clock_control/libdrivers__clock_control.a(clock_stm32_ll_common.c.obj)
                0x0000000008003b48                _clock_control_driver_api_list_end = .

comparator_driver_api_area
                0x0000000008003b48        0x0
                0x0000000008003b48                _comparator_driver_api_list_start = .
 *(SORT_BY_NAME(SORT_BY_ALIGNMENT(._comparator_driver_api.static.*)))
                0x0000000008003b48                _comparator_driver_api_list_end = .

coredump_driver_api_area
                0x0000000008003b48        0x0
                0x0000000008003b48                _coredump_driver_api_list_start = .
 *(SORT_BY_NAME(SORT_BY_ALIGNMENT(._coredump_driver_api.static.*)))
                0x0000000008003b48                _coredump_driver_api_list_end = .

counter_driver_api_area
                0x0000000008003b48        0x0
                0x0000000008003b48                _counter_driver_api_list_start = .
 *(SORT_BY_NAME(SORT_BY_ALIGNMENT(._counter_driver_api.static.*)))
                0x0000000008003b48                _counter_driver_api_list_end = .

crc_driver_api_area
                0x0000000008003b48        0x0
                0x0000000008003b48                _crc_driver_api_list_start = .
 *(SORT_BY_NAME(SORT_BY_ALIGNMENT(._crc_driver_api.static.*)))
                0x0000000008003b48                _crc_driver_api_list_end = .

dac_driver_api_area
                0x0000000008003b48        0x0
                0x0000000008003b48                _dac_driver_api_list_start = .
 *(SORT_BY_NAME(SORT_BY_ALIGNMENT(._dac_driver_api.static.*)))
                0x0000000008003b48                _dac_driver_api_list_end = .

dai_driver_api_area
                0x0000000008003b48        0x0
                0x0000000008003b48                _dai_driver_api_list_start = .
 *(SORT_BY_NAME(SORT_BY_ALIGNMENT(._dai_driver_api.static.*)))
                0x0000000008003b48                _dai_driver_api_list_end = .

display_driver_api_area
                0x0000000008003b48        0x0
                0x0000000008003b48                _display_driver_api_list_start = .
 *(SORT_BY_NAME(SORT_BY_ALIGNMENT(._display_driver_api.static.*)))
                0x0000000008003b48                _display_driver_api_list_end = .

dma_driver_api_area
                0x0000000008003b48        0x0
                0x0000000008003b48                _dma_driver_api_list_start = .
 *(SORT_BY_NAME(SORT_BY_ALIGNMENT(._dma_driver_api.static.*)))
                0x0000000008003b48                _dma_driver_api_list_end = .

edac_driver_api_area
                0x0000000008003b48        0x0
                0x0000000008003b48                _edac_driver_api_list_start = .
 *(SORT_BY_NAME(SORT_BY_ALIGNMENT(._edac_driver_api.static.*)))
                0x0000000008003b48                _edac_driver_api_list_end = .

eeprom_driver_api_area
                0x0000000008003b48        0x0
                0x0000000008003b48                _eeprom_driver_api_list_start = .
 *(SORT_BY_NAME(SORT_BY_ALIGNMENT(._eeprom_driver_api.static.*)))
                0x0000000008003b48                _eeprom_driver_api_list_end = .

emul_bbram_driver_api_area
                0x0000000008003b48        0x0
                0x0000000008003b48                _emul_bbram_driver_api_list_start = .
 *(SORT_BY_NAME(SORT_BY_ALIGNMENT(._emul_bbram_driver_api.static.*)))
                0x0000000008003b48                _emul_bbram_driver_api_list_end = .

fuel_gauge_emul_driver_api_area
                0x0000000008003b48        0x0
                0x0000000008003b48                _fuel_gauge_emul_driver_api_list_start = .
 *(SORT_BY_NAME(SORT_BY_ALIGNMENT(._fuel_gauge_emul_driver_api.static.*)))
                0x0000000008003b48                _fuel_gauge_emul_driver_api_list_end = .

emul_sensor_driver_api_area
                0x0000000008003b48        0x0
                0x0000000008003b48                _emul_sensor_driver_api_list_start = .
 *(SORT_BY_NAME(SORT_BY_ALIGNMENT(._emul_sensor_driver_api.static.*)))
                0x0000000008003b48                _emul_sensor_driver_api_list_end = .

entropy_driver_api_area
                0x0000000008003b48        0x0
                0x0000000008003b48                _entropy_driver_api_list_start = .
 *(SORT_BY_NAME(SORT_BY_ALIGNMENT(._entropy_driver_api.static.*)))
                0x0000000008003b48                _entropy_driver_api_list_end = .

espi_driver_api_area
                0x0000000008003b48        0x0
                0x0000000008003b48                _espi_driver_api_list_start = .
 *(SORT_BY_NAME(SORT_BY_ALIGNMENT(._espi_driver_api.static.*)))
                0x0000000008003b48                _espi_driver_api_list_end = .

espi_saf_driver_api_area
                0x0000000008003b48        0x0
                0x0000000008003b48                _espi_saf_driver_api_list_start = .
 *(SORT_BY_NAME(SORT_BY_ALIGNMENT(._espi_saf_driver_api.static.*)))
                0x0000000008003b48                _espi_saf_driver_api_list_end = .

flash_driver_api_area
                0x0000000008003b48        0x0
                0x0000000008003b48                _flash_driver_api_list_start = .
 *(SORT_BY_NAME(SORT_BY_ALIGNMENT(._flash_driver_api.static.*)))
                0x0000000008003b48                _flash_driver_api_list_end = .

fpga_driver_api_area
                0x0000000008003b48        0x0
                0x0000000008003b48                _fpga_driver_api_list_start = .
 *(SORT_BY_NAME(SORT_BY_ALIGNMENT(._fpga_driver_api.static.*)))
                0x0000000008003b48                _fpga_driver_api_list_end = .

fuel_gauge_driver_api_area
                0x0000000008003b48        0x0
                0x0000000008003b48                _fuel_gauge_driver_api_list_start = .
 *(SORT_BY_NAME(SORT_BY_ALIGNMENT(._fuel_gauge_driver_api.static.*)))
                0x0000000008003b48                _fuel_gauge_driver_api_list_end = .

gnss_driver_api_area
                0x0000000008003b48        0x0
                0x0000000008003b48                _gnss_driver_api_list_start = .
 *(SORT_BY_NAME(SORT_BY_ALIGNMENT(._gnss_driver_api.static.*)))
                0x0000000008003b48                _gnss_driver_api_list_end = .

haptics_driver_api_area
                0x0000000008003b48        0x0
                0x0000000008003b48                _haptics_driver_api_list_start = .
 *(SORT_BY_NAME(SORT_BY_ALIGNMENT(._haptics_driver_api.static.*)))
                0x0000000008003b48                _haptics_driver_api_list_end = .

hwspinlock_driver_api_area
                0x0000000008003b48        0x0
                0x0000000008003b48                _hwspinlock_driver_api_list_start = .
 *(SORT_BY_NAME(SORT_BY_ALIGNMENT(._hwspinlock_driver_api.static.*)))
                0x0000000008003b48                _hwspinlock_driver_api_list_end = .

i2c_driver_api_area
                0x0000000008003b48        0x0
                0x0000000008003b48                _i2c_driver_api_list_start = .
 *(SORT_BY_NAME(SORT_BY_ALIGNMENT(._i2c_driver_api.static.*)))
                0x0000000008003b48                _i2c_driver_api_list_end = .

i2c_target_driver_api_area
                0x0000000008003b48        0x0
                0x0000000008003b48                _i2c_target_driver_api_list_start = .
 *(SORT_BY_NAME(SORT_BY_ALIGNMENT(._i2c_target_driver_api.static.*)))
                0x0000000008003b48                _i2c_target_driver_api_list_end = .

i2s_driver_api_area
                0x0000000008003b48        0x0
                0x0000000008003b48                _i2s_driver_api_list_start = .
 *(SORT_BY_NAME(SORT_BY_ALIGNMENT(._i2s_driver_api.static.*)))
                0x0000000008003b48                _i2s_driver_api_list_end = .

i3c_driver_api_area
                0x0000000008003b48        0x0
                0x0000000008003b48                _i3c_driver_api_list_start = .
 *(SORT_BY_NAME(SORT_BY_ALIGNMENT(._i3c_driver_api.static.*)))
                0x0000000008003b48                _i3c_driver_api_list_end = .

ipm_driver_api_area
                0x0000000008003b48        0x0
                0x0000000008003b48                _ipm_driver_api_list_start = .
 *(SORT_BY_NAME(SORT_BY_ALIGNMENT(._ipm_driver_api.static.*)))
                0x0000000008003b48                _ipm_driver_api_list_end = .

led_driver_api_area
                0x0000000008003b48        0x0
                0x0000000008003b48                _led_driver_api_list_start = .
 *(SORT_BY_NAME(SORT_BY_ALIGNMENT(._led_driver_api.static.*)))
                0x0000000008003b48                _led_driver_api_list_end = .

led_strip_driver_api_area
                0x0000000008003b48        0x0
                0x0000000008003b48                _led_strip_driver_api_list_start = .
 *(SORT_BY_NAME(SORT_BY_ALIGNMENT(._led_strip_driver_api.static.*)))
                0x0000000008003b48                _led_strip_driver_api_list_end = .

lora_driver_api_area
                0x0000000008003b48        0x0
                0x0000000008003b48                _lora_driver_api_list_start = .
 *(SORT_BY_NAME(SORT_BY_ALIGNMENT(._lora_driver_api.static.*)))
                0x0000000008003b48                _lora_driver_api_list_end = .

mbox_driver_api_area
                0x0000000008003b48        0x0
                0x0000000008003b48                _mbox_driver_api_list_start = .
 *(SORT_BY_NAME(SORT_BY_ALIGNMENT(._mbox_driver_api.static.*)))
                0x0000000008003b48                _mbox_driver_api_list_end = .

mdio_driver_api_area
                0x0000000008003b48        0x0
                0x0000000008003b48                _mdio_driver_api_list_start = .
 *(SORT_BY_NAME(SORT_BY_ALIGNMENT(._mdio_driver_api.static.*)))
                0x0000000008003b48                _mdio_driver_api_list_end = .

mipi_dbi_driver_api_area
                0x0000000008003b48        0x0
                0x0000000008003b48                _mipi_dbi_driver_api_list_start = .
 *(SORT_BY_NAME(SORT_BY_ALIGNMENT(._mipi_dbi_driver_api.static.*)))
                0x0000000008003b48                _mipi_dbi_driver_api_list_end = .

mipi_dsi_driver_api_area
                0x0000000008003b48        0x0
                0x0000000008003b48                _mipi_dsi_driver_api_list_start = .
 *(SORT_BY_NAME(SORT_BY_ALIGNMENT(._mipi_dsi_driver_api.static.*)))
                0x0000000008003b48                _mipi_dsi_driver_api_list_end = .

mspi_driver_api_area
                0x0000000008003b48        0x0
                0x0000000008003b48                _mspi_driver_api_list_start = .
 *(SORT_BY_NAME(SORT_BY_ALIGNMENT(._mspi_driver_api.static.*)))
                0x0000000008003b48                _mspi_driver_api_list_end = .

peci_driver_api_area
                0x0000000008003b48        0x0
                0x0000000008003b48                _peci_driver_api_list_start = .
 *(SORT_BY_NAME(SORT_BY_ALIGNMENT(._peci_driver_api.static.*)))
                0x0000000008003b48                _peci_driver_api_list_end = .

ps2_driver_api_area
                0x0000000008003b48        0x0
                0x0000000008003b48                _ps2_driver_api_list_start = .
 *(SORT_BY_NAME(SORT_BY_ALIGNMENT(._ps2_driver_api.static.*)))
                0x0000000008003b48                _ps2_driver_api_list_end = .

ptp_clock_driver_api_area
                0x0000000008003b48        0x0
                0x0000000008003b48                _ptp_clock_driver_api_list_start = .
 *(SORT_BY_NAME(SORT_BY_ALIGNMENT(._ptp_clock_driver_api.static.*)))
                0x0000000008003b48                _ptp_clock_driver_api_list_end = .

pwm_driver_api_area
                0x0000000008003b48        0x0
                0x0000000008003b48                _pwm_driver_api_list_start = .
 *(SORT_BY_NAME(SORT_BY_ALIGNMENT(._pwm_driver_api.static.*)))
                0x0000000008003b48                _pwm_driver_api_list_end = .

regulator_parent_driver_api_area
                0x0000000008003b48        0x0
                0x0000000008003b48                _regulator_parent_driver_api_list_start = .
 *(SORT_BY_NAME(SORT_BY_ALIGNMENT(._regulator_parent_driver_api.static.*)))
                0x0000000008003b48                _regulator_parent_driver_api_list_end = .

regulator_driver_api_area
                0x0000000008003b48        0x0
                0x0000000008003b48                _regulator_driver_api_list_start = .
 *(SORT_BY_NAME(SORT_BY_ALIGNMENT(._regulator_driver_api.static.*)))
                0x0000000008003b48                _regulator_driver_api_list_end = .

retained_mem_driver_api_area
                0x0000000008003b48        0x0
                0x0000000008003b48                _retained_mem_driver_api_list_start = .
 *(SORT_BY_NAME(SORT_BY_ALIGNMENT(._retained_mem_driver_api.static.*)))
                0x0000000008003b48                _retained_mem_driver_api_list_end = .

rtc_driver_api_area
                0x0000000008003b48        0x0
                0x0000000008003b48                _rtc_driver_api_list_start = .
 *(SORT_BY_NAME(SORT_BY_ALIGNMENT(._rtc_driver_api.static.*)))
                0x0000000008003b48                _rtc_driver_api_list_end = .

sdhc_driver_api_area
                0x0000000008003b48        0x0
                0x0000000008003b48                _sdhc_driver_api_list_start = .
 *(SORT_BY_NAME(SORT_BY_ALIGNMENT(._sdhc_driver_api.static.*)))
                0x0000000008003b48                _sdhc_driver_api_list_end = .

sensor_driver_api_area
                0x0000000008003b48        0x0
                0x0000000008003b48                _sensor_driver_api_list_start = .
 *(SORT_BY_NAME(SORT_BY_ALIGNMENT(._sensor_driver_api.static.*)))
                0x0000000008003b48                _sensor_driver_api_list_end = .

smbus_driver_api_area
                0x0000000008003b48        0x0
                0x0000000008003b48                _smbus_driver_api_list_start = .
 *(SORT_BY_NAME(SORT_BY_ALIGNMENT(._smbus_driver_api.static.*)))
                0x0000000008003b48                _smbus_driver_api_list_end = .

spi_driver_api_area
                0x0000000008003b48        0x0
                0x0000000008003b48                _spi_driver_api_list_start = .
 *(SORT_BY_NAME(SORT_BY_ALIGNMENT(._spi_driver_api.static.*)))
                0x0000000008003b48                _spi_driver_api_list_end = .

stepper_driver_api_area
                0x0000000008003b48        0x0
                0x0000000008003b48                _stepper_driver_api_list_start = .
 *(SORT_BY_NAME(SORT_BY_ALIGNMENT(._stepper_driver_api.static.*)))
                0x0000000008003b48                _stepper_driver_api_list_end = .

syscon_driver_api_area
                0x0000000008003b48        0x0
                0x0000000008003b48                _syscon_driver_api_list_start = .
 *(SORT_BY_NAME(SORT_BY_ALIGNMENT(._syscon_driver_api.static.*)))
                0x0000000008003b48                _syscon_driver_api_list_end = .

tee_driver_api_area
                0x0000000008003b48        0x0
                0x0000000008003b48                _tee_driver_api_list_start = .
 *(SORT_BY_NAME(SORT_BY_ALIGNMENT(._tee_driver_api.static.*)))
                0x0000000008003b48                _tee_driver_api_list_end = .

video_driver_api_area
                0x0000000008003b48        0x0
                0x0000000008003b48                _video_driver_api_list_start = .
 *(SORT_BY_NAME(SORT_BY_ALIGNMENT(._video_driver_api.static.*)))
                0x0000000008003b48                _video_driver_api_list_end = .

virtio_driver_api_area
                0x0000000008003b48        0x0
                0x0000000008003b48                _virtio_driver_api_list_start = .
 *(SORT_BY_NAME(SORT_BY_ALIGNMENT(._virtio_driver_api.static.*)))
                0x0000000008003b48                _virtio_driver_api_list_end = .

w1_driver_api_area
                0x0000000008003b48        0x0
                0x0000000008003b48                _w1_driver_api_list_start = .
 *(SORT_BY_NAME(SORT_BY_ALIGNMENT(._w1_driver_api.static.*)))
                0x0000000008003b48                _w1_driver_api_list_end = .

wdt_driver_api_area
                0x0000000008003b48        0x0
                0x0000000008003b48                _wdt_driver_api_list_start = .
 *(SORT_BY_NAME(SORT_BY_ALIGNMENT(._wdt_driver_api.static.*)))
                0x0000000008003b48                _wdt_driver_api_list_end = .

can_transceiver_driver_api_area
                0x0000000008003b48        0x0
                0x0000000008003b48                _can_transceiver_driver_api_list_start = .
 *(SORT_BY_NAME(SORT_BY_ALIGNMENT(._can_transceiver_driver_api.static.*)))
                0x0000000008003b48                _can_transceiver_driver_api_list_end = .

nrf_clock_control_driver_api_area
                0x0000000008003b48        0x0
                0x0000000008003b48                _nrf_clock_control_driver_api_list_start = .
 *(SORT_BY_NAME(SORT_BY_ALIGNMENT(._nrf_clock_control_driver_api.static.*)))
                0x0000000008003b48                _nrf_clock_control_driver_api_list_end = .

i3c_target_driver_api_area
                0x0000000008003b48        0x0
                0x0000000008003b48                _i3c_target_driver_api_list_start = .
 *(SORT_BY_NAME(SORT_BY_ALIGNMENT(._i3c_target_driver_api.static.*)))
                0x0000000008003b48                _i3c_target_driver_api_list_end = .

its_driver_api_area
                0x0000000008003b48        0x0
                0x0000000008003b48                _its_driver_api_list_start = .
 *(SORT_BY_NAME(SORT_BY_ALIGNMENT(._its_driver_api.static.*)))
                0x0000000008003b48                _its_driver_api_list_end = .

vtd_driver_api_area
                0x0000000008003b48        0x0
                0x0000000008003b48                _vtd_driver_api_list_start = .
 *(SORT_BY_NAME(SORT_BY_ALIGNMENT(._vtd_driver_api.static.*)))
                0x0000000008003b48                _vtd_driver_api_list_end = .

renesas_elc_driver_api_area
                0x0000000008003b48        0x0
                0x0000000008003b48                _renesas_elc_driver_api_list_start = .
 *(SORT_BY_NAME(SORT_BY_ALIGNMENT(._renesas_elc_driver_api.static.*)))
                0x0000000008003b48                _renesas_elc_driver_api_list_end = .

tgpio_driver_api_area
                0x0000000008003b48        0x0
                0x0000000008003b48                _tgpio_driver_api_list_start = .
 *(SORT_BY_NAME(SORT_BY_ALIGNMENT(._tgpio_driver_api.static.*)))
                0x0000000008003b48                _tgpio_driver_api_list_end = .

pcie_ctrl_driver_api_area
                0x0000000008003b48        0x0
                0x0000000008003b48                _pcie_ctrl_driver_api_list_start = .
 *(SORT_BY_NAME(SORT_BY_ALIGNMENT(._pcie_ctrl_driver_api.static.*)))
                0x0000000008003b48                _pcie_ctrl_driver_api_list_end = .

pcie_ep_driver_api_area
                0x0000000008003b48        0x0
                0x0000000008003b48                _pcie_ep_driver_api_list_start = .
 *(SORT_BY_NAME(SORT_BY_ALIGNMENT(._pcie_ep_driver_api.static.*)))
                0x0000000008003b48                _pcie_ep_driver_api_list_end = .

psi5_driver_api_area
                0x0000000008003b48        0x0
                0x0000000008003b48                _psi5_driver_api_list_start = .
 *(SORT_BY_NAME(SORT_BY_ALIGNMENT(._psi5_driver_api.static.*)))
                0x0000000008003b48                _psi5_driver_api_list_end = .

sent_driver_api_area
                0x0000000008003b48        0x0
                0x0000000008003b48                _sent_driver_api_list_start = .
 *(SORT_BY_NAME(SORT_BY_ALIGNMENT(._sent_driver_api.static.*)))
                0x0000000008003b48                _sent_driver_api_list_end = .

svc_driver_api_area
                0x0000000008003b48        0x0
                0x0000000008003b48                _svc_driver_api_list_start = .
 *(SORT_BY_NAME(SORT_BY_ALIGNMENT(._svc_driver_api.static.*)))
                0x0000000008003b48                _svc_driver_api_list_end = .

uart_driver_api_area
                0x0000000008003b48       0x14
                0x0000000008003b48                _uart_driver_api_list_start = .
 *(SORT_BY_NAME(SORT_BY_ALIGNMENT(._uart_driver_api.static.*)))
 ._uart_driver_api.static.uart_stm32_driver_api_
                0x0000000008003b48       0x14 zephyr/drivers/serial/libdrivers__serial.a(uart_stm32.c.obj)
                0x0000000008003b5c                _uart_driver_api_list_end = .

bc12_emul_driver_api_area
                0x0000000008003b5c        0x0
                0x0000000008003b5c                _bc12_emul_driver_api_list_start = .
 *(SORT_BY_NAME(SORT_BY_ALIGNMENT(._bc12_emul_driver_api.static.*)))
                0x0000000008003b5c                _bc12_emul_driver_api_list_end = .

bc12_driver_api_area
                0x0000000008003b5c        0x0
                0x0000000008003b5c                _bc12_driver_api_list_start = .
 *(SORT_BY_NAME(SORT_BY_ALIGNMENT(._bc12_driver_api.static.*)))
                0x0000000008003b5c                _bc12_driver_api_list_end = .

usbc_ppc_driver_api_area
                0x0000000008003b5c        0x0
                0x0000000008003b5c                _usbc_ppc_driver_api_list_start = .
 *(SORT_BY_NAME(SORT_BY_ALIGNMENT(._usbc_ppc_driver_api.static.*)))
                0x0000000008003b5c                _usbc_ppc_driver_api_list_end = .

tcpc_driver_api_area
                0x0000000008003b5c        0x0
                0x0000000008003b5c                _tcpc_driver_api_list_start = .
 *(SORT_BY_NAME(SORT_BY_ALIGNMENT(._tcpc_driver_api.static.*)))
                0x0000000008003b5c                _tcpc_driver_api_list_end = .

usbc_vbus_driver_api_area
                0x0000000008003b5c        0x0
                0x0000000008003b5c                _usbc_vbus_driver_api_list_start = .
 *(SORT_BY_NAME(SORT_BY_ALIGNMENT(._usbc_vbus_driver_api.static.*)))
                0x0000000008003b5c                _usbc_vbus_driver_api_list_end = .

ivshmem_driver_api_area
                0x0000000008003b5c        0x0
                0x0000000008003b5c                _ivshmem_driver_api_list_start = .
 *(SORT_BY_NAME(SORT_BY_ALIGNMENT(._ivshmem_driver_api.static.*)))
                0x0000000008003b5c                _ivshmem_driver_api_list_end = .

ethphy_driver_api_area
                0x0000000008003b5c        0x0
                0x0000000008003b5c                _ethphy_driver_api_list_start = .
 *(SORT_BY_NAME(SORT_BY_ALIGNMENT(._ethphy_driver_api.static.*)))
                0x0000000008003b5c                _ethphy_driver_api_list_end = .

ztest           0x0000000008003b5c        0x0
                0x0000000008003b5c                _ztest_expected_result_entry_list_start = .
 *(SORT_BY_NAME(SORT_BY_ALIGNMENT(._ztest_expected_result_entry.static.*)))
                0x0000000008003b5c                _ztest_expected_result_entry_list_end = .
                0x0000000008003b5c                _ztest_suite_node_list_start = .
 *(SORT_BY_NAME(SORT_BY_ALIGNMENT(._ztest_suite_node.static.*)))
                0x0000000008003b5c                _ztest_suite_node_list_end = .
                0x0000000008003b5c                _ztest_unit_test_list_start = .
 *(SORT_BY_NAME(SORT_BY_ALIGNMENT(._ztest_unit_test.static.*)))
                0x0000000008003b5c                _ztest_unit_test_list_end = .
                0x0000000008003b5c                _ztest_test_rule_list_start = .
 *(SORT_BY_NAME(SORT_BY_ALIGNMENT(._ztest_test_rule.static.*)))
                0x0000000008003b5c                _ztest_test_rule_list_end = .

init_array      0x0000000008003b5c        0x0
                0x0000000008003b5c                __zephyr_init_array_start = .
 *(SORT_BY_INIT_PRIORITY(.init_array.*) SORT_BY_INIT_PRIORITY(.ctors.*))
 *(SORT_BY_ALIGNMENT(.init_array) SORT_BY_ALIGNMENT(.ctors))
                0x0000000008003b5c                __zephyr_init_array_end = .
                0x0000000000000001                ASSERT ((__zephyr_init_array_start == __zephyr_init_array_end), GNU-style constructors required but STATIC_INIT_GNU not enabled)

bt_l2cap_fixed_chan_area
                0x0000000008003b5c        0x0
                0x0000000008003b5c                _bt_l2cap_fixed_chan_list_start = .
 *(SORT_BY_NAME(SORT_BY_ALIGNMENT(._bt_l2cap_fixed_chan.static.*)))
                0x0000000008003b5c                _bt_l2cap_fixed_chan_list_end = .

bt_gatt_service_static_area
                0x0000000008003b5c        0x0
                0x0000000008003b5c                _bt_gatt_service_static_list_start = .
 *(SORT_BY_NAME(SORT_BY_ALIGNMENT(._bt_gatt_service_static.static.*)))
                0x0000000008003b5c                _bt_gatt_service_static_list_end = .

log_strings_area
                0x0000000008003b5c        0x0
                0x0000000008003b5c                _log_strings_list_start = .
 *(SORT_BY_NAME(SORT_BY_ALIGNMENT(._log_strings.static.*)))
                0x0000000008003b5c                _log_strings_list_end = .

log_stmesp_ptr_area
                0x0000000008003b5c        0x0
                0x0000000008003b5c                _log_stmesp_ptr_list_start = .
 *(SORT_BY_NAME(SORT_BY_ALIGNMENT(._log_stmesp_ptr.static.*)))
                0x0000000008003b5c                _log_stmesp_ptr_list_end = .

log_stmesp_str_area
                0x0000000008003b5c        0x0
                0x0000000008003b5c                _log_stmesp_str_list_start = .
 *(SORT_BY_NAME(SORT_BY_ALIGNMENT(._log_stmesp_str.static.*)))
                0x0000000008003b5c                _log_stmesp_str_list_end = .

log_const_area  0x0000000008003b5c        0x0
                0x0000000008003b5c                _log_const_list_start = .
 *(SORT_BY_NAME(SORT_BY_ALIGNMENT(._log_const.static.*)))
                0x0000000008003b5c                _log_const_list_end = .

log_backend_area
                0x0000000008003b5c        0x0
                0x0000000008003b5c                _log_backend_list_start = .
 *(SORT_BY_NAME(SORT_BY_ALIGNMENT(._log_backend.static.*)))
                0x0000000008003b5c                _log_backend_list_end = .

log_link_area   0x0000000008003b5c        0x0
                0x0000000008003b5c                _log_link_list_start = .
 *(SORT_BY_NAME(SORT_BY_ALIGNMENT(._log_link.static.*)))
                0x0000000008003b5c                _log_link_list_end = .

tracing_backend_area
                0x0000000008003b5c        0x0
                0x0000000008003b5c                _tracing_backend_list_start = .
 *(SORT_BY_NAME(SORT_BY_ALIGNMENT(._tracing_backend.static.*)))
                0x0000000008003b5c                _tracing_backend_list_end = .

zephyr_dbg_info
 *(SORT_BY_ALIGNMENT(.dbg_thread_info))

intc_table_area
                0x0000000008003b5c        0x0
                0x0000000008003b5c                _intc_table_list_start = .
 *(SORT_BY_NAME(SORT_BY_ALIGNMENT(._intc_table.static.*)))
                0x0000000008003b5c                _intc_table_list_end = .

symbol_to_keep  0x0000000008003b5c        0x0
                0x0000000008003b5c                __symbol_to_keep_start = .
 *(SORT_BY_NAME(SORT_BY_ALIGNMENT(.symbol_to_keep*)))
                0x0000000008003b5c                __symbol_to_keep_end = .

shell_area      0x0000000008003b5c        0x0
                0x0000000008003b5c                _shell_list_start = .
 *(SORT_BY_NAME(SORT_BY_ALIGNMENT(._shell.static.*)))
                0x0000000008003b5c                _shell_list_end = .

shell_root_cmds_area
                0x0000000008003b5c        0x0
                0x0000000008003b5c                _shell_root_cmds_list_start = .
 *(SORT_BY_NAME(SORT_BY_ALIGNMENT(._shell_root_cmds.static.*)))
                0x0000000008003b5c                _shell_root_cmds_list_end = .

shell_subcmds_area
                0x0000000008003b5c        0x0
                0x0000000008003b5c                _shell_subcmds_list_start = .
 *(SORT_BY_NAME(SORT_BY_ALIGNMENT(._shell_subcmds.static.*)))
                0x0000000008003b5c                _shell_subcmds_list_end = .

shell_dynamic_subcmds_area
                0x0000000008003b5c        0x0
                0x0000000008003b5c                _shell_dynamic_subcmds_list_start = .
 *(SORT_BY_NAME(SORT_BY_ALIGNMENT(._shell_dynamic_subcmds.static.*)))
                0x0000000008003b5c                _shell_dynamic_subcmds_list_end = .

cfb_font_area   0x0000000008003b5c        0x0
                0x0000000008003b5c                _cfb_font_list_start = .
 *(SORT_BY_NAME(SORT_BY_ALIGNMENT(._cfb_font.static.*)))
                0x0000000008003b5c                _cfb_font_list_end = .

tdata           0x0000000008003b5c        0x0
 *(SORT_BY_ALIGNMENT(.tdata) SORT_BY_ALIGNMENT(.tdata.*) SORT_BY_ALIGNMENT(.gnu.linkonce.td.*))

tbss            0x0000000008003b5c        0x4
 *(SORT_BY_ALIGNMENT(.tbss) SORT_BY_ALIGNMENT(.tbss.*) SORT_BY_ALIGNMENT(.gnu.linkonce.tb.*) SORT_BY_ALIGNMENT(.tcommon))
 .tbss.z_tls_current
                0x0000000008003b5c        0x4 zephyr/libzephyr.a(thread_entry.c.obj)
                0x0000000008003b5c                z_tls_current
                0x0000000008003b5c                PROVIDE (__tdata_start = LOADADDR (tdata))
                0x0000000000000001                PROVIDE (__tdata_align = ALIGNOF (tdata))
                0x0000000000000000                PROVIDE (__tdata_size = (((SIZEOF (tdata) + __tdata_align) - 0x1) & ~ ((__tdata_align - 0x1))))
                [!provide]                        PROVIDE (__tdata_end = (__tdata_start + __tdata_size))
                0x0000000000000004                PROVIDE (__tbss_align = ALIGNOF (tbss))
                [!provide]                        PROVIDE (__tbss_start = ADDR (tbss))
                0x0000000000000004                PROVIDE (__tbss_size = (((SIZEOF (tbss) + __tbss_align) - 0x1) & ~ ((__tbss_align - 0x1))))
                [!provide]                        PROVIDE (__tbss_end = (__tbss_start + __tbss_size))
                [!provide]                        PROVIDE (__tls_start = __tdata_start)
                [!provide]                        PROVIDE (__tls_end = __tbss_end)
                [!provide]                        PROVIDE (__tls_size = (__tbss_end - __tdata_start))

rodata          0x0000000008003b5c      0x6f4
 *(SORT_BY_ALIGNMENT(.rodata))
 *(SORT_BY_ALIGNMENT(.rodata.*))
 .rodata.mem_attr_region
                0x0000000008003b5c        0x0 zephyr/libzephyr.a(mem_attr.c.obj)
 .rodata.static_regions
                0x0000000008003b5c        0xc zephyr/arch/arch/arm/core/mpu/libarch__arm__core__mpu.a(arm_core_mpu.c.obj)
 .rodata.mpu_config
                0x0000000008003b68        0x8 zephyr/arch/arch/arm/core/mpu/libarch__arm__core__mpu.a(arm_mpu_regions.c.obj)
                0x0000000008003b68                mpu_config
 .rodata.mpu_regions
                0x0000000008003b70       0x18 zephyr/arch/arch/arm/core/mpu/libarch__arm__core__mpu.a(arm_mpu_regions.c.obj)
 .rodata.gpio_stm32_cfg_h
                0x0000000008003b88       0x14 zephyr/drivers/gpio/libdrivers__gpio.a(gpio_stm32.c.obj)
 .rodata.gpio_stm32_cfg_e
                0x0000000008003b9c       0x14 zephyr/drivers/gpio/libdrivers__gpio.a(gpio_stm32.c.obj)
 .rodata.gpio_stm32_cfg_d
                0x0000000008003bb0       0x14 zephyr/drivers/gpio/libdrivers__gpio.a(gpio_stm32.c.obj)
 .rodata.gpio_stm32_cfg_c
                0x0000000008003bc4       0x14 zephyr/drivers/gpio/libdrivers__gpio.a(gpio_stm32.c.obj)
 .rodata.gpio_stm32_cfg_b
                0x0000000008003bd8       0x14 zephyr/drivers/gpio/libdrivers__gpio.a(gpio_stm32.c.obj)
 .rodata.gpio_stm32_cfg_a
                0x0000000008003bec       0x14 zephyr/drivers/gpio/libdrivers__gpio.a(gpio_stm32.c.obj)
 .rodata.gpio_ports
                0x0000000008003c00       0x68 zephyr/drivers/pinctrl/libdrivers__pinctrl.a(pinctrl_stm32.c.obj)
 .rodata.reset_stm32_config
                0x0000000008003c68        0x4 zephyr/drivers/reset/libdrivers__reset.a(reset_stm32.c.obj)
 .rodata.uart_stm32_cfg_0
                0x0000000008003c6c       0x24 zephyr/drivers/serial/libdrivers__serial.a(uart_stm32.c.obj)
 .rodata.pclken_0
                0x0000000008003c90        0x8 zephyr/drivers/serial/libdrivers__serial.a(uart_stm32.c.obj)
 .rodata.__pinctrl_dev_config__device_dts_ord_46
                0x0000000008003c98        0x8 zephyr/drivers/serial/libdrivers__serial.a(uart_stm32.c.obj)
 .rodata.__pinctrl_states__device_dts_ord_46
                0x0000000008003ca0        0x8 zephyr/drivers/serial/libdrivers__serial.a(uart_stm32.c.obj)
 .rodata.__pinctrl_state_pins_0__device_dts_ord_46
                0x0000000008003ca8       0x10 zephyr/drivers/serial/libdrivers__serial.a(uart_stm32.c.obj)
 .rodata.levels.0
                0x0000000008003cb8       0x18 zephyr/kernel/libkernel.a(init.c.obj)
 .rodata.CSWTCH.74
                0x0000000008003cd0        0x6 zephyr/drivers/serial/libdrivers__serial.a(uart_stm32.c.obj)
 .rodata.thread1.str1.1
                0x0000000008003cd6       0x35 app/libapp.a(main.c.obj)
 .rodata.thread2.str1.1
                0x0000000008003d0b       0x16 app/libapp.a(main.c.obj)
 .rodata.main.str1.1
                0x0000000008003d21       0x17 app/libapp.a(main.c.obj)
 .rodata.str1.1
                0x0000000008003d38       0x16 app/libapp.a(main.c.obj)
 .rodata.z_arm_fatal_error.str1.1
                0x0000000008003d4e       0xb3 zephyr/arch/arch/arm/core/libarch__arm__core.a(fatal.c.obj)
 .rodata.mem_manage_fault.str1.1
                0x0000000008003e01       0xaf zephyr/arch/arch/arm/core/cortex_m/libarch__arm__core__cortex_m.a(fault.c.obj)
 .rodata.usage_fault.constprop.0.str1.1
                0x0000000008003eb0       0xd4 zephyr/arch/arch/arm/core/cortex_m/libarch__arm__core__cortex_m.a(fault.c.obj)
 .rodata.bus_fault.constprop.0.str1.1
                0x0000000008003f84       0x8e zephyr/arch/arch/arm/core/cortex_m/libarch__arm__core__cortex_m.a(fault.c.obj)
 .rodata.z_arm_fault.str1.1
                0x0000000008004012      0x119 zephyr/arch/arch/arm/core/cortex_m/libarch__arm__core__cortex_m.a(fault.c.obj)
 .rodata.str1.1
                0x000000000800412b        0xf zephyr/arch/arch/arm/core/mpu/libarch__arm__core__mpu.a(arm_mpu_regions.c.obj)
 .rodata.line_range_6.0
                0x000000000800413a        0x2 zephyr/drivers/interrupt_controller/libdrivers__interrupt_controller.a(intc_gpio_stm32.c.obj)
 .rodata.line_range_5.1
                0x000000000800413c        0x2 zephyr/drivers/interrupt_controller/libdrivers__interrupt_controller.a(intc_gpio_stm32.c.obj)
 .rodata.line_range_4.2
                0x000000000800413e        0x2 zephyr/drivers/interrupt_controller/libdrivers__interrupt_controller.a(intc_gpio_stm32.c.obj)
 .rodata.line_range_3.3
                0x0000000008004140        0x2 zephyr/drivers/interrupt_controller/libdrivers__interrupt_controller.a(intc_gpio_stm32.c.obj)
 .rodata.line_range_2.4
                0x0000000008004142        0x2 zephyr/drivers/interrupt_controller/libdrivers__interrupt_controller.a(intc_gpio_stm32.c.obj)
 .rodata.line_range_1.5
                0x0000000008004144        0x2 zephyr/drivers/interrupt_controller/libdrivers__interrupt_controller.a(intc_gpio_stm32.c.obj)
 .rodata.line_range_0.6
                0x0000000008004146        0x2 zephyr/drivers/interrupt_controller/libdrivers__interrupt_controller.a(intc_gpio_stm32.c.obj)
 .rodata.str1.1
                0x0000000008004148       0x1e zephyr/drivers/interrupt_controller/libdrivers__interrupt_controller.a(intc_exti_stm32.c.obj)
 .rodata.str1.1
                0x0000000008004166        0xd zephyr/drivers/clock_control/libdrivers__clock_control.a(clock_stm32_ll_common.c.obj)
 .rodata.str1.1
                0x0000000008004173       0x54 zephyr/drivers/gpio/libdrivers__gpio.a(gpio_stm32.c.obj)
 .rodata.str1.1
                0x00000000080041c7       0x11 zephyr/drivers/reset/libdrivers__reset.a(reset_stm32.c.obj)
 .rodata.str1.1
                0x00000000080041d8       0x10 zephyr/drivers/serial/libdrivers__serial.a(uart_stm32.c.obj)
 .rodata.AHBPrescTable
                0x00000000080041e8       0x10 modules/hal_stm32/stm32cube/lib..__modules__hal__stm32__stm32cube.a(system_stm32l1xx.c.obj)
                0x00000000080041e8                AHBPrescTable
 .rodata.PLLMulTable
                0x00000000080041f8        0x9 modules/hal_stm32/stm32cube/lib..__modules__hal__stm32__stm32cube.a(system_stm32l1xx.c.obj)
                0x00000000080041f8                PLLMulTable
 .rodata.z_cstart.str1.1
                0x0000000008004201        0x5 zephyr/kernel/libkernel.a(init.c.obj)
 .rodata.boot_banner.str1.1
                0x0000000008004206       0x3b zephyr/kernel/libkernel.a(banner.c.obj)
 .rodata.__l_vfprintf.str1.1
                0x0000000008004241        0xf c:\users\lince\zephyr_project\zephyrproject\zephyr\zephyr-sdk-0.17.4\arm-zephyr-eabi\bin\../lib/gcc/../../picolibc/arm-zephyr-eabi/lib/thumb/v7-m/nofp\libc.a(libc_tinystdio_vflprintf.c.o)
 *(SORT_BY_ALIGNMENT(.gnu.linkonce.r.*))
                0x0000000008004250                . = ALIGN (0x4)

/DISCARD/
 *(SORT_BY_ALIGNMENT(.eh_frame))
                0x0000000008004250                __rodata_region_end = .
                0x0000000008004260                . = ALIGN (_region_min_align)
                0x0000000008008000                . = ALIGN ((0x1 << LOG2CEIL ((__rodata_region_end - ADDR (rom_start)))))
                0x0000000008008000                __rom_region_end = ((__rom_region_start + .) - ADDR (rom_start))
                0x0000000000008000                __rom_region_size = (__rom_region_end - __rom_region_start)

/DISCARD/
 *(SORT_BY_ALIGNMENT(.got.plt))
 *(SORT_BY_ALIGNMENT(.igot.plt))
 *(SORT_BY_ALIGNMENT(.got))
 *(SORT_BY_ALIGNMENT(.igot))
                0x0000000020000000                . = 0x20000000
                0x0000000020000000                . = ALIGN (_region_min_align)
                0x0000000020000000                _image_ram_start = .

.ramfunc        0x0000000020000000        0x0 load address 0x0000000008004250
                0x0000000020000000                __ramfunc_region_start = .
                0x0000000020000000                . = ALIGN (_region_min_align)
                0x0000000020000000                . = ALIGN ((0x1 << LOG2CEIL (__ramfunc_size)))
                0x0000000020000000                __ramfunc_start = .
 *(SORT_BY_ALIGNMENT(.ramfunc))
 *(SORT_BY_ALIGNMENT(.ramfunc.*))
                0x0000000020000000                . = ALIGN (_region_min_align)
                0x0000000020000000                . = ALIGN ((0x1 << LOG2CEIL (__ramfunc_size)))
                0x0000000020000000                __ramfunc_end = .
                0x0000000000000000                __ramfunc_size = (__ramfunc_end - __ramfunc_start)
                0x0000000008004250                __ramfunc_load_start = LOADADDR (.ramfunc)

datas           0x0000000020000000       0x50 load address 0x0000000008004250
                0x0000000020000000                __data_region_start = .
                0x0000000020000000                __data_start = .
 *(SORT_BY_ALIGNMENT(.data))
 *(SORT_BY_ALIGNMENT(.data.*))
 .data.uart_cfg
                0x0000000020000000        0x8 app/libapp.a(main.c.obj)
                0x0000000020000000                uart_cfg
 .data.uart_dev
                0x0000000020000008        0x4 app/libapp.a(main.c.obj)
                0x0000000020000008                uart_dev
 .data._char_out
                0x000000002000000c        0x4 zephyr/libzephyr.a(printk.c.obj)
 .data.__stdout
                0x0000000020000010       0x10 zephyr/lib/libc/picolibc/liblib__libc__picolibc.a(stdio.c.obj)
 .data.uart_stm32_data_0
                0x0000000020000020        0x8 zephyr/drivers/serial/libdrivers__serial.a(uart_stm32.c.obj)
 .data.uart_cfg_0
                0x0000000020000028        0x8 zephyr/drivers/serial/libdrivers__serial.a(uart_stm32.c.obj)
 .data.SystemCoreClock
                0x0000000020000030        0x4 modules/hal_stm32/stm32cube/lib..__modules__hal__stm32__stm32cube.a(system_stm32l1xx.c.obj)
                0x0000000020000030                SystemCoreClock
 .data.slice_ticks
                0x0000000020000034        0x4 zephyr/kernel/libkernel.a(timeslicing.c.obj)
 .data.timeout_list
                0x0000000020000038        0x8 zephyr/kernel/libkernel.a(timeout.c.obj)
 .data.exti_irq_table
                0x0000000020000040       0x10 zephyr/drivers/interrupt_controller/libdrivers__interrupt_controller.a(intc_gpio_stm32.c.obj)
 *(SORT_BY_ALIGNMENT(.kernel.*))
                0x0000000020000050                __data_end = .
                0x0000000000000050                __data_size = (__data_end - __data_start)
                0x0000000008004250                __data_load_start = LOADADDR (datas)
                0x0000000008004250                __data_region_load_start = LOADADDR (datas)

device_states   0x0000000020000050       0x14 load address 0x00000000080042a0
                0x0000000020000050                . = ALIGN (0x4)
                0x0000000020000050                __device_states_start = .
 *(SORT_BY_ALIGNMENT(.z_devstate))
 .z_devstate    0x0000000020000050        0x2 zephyr/drivers/interrupt_controller/libdrivers__interrupt_controller.a(intc_exti_stm32.c.obj)
 .z_devstate    0x0000000020000052        0x2 zephyr/drivers/clock_control/libdrivers__clock_control.a(clock_stm32_ll_common.c.obj)
 .z_devstate    0x0000000020000054        0xc zephyr/drivers/gpio/libdrivers__gpio.a(gpio_stm32.c.obj)
 .z_devstate    0x0000000020000060        0x2 zephyr/drivers/reset/libdrivers__reset.a(reset_stm32.c.obj)
 .z_devstate    0x0000000020000062        0x2 zephyr/drivers/serial/libdrivers__serial.a(uart_stm32.c.obj)
 *(SORT_BY_ALIGNMENT(.z_devstate.*))
                0x0000000020000064                __device_states_end = .
                0x0000000020000064                . = ALIGN (0x4)

log_mpsc_pbuf_area
                0x0000000020000064        0x0 load address 0x00000000080042b4
                0x0000000020000064                _log_mpsc_pbuf_list_start = .
 *(SORT_BY_NAME(SORT_BY_ALIGNMENT(._log_mpsc_pbuf.static.*)))
                0x0000000020000064                _log_mpsc_pbuf_list_end = .

log_msg_ptr_area
                0x0000000020000064        0x0 load address 0x00000000080042b4
                0x0000000020000064                _log_msg_ptr_list_start = .
 *(SORT_BY_NAME(SORT_BY_ALIGNMENT(._log_msg_ptr.static.*)))
                0x0000000020000064                _log_msg_ptr_list_end = .

log_dynamic_area
                0x0000000020000064        0x0 load address 0x00000000080042b4
                0x0000000020000064                _log_dynamic_list_start = .
 *(SORT_BY_NAME(SORT_BY_ALIGNMENT(._log_dynamic.static.*)))
                0x0000000020000064                _log_dynamic_list_end = .

k_timer_area    0x0000000020000064        0x0 load address 0x00000000080042b4
                0x0000000020000064                _k_timer_list_start = .
 *(SORT_BY_NAME(SORT_BY_ALIGNMENT(._k_timer.static.*)))
                0x0000000020000064                _k_timer_list_end = .

k_mem_slab_area
                0x0000000020000064        0x0 load address 0x00000000080042b4
                0x0000000020000064                _k_mem_slab_list_start = .
 *(SORT_BY_NAME(SORT_BY_ALIGNMENT(._k_mem_slab.static.*)))
                0x0000000020000064                _k_mem_slab_list_end = .

k_heap_area     0x0000000020000064        0x0 load address 0x00000000080042b4
                0x0000000020000064                _k_heap_list_start = .
 *(SORT_BY_NAME(SORT_BY_ALIGNMENT(._k_heap.static.*)))
                0x0000000020000064                _k_heap_list_end = .

k_mutex_area    0x0000000020000064        0x0 load address 0x00000000080042b4